Archive member included to satisfy reference by file (symbol)

.\CortexM3\ARM_GCC_541\Debug\AnalogIR.a(ADC_SAR_Seq_1.o)
                              .\CortexM3\ARM_GCC_541\Debug\main.o (ADC_SAR_Seq_1_Start)
.\CortexM3\ARM_GCC_541\Debug\AnalogIR.a(ADC_SAR_Seq_1_INT.o)
                              .\CortexM3\ARM_GCC_541\Debug\AnalogIR.a(ADC_SAR_Seq_1.o) (ADC_SAR_Seq_1_ISR)
.\CortexM3\ARM_GCC_541\Debug\AnalogIR.a(ADC_SAR_Seq_1_SAR.o)
                              .\CortexM3\ARM_GCC_541\Debug\AnalogIR.a(ADC_SAR_Seq_1.o) (ADC_SAR_Seq_1_SAR_shift)
.\CortexM3\ARM_GCC_541\Debug\AnalogIR.a(ADC_SAR_Seq_1_TempBuf_dma.o)
                              .\CortexM3\ARM_GCC_541\Debug\AnalogIR.a(ADC_SAR_Seq_1.o) (ADC_SAR_Seq_1_TempBuf_DmaInitialize)
.\CortexM3\ARM_GCC_541\Debug\AnalogIR.a(ADC_SAR_Seq_1_FinalBuf_dma.o)
                              .\CortexM3\ARM_GCC_541\Debug\AnalogIR.a(ADC_SAR_Seq_1.o) (ADC_SAR_Seq_1_FinalBuf_DmaInitialize)
.\CortexM3\ARM_GCC_541\Debug\AnalogIR.a(ADC_SAR_Seq_1_IRQ.o)
                              .\CortexM3\ARM_GCC_541\Debug\AnalogIR.a(ADC_SAR_Seq_1.o) (ADC_SAR_Seq_1_IRQ_SetVector)
.\CortexM3\ARM_GCC_541\Debug\AnalogIR.a(CyDmac.o)
                              .\CortexM3\ARM_GCC_541\Debug\Cm3Start.o (CyDmacConfigure)
.\CortexM3\ARM_GCC_541\Debug\AnalogIR.a(CyLib.o)
                              .\CortexM3\ARM_GCC_541\Debug\Cm3Start.o (CyHalt)
.\CortexM3\ARM_GCC_541\Debug\AnalogIR.a(cyPm.o)
                              .\CortexM3\ARM_GCC_541\Debug\AnalogIR.a(CyLib.o) (CyPmReadStatus)
.\CortexM3\ARM_GCC_541\Debug\AnalogIR.a(I2C.o)
                              .\CortexM3\ARM_GCC_541\Debug\main.o (I2C_Start)
.\CortexM3\ARM_GCC_541\Debug\AnalogIR.a(I2C_INT.o)
                              .\CortexM3\ARM_GCC_541\Debug\AnalogIR.a(I2C.o) (I2C_ISR)
.\CortexM3\ARM_GCC_541\Debug\AnalogIR.a(I2C_PM.o)
                              .\CortexM3\ARM_GCC_541\Debug\AnalogIR.a(I2C.o) (I2C_backup)
.\CortexM3\ARM_GCC_541\Debug\AnalogIR.a(I2C_MASTER.o)
                              .\CortexM3\ARM_GCC_541\Debug\AnalogIR.a(I2C.o) (I2C_mstrStatus)
.\CortexM3\ARM_GCC_541\Debug\AnalogIR.a(isr_ADC_1.o)
                              .\CortexM3\ARM_GCC_541\Debug\main.o (isr_ADC_1_Enable)
.\CortexM3\ARM_GCC_541\Debug\AnalogIR.a(PWM_1.o)
                              .\CortexM3\ARM_GCC_541\Debug\main.o (PWM_1_Enable)
.\CortexM3\ARM_GCC_541\Debug\AnalogIR.a(Pin_Motor_2.o)
                              .\CortexM3\ARM_GCC_541\Debug\main.o (Pin_Motor_2_Write)
.\CortexM3\ARM_GCC_541\Debug\AnalogIR.a(Pin_Motor_1.o)
                              .\CortexM3\ARM_GCC_541\Debug\main.o (Pin_Motor_1_Write)
.\CortexM3\ARM_GCC_541\Debug\AnalogIR.a(Pin_Led_1.o)
                              .\CortexM3\ARM_GCC_541\Debug\main.o (Pin_Led_1_Write)
.\CortexM3\ARM_GCC_541\Debug\AnalogIR.a(Pin_Led_2.o)
                              .\CortexM3\ARM_GCC_541\Debug\main.o (Pin_Led_2_Write)
.\CortexM3\ARM_GCC_541\Debug\AnalogIR.a(Pin_Led_3.o)
                              .\CortexM3\ARM_GCC_541\Debug\main.o (Pin_Led_3_Write)
.\CortexM3\ARM_GCC_541\Debug\AnalogIR.a(isr_btn_2.o)
                              .\CortexM3\ARM_GCC_541\Debug\main.o (isr_btn_2_StartEx)
.\CortexM3\ARM_GCC_541\Debug\AnalogIR.a(isr_btn_1.o)
                              .\CortexM3\ARM_GCC_541\Debug\main.o (isr_btn_1_StartEx)
.\CortexM3\ARM_GCC_541\Debug\AnalogIR.a(isr_btn_3.o)
                              .\CortexM3\ARM_GCC_541\Debug\main.o (isr_btn_3_StartEx)
.\CortexM3\ARM_GCC_541\Debug\AnalogIR.a(isr_btn_3_Pressed.o)
                              .\CortexM3\ARM_GCC_541\Debug\main.o (isr_btn_3_Pressed_StartEx)
.\CortexM3\ARM_GCC_541\Debug\AnalogIR.a(Pin_Led_5.o)
                              .\CortexM3\ARM_GCC_541\Debug\main.o (Pin_Led_5_Write)
.\CortexM3\ARM_GCC_541\Debug\AnalogIR.a(Pin_Led_4.o)
                              .\CortexM3\ARM_GCC_541\Debug\main.o (Pin_Led_4_Write)
.\CortexM3\ARM_GCC_541\Debug\AnalogIR.a(Status_Reg_UltraSoon_1.o)
                              .\CortexM3\ARM_GCC_541\Debug\main.o (Status_Reg_UltraSoon_1_Read)
.\CortexM3\ARM_GCC_541\Debug\AnalogIR.a(Status_Reg_UltraSoon_2.o)
                              .\CortexM3\ARM_GCC_541\Debug\main.o (Status_Reg_UltraSoon_2_Read)
.\CortexM3\ARM_GCC_541\Debug\AnalogIR.a(isr_UltraSoon.o)
                              .\CortexM3\ARM_GCC_541\Debug\main.o (isr_UltraSoon_Enable)
.\CortexM3\ARM_GCC_541\Debug\AnalogIR.a(isr_UltraSoon_ToClose.o)
                              .\CortexM3\ARM_GCC_541\Debug\main.o (isr_UltraSoon_ToClose_StartEx)
.\CortexM3\ARM_GCC_541\Debug\AnalogIR.a(CyBootAsmGnu.o)
                              .\CortexM3\ARM_GCC_541\Debug\cyfitter_cfg.o (CyDelayCycles)
.\CortexM3\ARM_GCC_541\Debug\AnalogIR.a(CyFlash.o)
                              .\CortexM3\ARM_GCC_541\Debug\AnalogIR.a(cyPm.o) (CyFlash_SetWaitCycles)
.\CortexM3\ARM_GCC_541\Debug\AnalogIR.a(CySpc.o)
                              .\CortexM3\ARM_GCC_541\Debug\AnalogIR.a(CyFlash.o) (CySpcStart)
[...]
Memory Configuration

Name             Origin             Length             Attributes
rom              0x00000000         0x00040000         xr
ram              0x1fff8000         0x00010000         xrw
*default*        0x00000000         0xffffffff

Linker script and memory map

LOAD c:/program files (x86)/cypress/psoc creator/4.2/psoc creator/import/gnu/arm/5.4.1/bin/../lib/gcc/arm-none-eabi/5.4.1/armv7-m/crti.o
LOAD c:/program files (x86)/cypress/psoc creator/4.2/psoc creator/import/gnu/arm/5.4.1/bin/../lib/gcc/arm-none-eabi/5.4.1/armv7-m/crtbegin.o
LOAD c:/program files (x86)/cypress/psoc creator/4.2/psoc creator/import/gnu/arm/5.4.1/bin/../lib/gcc/arm-none-eabi/5.4.1/../../../../arm-none-eabi/lib/armv7-m/crt0.o
START GROUP
LOAD .\CortexM3\ARM_GCC_541\Debug\main.o
LOAD .\CortexM3\ARM_GCC_541\Debug\LiquidCrystal_I2C.o
LOAD .\CortexM3\ARM_GCC_541\Debug\Driving.o
LOAD .\CortexM3\ARM_GCC_541\Debug\cyfitter_cfg.o
LOAD .\CortexM3\ARM_GCC_541\Debug\cymetadata.o
LOAD .\CortexM3\ARM_GCC_541\Debug\Cm3Start.o
LOAD .\CortexM3\ARM_GCC_541\Debug\AnalogIR.a
LOAD C:\Program Files (x86)\Cypress\PSoC Creator\4.2\PSoC Creator\psoc\content\cycomponentlibrary\CyComponentLibrary.cylib\CortexM3\ARM_GCC_541\Debug\CyComponentLibrary.a
END GROUP
START GROUP
LOAD c:/program files (x86)/cypress/psoc creator/4.2/psoc creator/import/gnu/arm/5.4.1/bin/../lib/gcc/arm-none-eabi/5.4.1/armv7-m\libgcc.a
LOAD c:/program files (x86)/cypress/psoc creator/4.2/psoc creator/import/gnu/arm/5.4.1/bin/../lib/gcc/arm-none-eabi/5.4.1/../../../../arm-none-eabi/lib/armv7-m\libg_nano.a
LOAD c:/program files (x86)/cypress/psoc creator/4.2/psoc creator/import/gnu/arm/5.4.1/bin/../lib/gcc/arm-none-eabi/5.4.1/../../../../arm-none-eabi/lib/armv7-m\libc_nano.a
END GROUP
START GROUP
LOAD c:/program files (x86)/cypress/psoc creator/4.2/psoc creator/import/gnu/arm/5.4.1/bin/../lib/gcc/arm-none-eabi/5.4.1/armv7-m\libgcc.a
LOAD c:/program files (x86)/cypress/psoc creator/4.2/psoc creator/import/gnu/arm/5.4.1/bin/../lib/gcc/arm-none-eabi/5.4.1/../../../../arm-none-eabi/lib/armv7-m\libc_nano.a
END GROUP
LOAD c:/program files (x86)/cypress/psoc creator/4.2/psoc creator/import/gnu/arm/5.4.1/bin/../lib/gcc/arm-none-eabi/5.4.1/armv7-m/crtend.o
LOAD c:/program files (x86)/cypress/psoc creator/4.2/psoc creator/import/gnu/arm/5.4.1/bin/../lib/gcc/arm-none-eabi/5.4.1/armv7-m/crtn.o
START GROUP
LOAD c:/program files (x86)/cypress/psoc creator/4.2/psoc creator/import/gnu/arm/5.4.1/bin/../lib/gcc/arm-none-eabi/5.4.1/armv7-m\libgcc.a
LOAD c:/program files (x86)/cypress/psoc creator/4.2/psoc creator/import/gnu/arm/5.4.1/bin/../lib/gcc/arm-none-eabi/5.4.1/../../../../arm-none-eabi/lib/armv7-m\libc.a
LOAD c:/program files (x86)/cypress/psoc creator/4.2/psoc creator/import/gnu/arm/5.4.1/bin/../lib/gcc/arm-none-eabi/5.4.1/../../../../arm-none-eabi/lib/armv7-m\libnosys.a
END GROUP
                0x00000000                CY_APPL_ORIGIN = 0x0
                0x00000100                CY_FLASH_ROW_SIZE = 0x100
                0x00000020                CY_ECC_ROW_SIZE = 0x20
                0x00000000                CY_EE_IN_BTLDR = 0x0
                0x00000000                CY_APPL_LOADABLE = 0x0
                0x00000800                CY_EE_SIZE = 0x800
                0x00000001                CY_APPL_NUM = 0x1
                0x00000001                CY_APPL_MAX = 0x1
                0x00000040                CY_METADATA_SIZE = 0x40
                0x00000000                CY_APPL_LOADABLE = 0x0
                0x00000000                CY_CHECKSUM_EXCLUDE_SIZE = ALIGN (0x0, CY_FLASH_ROW_SIZE)
                [!provide]                PROVIDE (__cy_heap_start, _end)
                0x00000001                PROVIDE (__cy_region_num, ((__cy_regions_end - __cy_regions) / 0x10))
                0x20008000                PROVIDE (__cy_stack, (ORIGIN (ram) + LENGTH (ram)))
                [!provide]                PROVIDE (__cy_heap_end, (__cy_stack - 0x800))

.cybootloader   0x00000000        0x0
 *(.cybootloader)
                0x00000000                appl1_start = CY_APPL_ORIGIN?CY_APPL_ORIGIN:ALIGN (CY_FLASH_ROW_SIZE)
                0x0001ff00                appl2_start = (appl1_start + ALIGN ((((LENGTH (rom) - appl1_start) - (0x2 * CY_FLASH_ROW_SIZE)) / 0x2), CY_FLASH_ROW_SIZE))
                0x00000000                appl_start = (CY_APPL_NUM == 0x1)?appl1_start:appl2_start
                0x00000000                ecc_offset = ((appl_start / CY_FLASH_ROW_SIZE) * CY_ECC_ROW_SIZE)
                0x00000000                ee_offset = (CY_APPL_LOADABLE && ! (CY_EE_IN_BTLDR))?((CY_EE_SIZE / CY_APPL_MAX) * (CY_APPL_NUM - 0x1)):0x0
                0x00000800                ee_size = (CY_APPL_LOADABLE && ! (CY_EE_IN_BTLDR))?(CY_EE_SIZE / CY_APPL_MAX):CY_EE_SIZE
                [!provide]                PROVIDE (CY_ECC_OFFSET, ecc_offset)

.text           0x00000000     0x1a08
 CREATE_OBJECT_SYMBOLS
                0x00000000                PROVIDE (__cy_interrupt_vector, RomVectors)
 *(.romvectors)
 .romvectors    0x00000000       0x10 .\CortexM3\ARM_GCC_541\Debug\Cm3Start.o
                0x00000000                RomVectors
                0x00000001                ASSERT ((. != __cy_interrupt_vector), No interrupt vector)
                0x00000001                ASSERT (CY_APPL_ORIGIN?(SIZEOF (.cybootloader) <= CY_APPL_ORIGIN):0x1, Wrong image location)
                0x00000010                PROVIDE (__cy_reset, Reset)
 *(.text.Reset)
 .text.Reset    0x00000010       0x18 .\CortexM3\ARM_GCC_541\Debug\Cm3Start.o
                0x00000010                Reset
                0x00000001                ASSERT ((. != __cy_reset), No reset code)
 *(.dma_init)
                0x00000001                ASSERT ((((appl_start + .) <= 0x10000) || 0x1), DMA Init must be within the first 64k of flash)
 *(.text .text.* .gnu.linkonce.t.*)
 .text          0x00000028       0x5c c:/program files (x86)/cypress/psoc creator/4.2/psoc creator/import/gnu/arm/5.4.1/bin/../lib/gcc/arm-none-eabi/5.4.1/armv7-m/crtbegin.o
 .text.isr_ADC_1_Main
                0x00000084       0x28 .\CortexM3\ARM_GCC_541\Debug\main.o
                0x00000084                isr_ADC_1_Main
 .text.isr_UltraSoon_Main
                0x000000ac       0x28 .\CortexM3\ARM_GCC_541\Debug\main.o
                0x000000ac                isr_UltraSoon_Main
 .text.isr_UltraSoon_ToClose_Main
                0x000000d4       0x18 .\CortexM3\ARM_GCC_541\Debug\main.o
                0x000000d4                isr_UltraSoon_ToClose_Main
 .text.isr_btn_1_Main
                0x000000ec        0x8 .\CortexM3\ARM_GCC_541\Debug\main.o
                0x000000ec                isr_btn_1_Main
 .text.isr_btn_2_Main
                0x000000f4        0x8 .\CortexM3\ARM_GCC_541\Debug\main.o
                0x000000f4                isr_btn_2_Main
 .text.isr_btn_3_Pressed_Main
                0x000000fc       0x28 .\CortexM3\ARM_GCC_541\Debug\main.o
                0x000000fc                isr_btn_3_Pressed_Main
 .text.isr_btn_3_Main
                0x00000124       0x60 .\CortexM3\ARM_GCC_541\Debug\main.o
                0x00000124                isr_btn_3_Main
 .text.main     0x00000184      0x160 .\CortexM3\ARM_GCC_541\Debug\main.o
                0x00000184                main
 .text.LiquidCrystal_I2C_init
                0x000002e4       0x30 .\CortexM3\ARM_GCC_541\Debug\LiquidCrystal_I2C.o
                0x000002e4                LiquidCrystal_I2C_init
 .text.I2C_M_write_byte
                0x00000314       0x18 .\CortexM3\ARM_GCC_541\Debug\LiquidCrystal_I2C.o
                0x00000314                I2C_M_write_byte
 .text.expanderWrite
                0x0000032c       0x1c .\CortexM3\ARM_GCC_541\Debug\LiquidCrystal_I2C.o
                0x0000032c                expanderWrite
 .text.pulseEnable
                0x00000348       0x24 .\CortexM3\ARM_GCC_541\Debug\LiquidCrystal_I2C.o
                0x00000348                pulseEnable
 .text.write4bits
                0x0000036c       0x10 .\CortexM3\ARM_GCC_541\Debug\LiquidCrystal_I2C.o
                0x0000036c                write4bits
 .text.send     0x0000037c       0x20 .\CortexM3\ARM_GCC_541\Debug\LiquidCrystal_I2C.o
                0x0000037c                send
 .text.command  0x0000039c        0xc .\CortexM3\ARM_GCC_541\Debug\LiquidCrystal_I2C.o
                0x0000039c                command
 .text.clear    0x000003a8       0x10 .\CortexM3\ARM_GCC_541\Debug\LiquidCrystal_I2C.o
                0x000003a8                clear
 .text.home     0x000003b8       0x10 .\CortexM3\ARM_GCC_541\Debug\LiquidCrystal_I2C.o
                0x000003b8                home
 .text.setCursor
                0x000003c8       0x44 .\CortexM3\ARM_GCC_541\Debug\LiquidCrystal_I2C.o
                0x000003c8                setCursor
 .text.display  0x0000040c       0x1c .\CortexM3\ARM_GCC_541\Debug\LiquidCrystal_I2C.o
                0x0000040c                display
 .text.write    0x00000428        0xc .\CortexM3\ARM_GCC_541\Debug\LiquidCrystal_I2C.o
                0x00000428                write
 .text.LCD_print
                0x00000434       0x20 .\CortexM3\ARM_GCC_541\Debug\LiquidCrystal_I2C.o
                0x00000434                LCD_print
 .text.LCD_print_num
                0x00000454       0x18 .\CortexM3\ARM_GCC_541\Debug\LiquidCrystal_I2C.o
                0x00000454                LCD_print_num
 .text.begin    0x0000046c       0xb4 .\CortexM3\ARM_GCC_541\Debug\LiquidCrystal_I2C.o
                0x0000046c                begin
 .text.Straight
                0x00000520       0x1c .\CortexM3\ARM_GCC_541\Debug\Driving.o
                0x00000520                Straight
 .text.Backwards
                0x0000053c       0x1c .\CortexM3\ARM_GCC_541\Debug\Driving.o
                0x0000053c                Backwards
 .text.HardTurn
                0x00000558       0x38 .\CortexM3\ARM_GCC_541\Debug\Driving.o
                0x00000558                HardTurn
 .text.Turn     0x00000590       0x3c .\CortexM3\ARM_GCC_541\Debug\Driving.o
                0x00000590                Turn
 .text.DriveBetter
                0x000005cc       0xa0 .\CortexM3\ARM_GCC_541\Debug\Driving.o
                0x000005cc                DriveBetter
 .text.CyClockStartupError
                0x0000066c        0x4 .\CortexM3\ARM_GCC_541\Debug\cyfitter_cfg.o
 .text.cfg_write_bytes32
                0x00000670       0x34 .\CortexM3\ARM_GCC_541\Debug\cyfitter_cfg.o
 .text.CYMEMZERO
                0x000006a4        0xc .\CortexM3\ARM_GCC_541\Debug\cyfitter_cfg.o
 .text.ClockSetup
                0x000006b0       0xf4 .\CortexM3\ARM_GCC_541\Debug\cyfitter_cfg.o
 .text.AnalogSetDefault
                0x000007a4       0x7c .\CortexM3\ARM_GCC_541\Debug\cyfitter_cfg.o
 .text.CYCONFIGCPY
                0x00000820        0x8 .\CortexM3\ARM_GCC_541\Debug\cyfitter_cfg.o
 .text.cyfitter_cfg
                0x00000828      0x164 .\CortexM3\ARM_GCC_541\Debug\cyfitter_cfg.o
                0x00000828                cyfitter_cfg
 .text.IntDefaultHandler
                0x0000098c       0x10 .\CortexM3\ARM_GCC_541\Debug\Cm3Start.o
                0x0000098c                IntDefaultHandler
 .text.Start_c  0x0000099c       0x4c .\CortexM3\ARM_GCC_541\Debug\Cm3Start.o
                0x0000099c                Start_c
 .text.initialize_psoc
                0x000009e8       0x6c .\CortexM3\ARM_GCC_541\Debug\Cm3Start.o
                0x000009e8                initialize_psoc
 .text.ADC_SAR_Seq_1_Init
                0x00000a54       0x3c .\CortexM3\ARM_GCC_541\Debug\AnalogIR.a(ADC_SAR_Seq_1.o)
                0x00000a54                ADC_SAR_Seq_1_Init
 .text.ADC_SAR_Seq_1_Enable
                0x00000a90       0xcc .\CortexM3\ARM_GCC_541\Debug\AnalogIR.a(ADC_SAR_Seq_1.o)
                0x00000a90                ADC_SAR_Seq_1_Enable
 .text.ADC_SAR_Seq_1_Start
                0x00000b5c       0x28 .\CortexM3\ARM_GCC_541\Debug\AnalogIR.a(ADC_SAR_Seq_1.o)
                0x00000b5c                ADC_SAR_Seq_1_Start
 .text.ADC_SAR_Seq_1_StartConvert
                0x00000b84        0x8 .\CortexM3\ARM_GCC_541\Debug\AnalogIR.a(ADC_SAR_Seq_1.o)
                0x00000b84                ADC_SAR_Seq_1_StartConvert
 .text.ADC_SAR_Seq_1_GetResult16
                0x00000b8c       0x1c .\CortexM3\ARM_GCC_541\Debug\AnalogIR.a(ADC_SAR_Seq_1.o)
                0x00000b8c                ADC_SAR_Seq_1_GetResult16
 .text.ADC_SAR_Seq_1_ISR
                0x00000ba8        0x4 .\CortexM3\ARM_GCC_541\Debug\AnalogIR.a(ADC_SAR_Seq_1_INT.o)
                0x00000ba8                ADC_SAR_Seq_1_ISR
 .text.ADC_SAR_Seq_1_SAR_CalcGain
                0x00000bac       0x64 .\CortexM3\ARM_GCC_541\Debug\AnalogIR.a(ADC_SAR_Seq_1_SAR.o)
 .text.ADC_SAR_Seq_1_SAR_Enable
                0x00000c10       0x78 .\CortexM3\ARM_GCC_541\Debug\AnalogIR.a(ADC_SAR_Seq_1_SAR.o)
                0x00000c10                ADC_SAR_Seq_1_SAR_Enable
 .text.ADC_SAR_Seq_1_SAR_SetResolution
                0x00000c88       0x38 .\CortexM3\ARM_GCC_541\Debug\AnalogIR.a(ADC_SAR_Seq_1_SAR.o)
                0x00000c88                ADC_SAR_Seq_1_SAR_SetResolution
 .text.ADC_SAR_Seq_1_SAR_Init
                0x00000cc0       0x24 .\CortexM3\ARM_GCC_541\Debug\AnalogIR.a(ADC_SAR_Seq_1_SAR.o)
                0x00000cc0                ADC_SAR_Seq_1_SAR_Init
 .text.ADC_SAR_Seq_1_SAR_Start
                0x00000ce4       0x1c .\CortexM3\ARM_GCC_541\Debug\AnalogIR.a(ADC_SAR_Seq_1_SAR.o)
                0x00000ce4                ADC_SAR_Seq_1_SAR_Start
 .text.ADC_SAR_Seq_1_SAR_StartConvert
                0x00000d00       0x10 .\CortexM3\ARM_GCC_541\Debug\AnalogIR.a(ADC_SAR_Seq_1_SAR.o)
                0x00000d00                ADC_SAR_Seq_1_SAR_StartConvert
 .text.ADC_SAR_Seq_1_TempBuf_DmaInitialize
                0x00000d10       0x3c .\CortexM3\ARM_GCC_541\Debug\AnalogIR.a(ADC_SAR_Seq_1_TempBuf_dma.o)
                0x00000d10                ADC_SAR_Seq_1_TempBuf_DmaInitialize
 .text.ADC_SAR_Seq_1_FinalBuf_DmaInitialize
                0x00000d4c       0x3c .\CortexM3\ARM_GCC_541\Debug\AnalogIR.a(ADC_SAR_Seq_1_FinalBuf_dma.o)
                0x00000d4c                ADC_SAR_Seq_1_FinalBuf_DmaInitialize
 .text.ADC_SAR_Seq_1_IRQ_SetVector
                0x00000d88        0xc .\CortexM3\ARM_GCC_541\Debug\AnalogIR.a(ADC_SAR_Seq_1_IRQ.o)
                0x00000d88                ADC_SAR_Seq_1_IRQ_SetVector
 .text.ADC_SAR_Seq_1_IRQ_SetPriority
                0x00000d94       0x10 .\CortexM3\ARM_GCC_541\Debug\AnalogIR.a(ADC_SAR_Seq_1_IRQ.o)
                0x00000d94                ADC_SAR_Seq_1_IRQ_SetPriority
 .text.CyDmacConfigure
                0x00000da4       0x34 .\CortexM3\ARM_GCC_541\Debug\AnalogIR.a(CyDmac.o)
                0x00000da4                CyDmacConfigure
 .text.CyDmaChEnable
                0x00000dd8       0x38 .\CortexM3\ARM_GCC_541\Debug\AnalogIR.a(CyDmac.o)
                0x00000dd8                CyDmaChEnable
 .text.CyDmaClearPendingDrq
                0x00000e10       0x28 .\CortexM3\ARM_GCC_541\Debug\AnalogIR.a(CyDmac.o)
                0x00000e10                CyDmaClearPendingDrq
 .text.CyDmaChPriority
                0x00000e38       0x24 .\CortexM3\ARM_GCC_541\Debug\AnalogIR.a(CyDmac.o)
                0x00000e38                CyDmaChPriority
 .text.CyDmaChSetExtendedAddress
                0x00000e5c       0x34 .\CortexM3\ARM_GCC_541\Debug\AnalogIR.a(CyDmac.o)
                0x00000e5c                CyDmaChSetExtendedAddress
 .text.CyDmaChSetInitialTd
                0x00000e90       0x18 .\CortexM3\ARM_GCC_541\Debug\AnalogIR.a(CyDmac.o)
                0x00000e90                CyDmaChSetInitialTd
 .text.CyDmaChSetConfiguration
                0x00000ea8       0x44 .\CortexM3\ARM_GCC_541\Debug\AnalogIR.a(CyDmac.o)
                0x00000ea8                CyDmaChSetConfiguration
 .text.CyDmaTdAllocate
                0x00000eec       0x34 .\CortexM3\ARM_GCC_541\Debug\AnalogIR.a(CyDmac.o)
                0x00000eec                CyDmaTdAllocate
 .text.CyDmaTdSetConfiguration
                0x00000f20       0x28 .\CortexM3\ARM_GCC_541\Debug\AnalogIR.a(CyDmac.o)
                0x00000f20                CyDmaTdSetConfiguration
 .text.CyDmaTdSetAddress
                0x00000f48       0x1c .\CortexM3\ARM_GCC_541\Debug\AnalogIR.a(CyDmac.o)
                0x00000f48                CyDmaTdSetAddress
 .text.CyHalt   0x00000f64        0x4 .\CortexM3\ARM_GCC_541\Debug\AnalogIR.a(CyLib.o)
                0x00000f64                CyHalt
 .text.CyDelay  0x00000f68       0x2c .\CortexM3\ARM_GCC_541\Debug\AnalogIR.a(CyLib.o)
                0x00000f68                CyDelay
 .text.CyDelayUs
                0x00000f94       0x14 .\CortexM3\ARM_GCC_541\Debug\AnalogIR.a(CyLib.o)
                0x00000f94                CyDelayUs
 .text.CyIntSetVector
                0x00000fa8       0x28 .\CortexM3\ARM_GCC_541\Debug\AnalogIR.a(CyLib.o)
                0x00000fa8                CyIntSetVector
 .text.CyIntSetPriority
                0x00000fd0       0x30 .\CortexM3\ARM_GCC_541\Debug\AnalogIR.a(CyLib.o)
                0x00000fd0                CyIntSetPriority
 .text.I2C_Init
                0x00001000       0x68 .\CortexM3\ARM_GCC_541\Debug\AnalogIR.a(I2C.o)
                0x00001000                I2C_Init
 .text.I2C_Enable
                0x00001068       0x24 .\CortexM3\ARM_GCC_541\Debug\AnalogIR.a(I2C.o)
                0x00001068                I2C_Enable
 .text.I2C_Start
                0x0000108c       0x28 .\CortexM3\ARM_GCC_541\Debug\AnalogIR.a(I2C.o)
                0x0000108c                I2C_Start
 .text.I2C_ISR  0x000010b4      0x2d0 .\CortexM3\ARM_GCC_541\Debug\AnalogIR.a(I2C_INT.o)
                0x000010b4                I2C_ISR
 .text.I2C_MasterSendStart
                0x00001384       0x80 .\CortexM3\ARM_GCC_541\Debug\AnalogIR.a(I2C_MASTER.o)
                0x00001384                I2C_MasterSendStart
 .text.I2C_MasterSendStop
                0x00001404       0x38 .\CortexM3\ARM_GCC_541\Debug\AnalogIR.a(I2C_MASTER.o)
                0x00001404                I2C_MasterSendStop
 .text.I2C_MasterWriteByte
                0x0000143c       0x58 .\CortexM3\ARM_GCC_541\Debug\AnalogIR.a(I2C_MASTER.o)
                0x0000143c                I2C_MasterWriteByte
 .text.isr_ADC_1_SetVector
                0x00001494        0xc .\CortexM3\ARM_GCC_541\Debug\AnalogIR.a(isr_ADC_1.o)
                0x00001494                isr_ADC_1_SetVector
 .text.isr_ADC_1_SetPriority
                0x000014a0       0x10 .\CortexM3\ARM_GCC_541\Debug\AnalogIR.a(isr_ADC_1.o)
                0x000014a0                isr_ADC_1_SetPriority
 .text.isr_ADC_1_Enable
                0x000014b0        0xc .\CortexM3\ARM_GCC_541\Debug\AnalogIR.a(isr_ADC_1.o)
                0x000014b0                isr_ADC_1_Enable
 .text.isr_ADC_1_Disable
                0x000014bc        0xc .\CortexM3\ARM_GCC_541\Debug\AnalogIR.a(isr_ADC_1.o)
                0x000014bc                isr_ADC_1_Disable
 .text.isr_ADC_1_StartEx
                0x000014c8       0x1c .\CortexM3\ARM_GCC_541\Debug\AnalogIR.a(isr_ADC_1.o)
                0x000014c8                isr_ADC_1_StartEx
 .text.isr_ADC_1_ClearPending
                0x000014e4        0xc .\CortexM3\ARM_GCC_541\Debug\AnalogIR.a(isr_ADC_1.o)
                0x000014e4                isr_ADC_1_ClearPending
 .text.PWM_1_Enable
                0x000014f0       0x10 .\CortexM3\ARM_GCC_541\Debug\AnalogIR.a(PWM_1.o)
                0x000014f0                PWM_1_Enable
 .text.PWM_1_Stop
                0x00001500       0x10 .\CortexM3\ARM_GCC_541\Debug\AnalogIR.a(PWM_1.o)
                0x00001500                PWM_1_Stop
 .text.PWM_1_WriteCounter
                0x00001510        0xc .\CortexM3\ARM_GCC_541\Debug\AnalogIR.a(PWM_1.o)
                0x00001510                PWM_1_WriteCounter
 .text.PWM_1_WritePeriod
                0x0000151c        0xc .\CortexM3\ARM_GCC_541\Debug\AnalogIR.a(PWM_1.o)
                0x0000151c                PWM_1_WritePeriod
 .text.PWM_1_WriteCompare1
                0x00001528        0xc .\CortexM3\ARM_GCC_541\Debug\AnalogIR.a(PWM_1.o)
                0x00001528                PWM_1_WriteCompare1
 .text.PWM_1_WriteCompare2
                0x00001534        0xc .\CortexM3\ARM_GCC_541\Debug\AnalogIR.a(PWM_1.o)
                0x00001534                PWM_1_WriteCompare2
 .text.PWM_1_SetInterruptMode
                0x00001540        0xc .\CortexM3\ARM_GCC_541\Debug\AnalogIR.a(PWM_1.o)
                0x00001540                PWM_1_SetInterruptMode
 .text.PWM_1_ReadStatusRegister
                0x0000154c        0xc .\CortexM3\ARM_GCC_541\Debug\AnalogIR.a(PWM_1.o)
                0x0000154c                PWM_1_ReadStatusRegister
 .text.PWM_1_ReadCapture
                0x00001558        0xc .\CortexM3\ARM_GCC_541\Debug\AnalogIR.a(PWM_1.o)
                0x00001558                PWM_1_ReadCapture
 .text.PWM_1_ClearFIFO
                0x00001564       0x14 .\CortexM3\ARM_GCC_541\Debug\AnalogIR.a(PWM_1.o)
                0x00001564                PWM_1_ClearFIFO
 .text.PWM_1_Init
                0x00001578       0x58 .\CortexM3\ARM_GCC_541\Debug\AnalogIR.a(PWM_1.o)
                0x00001578                PWM_1_Init
 .text.PWM_1_Start
                0x000015d0       0x1c .\CortexM3\ARM_GCC_541\Debug\AnalogIR.a(PWM_1.o)
                0x000015d0                PWM_1_Start
 .text.Pin_Motor_2_Write
                0x000015ec       0x18 .\CortexM3\ARM_GCC_541\Debug\AnalogIR.a(Pin_Motor_2.o)
                0x000015ec                Pin_Motor_2_Write
 .text.Pin_Motor_1_Write
                0x00001604       0x18 .\CortexM3\ARM_GCC_541\Debug\AnalogIR.a(Pin_Motor_1.o)
                0x00001604                Pin_Motor_1_Write
 .text.Pin_Led_1_Write
                0x0000161c       0x18 .\CortexM3\ARM_GCC_541\Debug\AnalogIR.a(Pin_Led_1.o)
                0x0000161c                Pin_Led_1_Write
 .text.Pin_Led_2_Write
                0x00001634       0x18 .\CortexM3\ARM_GCC_541\Debug\AnalogIR.a(Pin_Led_2.o)
                0x00001634                Pin_Led_2_Write
 .text.Pin_Led_3_Write
                0x0000164c       0x18 .\CortexM3\ARM_GCC_541\Debug\AnalogIR.a(Pin_Led_3.o)
                0x0000164c                Pin_Led_3_Write
 .text.isr_btn_2_SetVector
                0x00001664        0xc .\CortexM3\ARM_GCC_541\Debug\AnalogIR.a(isr_btn_2.o)
                0x00001664                isr_btn_2_SetVector
 .text.isr_btn_2_SetPriority
                0x00001670       0x10 .\CortexM3\ARM_GCC_541\Debug\AnalogIR.a(isr_btn_2.o)
                0x00001670                isr_btn_2_SetPriority
 .text.isr_btn_2_Enable
                0x00001680        0xc .\CortexM3\ARM_GCC_541\Debug\AnalogIR.a(isr_btn_2.o)
                0x00001680                isr_btn_2_Enable
 .text.isr_btn_2_Disable
                0x0000168c        0xc .\CortexM3\ARM_GCC_541\Debug\AnalogIR.a(isr_btn_2.o)
                0x0000168c                isr_btn_2_Disable
 .text.isr_btn_2_StartEx
                0x00001698       0x1c .\CortexM3\ARM_GCC_541\Debug\AnalogIR.a(isr_btn_2.o)
                0x00001698                isr_btn_2_StartEx
 .text.isr_btn_1_SetVector
                0x000016b4        0xc .\CortexM3\ARM_GCC_541\Debug\AnalogIR.a(isr_btn_1.o)
                0x000016b4                isr_btn_1_SetVector
 .text.isr_btn_1_SetPriority
                0x000016c0       0x10 .\CortexM3\ARM_GCC_541\Debug\AnalogIR.a(isr_btn_1.o)
                0x000016c0                isr_btn_1_SetPriority
 .text.isr_btn_1_Enable
                0x000016d0        0xc .\CortexM3\ARM_GCC_541\Debug\AnalogIR.a(isr_btn_1.o)
                0x000016d0                isr_btn_1_Enable
 .text.isr_btn_1_Disable
                0x000016dc        0xc .\CortexM3\ARM_GCC_541\Debug\AnalogIR.a(isr_btn_1.o)
                0x000016dc                isr_btn_1_Disable
 .text.isr_btn_1_StartEx
                0x000016e8       0x1c .\CortexM3\ARM_GCC_541\Debug\AnalogIR.a(isr_btn_1.o)
                0x000016e8                isr_btn_1_StartEx
 .text.isr_btn_3_SetVector
                0x00001704        0xc .\CortexM3\ARM_GCC_541\Debug\AnalogIR.a(isr_btn_3.o)
                0x00001704                isr_btn_3_SetVector
 .text.isr_btn_3_SetPriority
                0x00001710       0x10 .\CortexM3\ARM_GCC_541\Debug\AnalogIR.a(isr_btn_3.o)
                0x00001710                isr_btn_3_SetPriority
 .text.isr_btn_3_Enable
                0x00001720        0xc .\CortexM3\ARM_GCC_541\Debug\AnalogIR.a(isr_btn_3.o)
                0x00001720                isr_btn_3_Enable
 .text.isr_btn_3_Disable
                0x0000172c        0xc .\CortexM3\ARM_GCC_541\Debug\AnalogIR.a(isr_btn_3.o)
                0x0000172c                isr_btn_3_Disable
 .text.isr_btn_3_StartEx
                0x00001738       0x1c .\CortexM3\ARM_GCC_541\Debug\AnalogIR.a(isr_btn_3.o)
                0x00001738                isr_btn_3_StartEx
 .text.isr_btn_3_ClearPending
                0x00001754        0xc .\CortexM3\ARM_GCC_541\Debug\AnalogIR.a(isr_btn_3.o)
                0x00001754                isr_btn_3_ClearPending
 .text.isr_btn_3_Pressed_SetVector
                0x00001760        0xc .\CortexM3\ARM_GCC_541\Debug\AnalogIR.a(isr_btn_3_Pressed.o)
                0x00001760                isr_btn_3_Pressed_SetVector
 .text.isr_btn_3_Pressed_SetPriority
                0x0000176c       0x10 .\CortexM3\ARM_GCC_541\Debug\AnalogIR.a(isr_btn_3_Pressed.o)
                0x0000176c                isr_btn_3_Pressed_SetPriority
 .text.isr_btn_3_Pressed_Enable
                0x0000177c        0xc .\CortexM3\ARM_GCC_541\Debug\AnalogIR.a(isr_btn_3_Pressed.o)
                0x0000177c                isr_btn_3_Pressed_Enable
 .text.isr_btn_3_Pressed_Disable
                0x00001788        0xc .\CortexM3\ARM_GCC_541\Debug\AnalogIR.a(isr_btn_3_Pressed.o)
                0x00001788                isr_btn_3_Pressed_Disable
 .text.isr_btn_3_Pressed_StartEx
                0x00001794       0x1c .\CortexM3\ARM_GCC_541\Debug\AnalogIR.a(isr_btn_3_Pressed.o)
                0x00001794                isr_btn_3_Pressed_StartEx
 .text.Pin_Led_5_Write
                0x000017b0       0x18 .\CortexM3\ARM_GCC_541\Debug\AnalogIR.a(Pin_Led_5.o)
                0x000017b0                Pin_Led_5_Write
 .text.Pin_Led_4_Write
                0x000017c8       0x18 .\CortexM3\ARM_GCC_541\Debug\AnalogIR.a(Pin_Led_4.o)
                0x000017c8                Pin_Led_4_Write
 .text.Status_Reg_UltraSoon_1_Read
                0x000017e0        0xc .\CortexM3\ARM_GCC_541\Debug\AnalogIR.a(Status_Reg_UltraSoon_1.o)
                0x000017e0                Status_Reg_UltraSoon_1_Read
 .text.Status_Reg_UltraSoon_2_Read
                0x000017ec        0xc .\CortexM3\ARM_GCC_541\Debug\AnalogIR.a(Status_Reg_UltraSoon_2.o)
                0x000017ec                Status_Reg_UltraSoon_2_Read
 .text.isr_UltraSoon_SetVector
                0x000017f8        0xc .\CortexM3\ARM_GCC_541\Debug\AnalogIR.a(isr_UltraSoon.o)
                0x000017f8                isr_UltraSoon_SetVector
 .text.isr_UltraSoon_SetPriority
                0x00001804       0x10 .\CortexM3\ARM_GCC_541\Debug\AnalogIR.a(isr_UltraSoon.o)
                0x00001804                isr_UltraSoon_SetPriority
 .text.isr_UltraSoon_Enable
                0x00001814        0xc .\CortexM3\ARM_GCC_541\Debug\AnalogIR.a(isr_UltraSoon.o)
                0x00001814                isr_UltraSoon_Enable
 .text.isr_UltraSoon_Disable
                0x00001820        0xc .\CortexM3\ARM_GCC_541\Debug\AnalogIR.a(isr_UltraSoon.o)
                0x00001820                isr_UltraSoon_Disable
 .text.isr_UltraSoon_StartEx
                0x0000182c       0x1c .\CortexM3\ARM_GCC_541\Debug\AnalogIR.a(isr_UltraSoon.o)
                0x0000182c                isr_UltraSoon_StartEx
 .text.isr_UltraSoon_ClearPending
                0x00001848        0xc .\CortexM3\ARM_GCC_541\Debug\AnalogIR.a(isr_UltraSoon.o)
                0x00001848                isr_UltraSoon_ClearPending
 .text.isr_UltraSoon_ToClose_SetVector
                0x00001854        0xc .\CortexM3\ARM_GCC_541\Debug\AnalogIR.a(isr_UltraSoon_ToClose.o)
                0x00001854                isr_UltraSoon_ToClose_SetVector
 .text.isr_UltraSoon_ToClose_SetPriority
                0x00001860       0x10 .\CortexM3\ARM_GCC_541\Debug\AnalogIR.a(isr_UltraSoon_ToClose.o)
                0x00001860                isr_UltraSoon_ToClose_SetPriority
 .text.isr_UltraSoon_ToClose_Enable
                0x00001870        0xc .\CortexM3\ARM_GCC_541\Debug\AnalogIR.a(isr_UltraSoon_ToClose.o)
                0x00001870                isr_UltraSoon_ToClose_Enable
 .text.isr_UltraSoon_ToClose_Disable
                0x0000187c        0xc .\CortexM3\ARM_GCC_541\Debug\AnalogIR.a(isr_UltraSoon_ToClose.o)
                0x0000187c                isr_UltraSoon_ToClose_Disable
 .text.isr_UltraSoon_ToClose_StartEx
                0x00001888       0x1c .\CortexM3\ARM_GCC_541\Debug\AnalogIR.a(isr_UltraSoon_ToClose.o)
                0x00001888                isr_UltraSoon_ToClose_StartEx
 .text.isr_UltraSoon_ToClose_ClearPending
                0x000018a4        0xc .\CortexM3\ARM_GCC_541\Debug\AnalogIR.a(isr_UltraSoon_ToClose.o)
                0x000018a4                isr_UltraSoon_ToClose_ClearPending
 .text          0x000018b0       0x20 .\CortexM3\ARM_GCC_541\Debug\AnalogIR.a(CyBootAsmGnu.o)
                0x000018b0                CyDelayCycles
                0x000018c0                CyEnterCriticalSection
                0x000018c8                CyExitCriticalSection
 .text.__errno  0x000018d0        0xc c:/program files (x86)/cypress/psoc creator/4.2/psoc creator/import/gnu/arm/5.4.1/bin/../lib/gcc/arm-none-eabi/5.4.1/../../../../arm-none-eabi/lib/armv7-m\libg_nano.a(lib_a-errno.o)
                0x000018d0                __errno
 .text.__libc_init_array
                0x000018dc       0x4c c:/program files (x86)/cypress/psoc creator/4.2/psoc creator/import/gnu/arm/5.4.1/bin/../lib/gcc/arm-none-eabi/5.4.1/../../../../arm-none-eabi/lib/armv7-m\libg_nano.a(lib_a-init.o)
                0x000018dc                __libc_init_array
 .text.__itoa   0x00001928       0x2e c:/program files (x86)/cypress/psoc creator/4.2/psoc creator/import/gnu/arm/5.4.1/bin/../lib/gcc/arm-none-eabi/5.4.1/../../../../arm-none-eabi/lib/armv7-m\libg_nano.a(lib_a-itoa.o)
                0x00001928                __itoa
 .text.itoa     0x00001956        0x4 c:/program files (x86)/cypress/psoc creator/4.2/psoc creator/import/gnu/arm/5.4.1/bin/../lib/gcc/arm-none-eabi/5.4.1/../../../../arm-none-eabi/lib/armv7-m\libg_nano.a(lib_a-itoa.o)
                0x00001956                itoa
 .text.memcpy   0x0000195a       0x16 c:/program files (x86)/cypress/psoc creator/4.2/psoc creator/import/gnu/arm/5.4.1/bin/../lib/gcc/arm-none-eabi/5.4.1/../../../../arm-none-eabi/lib/armv7-m\libg_nano.a(lib_a-memcpy-stub.o)
                0x0000195a                memcpy
 .text.memset   0x00001970       0x10 c:/program files (x86)/cypress/psoc creator/4.2/psoc creator/import/gnu/arm/5.4.1/bin/../lib/gcc/arm-none-eabi/5.4.1/../../../../arm-none-eabi/lib/armv7-m\libg_nano.a(lib_a-memset.o)
                0x00001970                memset
 .text          0x00001980       0x10 c:/program files (x86)/cypress/psoc creator/4.2/psoc creator/import/gnu/arm/5.4.1/bin/../lib/gcc/arm-none-eabi/5.4.1/../../../../arm-none-eabi/lib/armv7-m\libg_nano.a(lib_a-strlen.o)
                0x00001980                strlen
 .text.__utoa   0x00001990       0x78 c:/program files (x86)/cypress/psoc creator/4.2/psoc creator/import/gnu/arm/5.4.1/bin/../lib/gcc/arm-none-eabi/5.4.1/../../../../arm-none-eabi/lib/armv7-m\libg_nano.a(lib_a-utoa.o)
                0x00001990                __utoa
 *(.plt)
 *(.gnu.warning)
 *(.glue_7t)
 .glue_7t       0x00001a08        0x0 linker stubs
 *(.glue_7)
 .glue_7        0x00001a08        0x0 linker stubs
 *(.vfp11_veneer)
 .vfp11_veneer  0x00001a08        0x0 linker stubs
 *(.bootloader)
 *(.ARM.extab* .gnu.linkonce.armextab.*)
 *(.gcc_except_table)

.v4_bx          0x00001a08        0x0
 .v4_bx         0x00001a08        0x0 linker stubs

.iplt           0x00001a08        0x0
 .iplt          0x00001a08        0x0 c:/program files (x86)/cypress/psoc creator/4.2/psoc creator/import/gnu/arm/5.4.1/bin/../lib/gcc/arm-none-eabi/5.4.1/armv7-m/crtbegin.o

.eh_frame_hdr
 *(.eh_frame_hdr)

.eh_frame       0x00001a08        0x4
 *(.eh_frame)
 .eh_frame      0x00001a08        0x0 c:/program files (x86)/cypress/psoc creator/4.2/psoc creator/import/gnu/arm/5.4.1/bin/../lib/gcc/arm-none-eabi/5.4.1/armv7-m/crtbegin.o
 .eh_frame      0x00001a08        0x4 c:/program files (x86)/cypress/psoc creator/4.2/psoc creator/import/gnu/arm/5.4.1/bin/../lib/gcc/arm-none-eabi/5.4.1/armv7-m/crtend.o
                [!provide]                PROVIDE (__exidx_start, .)

.ARM.exidx
 *(.ARM.exidx* .gnu.linkonce.armexidx.*)
                0x00001a0c                __exidx_end = .

.rodata         0x00001a0c       0xbc
 *(.rodata .rodata.* .gnu.linkonce.r.*)
 .rodata.str1.4
                0x00001a0c       0x10 .\CortexM3\ARM_GCC_541\Debug\main.o
                                  0xf (size before relaxing)
 .rodata        0x00001a1c       0x10 .\CortexM3\ARM_GCC_541\Debug\LiquidCrystal_I2C.o
 .rodata        0x00001a2c       0x40 .\CortexM3\ARM_GCC_541\Debug\cyfitter_cfg.o
 .rodata.str1.1
                0x00001a6c        0x2 c:/program files (x86)/cypress/psoc creator/4.2/psoc creator/import/gnu/arm/5.4.1/bin/../lib/gcc/arm-none-eabi/5.4.1/../../../../arm-none-eabi/lib/armv7-m\libg_nano.a(lib_a-impure.o)
 .rodata.str1.1
                0x00001a6e       0x25 c:/program files (x86)/cypress/psoc creator/4.2/psoc creator/import/gnu/arm/5.4.1/bin/../lib/gcc/arm-none-eabi/5.4.1/../../../../arm-none-eabi/lib/armv7-m\libg_nano.a(lib_a-utoa.o)
                0x00001a94                . = ALIGN (0x4)
 *fill*         0x00001a93        0x1 
 *(.init)
 .init          0x00001a94        0x4 c:/program files (x86)/cypress/psoc creator/4.2/psoc creator/import/gnu/arm/5.4.1/bin/../lib/gcc/arm-none-eabi/5.4.1/armv7-m/crti.o
                0x00001a94                _init
 .init          0x00001a98        0x8 c:/program files (x86)/cypress/psoc creator/4.2/psoc creator/import/gnu/arm/5.4.1/bin/../lib/gcc/arm-none-eabi/5.4.1/armv7-m/crtn.o
                0x00001aa0                . = ALIGN (0x4)
                0x00001aa0                __preinit_array_start = .
 *(.preinit_array)
                0x00001aa0                __preinit_array_end = .
                0x00001aa0                . = ALIGN (0x4)
                0x00001aa0                __init_array_start = .
 *(SORT(.init_array.*))
 *(.init_array)
 .init_array    0x00001aa0        0x4 c:/program files (x86)/cypress/psoc creator/4.2/psoc creator/import/gnu/arm/5.4.1/bin/../lib/gcc/arm-none-eabi/5.4.1/armv7-m/crtbegin.o
 .init_array    0x00001aa4        0x4 .\CortexM3\ARM_GCC_541\Debug\Cm3Start.o
                0x00001aa8                __init_array_end = .
                0x00001aa8                . = ALIGN (0x4)
 *(.fini)
 .fini          0x00001aa8        0x4 c:/program files (x86)/cypress/psoc creator/4.2/psoc creator/import/gnu/arm/5.4.1/bin/../lib/gcc/arm-none-eabi/5.4.1/armv7-m/crti.o
                0x00001aa8                _fini
 .fini          0x00001aac        0x8 c:/program files (x86)/cypress/psoc creator/4.2/psoc creator/import/gnu/arm/5.4.1/bin/../lib/gcc/arm-none-eabi/5.4.1/armv7-m/crtn.o
                0x00001ab4                . = ALIGN (0x4)
                0x00001ab4                __fini_array_start = .
 *(.fini_array)
 .fini_array    0x00001ab4        0x4 c:/program files (x86)/cypress/psoc creator/4.2/psoc creator/import/gnu/arm/5.4.1/bin/../lib/gcc/arm-none-eabi/5.4.1/armv7-m/crtbegin.o
 *(SORT(.fini_array.*))
                0x00001ab8                __fini_array_end = .
                0x00001ab8                . = ALIGN (0x4)
 *crtbegin.o(.ctors)
 *(EXCLUDE_FILE(*crtend.o) .ctors)
 *(SORT(.ctors.*))
 *crtend.o(.ctors)
                0x00001ab8                . = ALIGN (0x4)
 *crtbegin.o(.dtors)
 *(EXCLUDE_FILE(*crtend.o) .dtors)
 *(SORT(.dtors.*))
 *crtend.o(.dtors)
                0x00001ab8                . = ALIGN (0x4)
                0x00001ab8                __cy_regions = .
                0x00001ab8        0x4 LONG 0x1ac8 __cy_region_init_ram
                0x00001abc        0x4 LONG 0x1fff80c8 __cy_region_start_data
                0x00001ac0        0x4 LONG 0x98 __cy_region_init_size_ram
                0x00001ac4        0x4 LONG 0x88 __cy_region_zero_size_ram
                0x00001ac8                __cy_regions_end = .
                0x00001ac8                . = ALIGN (0x8)
                0x00001ac8                _etext = .

.cy_checksum_exclude
                0x00001ac8        0x0
 *(.cy_checksum_exclude)

.ramvectors     0x1fff8000       0xc0
                0x1fff8000                __cy_region_start_ram = .
 *(.ramvectors)
 .ramvectors    0x1fff8000       0xc0 .\CortexM3\ARM_GCC_541\Debug\Cm3Start.o
                0x1fff8000                CyRamVectors

.noinit         0x1fff80c0        0x1
 *(.noinit)
 .noinit        0x1fff80c0        0x1 .\CortexM3\ARM_GCC_541\Debug\AnalogIR.a(CyLib.o)
                0x1fff80c0                CyResetStatus

.data           0x1fff80c8       0x98 load address 0x00001ac8
                0x1fff80c8                __cy_region_start_data = .
 *(.jcr)
 .jcr           0x1fff80c8        0x0 c:/program files (x86)/cypress/psoc creator/4.2/psoc creator/import/gnu/arm/5.4.1/bin/../lib/gcc/arm-none-eabi/5.4.1/armv7-m/crtbegin.o
 .jcr           0x1fff80c8        0x4 c:/program files (x86)/cypress/psoc creator/4.2/psoc creator/import/gnu/arm/5.4.1/bin/../lib/gcc/arm-none-eabi/5.4.1/armv7-m/crtend.o
 *(.got.plt)
 *(.got)
 *(.shdata)
 *(.data .data.* .gnu.linkonce.d.*)
 .data          0x1fff80cc        0x2 .\CortexM3\ARM_GCC_541\Debug\main.o
                0x1fff80cc                rechts
                0x1fff80cd                links
 *fill*         0x1fff80ce        0x2 
 .data          0x1fff80d0        0xb .\CortexM3\ARM_GCC_541\Debug\Driving.o
                0x1fff80d0                motor_Direction_Low
                0x1fff80d4                motor_Direction_High
                0x1fff80d8                motor_Difference
 .data          0x1fff80db        0x2 .\CortexM3\ARM_GCC_541\Debug\AnalogIR.a(ADC_SAR_Seq_1.o)
 .data          0x1fff80dd        0x1 .\CortexM3\ARM_GCC_541\Debug\AnalogIR.a(ADC_SAR_Seq_1_TempBuf_dma.o)
                0x1fff80dd                ADC_SAR_Seq_1_TempBuf_DmaHandle
 .data          0x1fff80de        0x1 .\CortexM3\ARM_GCC_541\Debug\AnalogIR.a(ADC_SAR_Seq_1_FinalBuf_dma.o)
                0x1fff80de                ADC_SAR_Seq_1_FinalBuf_DmaHandle
 *fill*         0x1fff80df        0x1 
 .data          0x1fff80e0        0x8 .\CortexM3\ARM_GCC_541\Debug\AnalogIR.a(CyDmac.o)
 .data          0x1fff80e8       0x10 .\CortexM3\ARM_GCC_541\Debug\AnalogIR.a(CyLib.o)
                0x1fff80e8                cydelay_32k_ms
                0x1fff80ec                cydelay_freq_khz
                0x1fff80f0                cydelay_freq_mhz
                0x1fff80f4                cydelay_freq_hz
 .data.impure_data
                0x1fff80f8       0x60 c:/program files (x86)/cypress/psoc creator/4.2/psoc creator/import/gnu/arm/5.4.1/bin/../lib/gcc/arm-none-eabi/5.4.1/../../../../arm-none-eabi/lib/armv7-m\libg_nano.a(lib_a-impure.o)
 .data._impure_ptr
                0x1fff8158        0x4 c:/program files (x86)/cypress/psoc creator/4.2/psoc creator/import/gnu/arm/5.4.1/bin/../lib/gcc/arm-none-eabi/5.4.1/../../../../arm-none-eabi/lib/armv7-m\libg_nano.a(lib_a-impure.o)
                0x1fff8158                _impure_ptr
                0x1fff8160                . = ALIGN (0x8)
 *fill*         0x1fff815c        0x4 
 *(.ram)
                0x1fff8160                _edata = .

.igot.plt       0x1fff8160        0x0 load address 0x00001b60
 .igot.plt      0x1fff8160        0x0 c:/program files (x86)/cypress/psoc creator/4.2/psoc creator/import/gnu/arm/5.4.1/bin/../lib/gcc/arm-none-eabi/5.4.1/armv7-m/crtbegin.o

.bss            0x1fff8160       0x88 load address 0x00001b60
                0x1fff8160                PROVIDE (__bss_start__, .)
 *(.shbss)
 *(.bss .bss.* .gnu.linkonce.b.*)
 .bss           0x1fff8160       0x1c c:/program files (x86)/cypress/psoc creator/4.2/psoc creator/import/gnu/arm/5.4.1/bin/../lib/gcc/arm-none-eabi/5.4.1/armv7-m/crtbegin.o
 .bss           0x1fff817c        0xc .\CortexM3\ARM_GCC_541\Debug\main.o
                0x1fff817c                distances
 .bss           0x1fff8188       0x18 .\CortexM3\ARM_GCC_541\Debug\AnalogIR.a(ADC_SAR_Seq_1.o)
                0x1fff819c                ADC_SAR_Seq_1_initVar
 .bss           0x1fff81a0        0x1 .\CortexM3\ARM_GCC_541\Debug\AnalogIR.a(ADC_SAR_Seq_1_SAR.o)
                0x1fff81a0                ADC_SAR_Seq_1_SAR_initVar
 .bss           0x1fff81a1        0x1 .\CortexM3\ARM_GCC_541\Debug\AnalogIR.a(I2C.o)
                0x1fff81a1                I2C_initVar
 .bss           0x1fff81a2        0x1 .\CortexM3\ARM_GCC_541\Debug\AnalogIR.a(PWM_1.o)
                0x1fff81a2                PWM_1_initVar
 *(COMMON)
 *fill*         0x1fff81a3        0x1 
 COMMON         0x1fff81a4        0x8 .\CortexM3\ARM_GCC_541\Debug\main.o
                0x1fff81a4                ir
 COMMON         0x1fff81ac        0x8 .\CortexM3\ARM_GCC_541\Debug\LiquidCrystal_I2C.o
                0x1fff81ac                _backlightval
                0x1fff81ad                _addr
                0x1fff81ae                _displaycontrol
                0x1fff81af                _charsize
                0x1fff81b0                _displaymode
                0x1fff81b1                _displayfunction
                0x1fff81b2                _cols
                0x1fff81b3                _rows
 COMMON         0x1fff81b4        0x2 .\CortexM3\ARM_GCC_541\Debug\Driving.o
                0x1fff81b4                holdL
                0x1fff81b5                holdR
 *fill*         0x1fff81b6        0x2 
 COMMON         0x1fff81b8       0x10 .\CortexM3\ARM_GCC_541\Debug\AnalogIR.a(ADC_SAR_Seq_1.o)
                0x1fff81b8                ADC_SAR_Seq_1_finalArray
 COMMON         0x1fff81c8        0xa .\CortexM3\ARM_GCC_541\Debug\AnalogIR.a(ADC_SAR_Seq_1_SAR.o)
                0x1fff81c8                ADC_SAR_Seq_1_SAR_countsPerVolt
                0x1fff81ca                ADC_SAR_Seq_1_SAR_offset
                0x1fff81cc                ADC_SAR_Seq_1_SAR_countsPer10Volt
                0x1fff81d0                ADC_SAR_Seq_1_SAR_shift
 COMMON         0x1fff81d2        0x1 .\CortexM3\ARM_GCC_541\Debug\AnalogIR.a(I2C.o)
                0x1fff81d2                I2C_state
 *fill*         0x1fff81d3        0x1 
 COMMON         0x1fff81d4       0x10 .\CortexM3\ARM_GCC_541\Debug\AnalogIR.a(I2C_MASTER.o)
                0x1fff81d4                I2C_mstrWrBufIndex
                0x1fff81d5                I2C_mstrWrBufSize
                0x1fff81d6                I2C_mstrStatus
                0x1fff81d8                I2C_mstrRdBufPtr
                0x1fff81dc                I2C_mstrControl
                0x1fff81dd                I2C_mstrRdBufSize
                0x1fff81de                I2C_mstrRdBufIndex
                0x1fff81e0                I2C_mstrWrBufPtr
                0x1fff81e8                . = ALIGN (0x8)
 *fill*         0x1fff81e4        0x4 
 *(.ram.b)
                0x1fff81e8                _end = .
                0x1fff81e8                __end = .
                0x1fff81e8                PROVIDE (end, .)
                0x1fff81e8                PROVIDE (__bss_end__, .)
                0x00001ac8                __cy_region_init_ram = LOADADDR (.data)
                0x00000098                __cy_region_init_size_ram = (_edata - ADDR (.data))
                0x00000088                __cy_region_zero_size_ram = (_end - _edata)

.heap           0x1fff81e8       0x80 load address 0x00001b60
                0x1fff81e8                . = _end
                0x1fff8268                . = (. + 0x80)
 *fill*         0x1fff81e8       0x80 
                0x1fff8268                __cy_heap_limit = .

.stack          0x20007800      0x800
                0x20007800                __cy_stack_limit = .
                0x20008000                . = (. + 0x800)
 *fill*         0x20007800      0x800 
                0x00000001                ASSERT ((__cy_stack_limit >= __cy_heap_limit), region RAM overflowed with stack)
                0x00000000                cy_checksum_exclude_size = (CY_APPL_LOADABLE == 0x1)?SIZEOF (.cy_checksum_exclude):0x0
                0x00000001                ASSERT ((cy_checksum_exclude_size <= CY_CHECKSUM_EXCLUDE_SIZE), CY_BOOT: Section .cy_checksum_exclude size exceedes specified limit.)

.cyloadermeta
 *(.cyloadermeta)

.cyloadablemeta
 *(.cyloadablemeta)

.cyconfigecc    0x80000000      0xce4
 *(.cyconfigecc)
 .cyconfigecc   0x80000000      0xce4 .\CortexM3\ARM_GCC_541\Debug\cymetadata.o
                0x80000000                cy_meta_configecc

.cycustnvl      0x90000000        0x4
 *(.cycustnvl)
 .cycustnvl     0x90000000        0x4 .\CortexM3\ARM_GCC_541\Debug\cymetadata.o
                0x90000000                cy_meta_custnvl

.cywolatch      0x90100000        0x4
 *(.cywolatch)
 .cywolatch     0x90100000        0x4 .\CortexM3\ARM_GCC_541\Debug\cymetadata.o
                0x90100000                cy_meta_wonvl

.cyeeprom       0x90200000        0x0
 *(.cyeeprom)
                0x00000001                ASSERT ((. <= ((0x90200000 + ee_offset) + ee_size)), .cyeeprom data will not fit in EEPROM)

.cyflashprotect
                0x90400000      0x100
 *(.cyflashprotect)
 .cyflashprotect
                0x90400000      0x100 .\CortexM3\ARM_GCC_541\Debug\cymetadata.o
                0x90400000                cy_meta_flashprotect

.cymeta         0x90500000        0xc
 *(.cymeta)
 .cymeta        0x90500000        0xc .\CortexM3\ARM_GCC_541\Debug\cymetadata.o
                0x90500000                cy_metadata

.rel.dyn        0x00001b60        0x0 load address 0x9050000c
 .rel.iplt      0x00001b60        0x0 c:/program files (x86)/cypress/psoc creator/4.2/psoc creator/import/gnu/arm/5.4.1/bin/../lib/gcc/arm-none-eabi/5.4.1/armv7-m/crtbegin.o

.stab
 *(.stab)

.stabstr
 *(.stabstr)

.debug
 *(.debug)

.line
 *(.line)

.debug_srcinfo
 *(.debug_srcinfo)

.debug_sfnames
 *(.debug_sfnames)

.debug_aranges  0x00000000     0x1138
 *(.debug_aranges)
 .debug_aranges
                0x00000000       0x58 .\CortexM3\ARM_GCC_541\Debug\main.o
 .debug_aranges
                0x00000058      0x118 .\CortexM3\ARM_GCC_541\Debug\LiquidCrystal_I2C.o
 .debug_aranges
                0x00000170       0x60 .\CortexM3\ARM_GCC_541\Debug\Driving.o
 .debug_aranges
                0x000001d0       0x58 .\CortexM3\ARM_GCC_541\Debug\cyfitter_cfg.o
 .debug_aranges
                0x00000228       0x18 .\CortexM3\ARM_GCC_541\Debug\cymetadata.o
 .debug_aranges
                0x00000240       0x48 .\CortexM3\ARM_GCC_541\Debug\Cm3Start.o
 .debug_aranges
                0x00000288       0xa0 .\CortexM3\ARM_GCC_541\Debug\AnalogIR.a(ADC_SAR_Seq_1.o)
 .debug_aranges
                0x00000328       0x20 .\CortexM3\ARM_GCC_541\Debug\AnalogIR.a(ADC_SAR_Seq_1_INT.o)
 .debug_aranges
                0x00000348       0xa8 .\CortexM3\ARM_GCC_541\Debug\AnalogIR.a(ADC_SAR_Seq_1_SAR.o)
 .debug_aranges
                0x000003f0       0x28 .\CortexM3\ARM_GCC_541\Debug\AnalogIR.a(ADC_SAR_Seq_1_TempBuf_dma.o)
 .debug_aranges
                0x00000418       0x28 .\CortexM3\ARM_GCC_541\Debug\AnalogIR.a(ADC_SAR_Seq_1_FinalBuf_dma.o)
 .debug_aranges
                0x00000440       0x80 .\CortexM3\ARM_GCC_541\Debug\AnalogIR.a(ADC_SAR_Seq_1_IRQ.o)
 .debug_aranges
                0x000004c0       0xd8 .\CortexM3\ARM_GCC_541\Debug\AnalogIR.a(CyDmac.o)
 .debug_aranges
                0x00000598      0x2a0 .\CortexM3\ARM_GCC_541\Debug\AnalogIR.a(CyLib.o)
 .debug_aranges
                0x00000838       0x98 .\CortexM3\ARM_GCC_541\Debug\AnalogIR.a(cyPm.o)
 .debug_aranges
                0x000008d0       0x38 .\CortexM3\ARM_GCC_541\Debug\AnalogIR.a(I2C.o)
 .debug_aranges
                0x00000908       0x20 .\CortexM3\ARM_GCC_541\Debug\AnalogIR.a(I2C_INT.o)
 .debug_aranges
                0x00000928       0x38 .\CortexM3\ARM_GCC_541\Debug\AnalogIR.a(I2C_PM.o)
 .debug_aranges
                0x00000960       0x80 .\CortexM3\ARM_GCC_541\Debug\AnalogIR.a(I2C_MASTER.o)
 .debug_aranges
                0x000009e0       0x80 .\CortexM3\ARM_GCC_541\Debug\AnalogIR.a(isr_ADC_1.o)
 .debug_aranges
                0x00000a60       0xa8 .\CortexM3\ARM_GCC_541\Debug\AnalogIR.a(PWM_1.o)
 .debug_aranges
                0x00000b08       0x38 .\CortexM3\ARM_GCC_541\Debug\AnalogIR.a(Pin_Motor_2.o)
 .debug_aranges
                0x00000b40       0x38 .\CortexM3\ARM_GCC_541\Debug\AnalogIR.a(Pin_Motor_1.o)
 .debug_aranges
                0x00000b78       0x38 .\CortexM3\ARM_GCC_541\Debug\AnalogIR.a(Pin_Led_1.o)
 .debug_aranges
                0x00000bb0       0x38 .\CortexM3\ARM_GCC_541\Debug\AnalogIR.a(Pin_Led_2.o)
 .debug_aranges
                0x00000be8       0x38 .\CortexM3\ARM_GCC_541\Debug\AnalogIR.a(Pin_Led_3.o)
 .debug_aranges
                0x00000c20       0x80 .\CortexM3\ARM_GCC_541\Debug\AnalogIR.a(isr_btn_2.o)
 .debug_aranges
                0x00000ca0       0x80 .\CortexM3\ARM_GCC_541\Debug\AnalogIR.a(isr_btn_1.o)
 .debug_aranges
                0x00000d20       0x80 .\CortexM3\ARM_GCC_541\Debug\AnalogIR.a(isr_btn_3.o)
 .debug_aranges
                0x00000da0       0x80 .\CortexM3\ARM_GCC_541\Debug\AnalogIR.a(isr_btn_3_Pressed.o)
 .debug_aranges
                0x00000e20       0x38 .\CortexM3\ARM_GCC_541\Debug\AnalogIR.a(Pin_Led_5.o)
 .debug_aranges
                0x00000e58       0x38 .\CortexM3\ARM_GCC_541\Debug\AnalogIR.a(Pin_Led_4.o)
 .debug_aranges
                0x00000e90       0x40 .\CortexM3\ARM_GCC_541\Debug\AnalogIR.a(Status_Reg_UltraSoon_1.o)
 .debug_aranges
                0x00000ed0       0x40 .\CortexM3\ARM_GCC_541\Debug\AnalogIR.a(Status_Reg_UltraSoon_2.o)
 .debug_aranges
                0x00000f10       0x80 .\CortexM3\ARM_GCC_541\Debug\AnalogIR.a(isr_UltraSoon.o)
 .debug_aranges
                0x00000f90       0x80 .\CortexM3\ARM_GCC_541\Debug\AnalogIR.a(isr_UltraSoon_ToClose.o)
 .debug_aranges
                0x00001010       0x20 .\CortexM3\ARM_GCC_541\Debug\AnalogIR.a(CyBootAsmGnu.o)
 .debug_aranges
                0x00001030       0x88 .\CortexM3\ARM_GCC_541\Debug\AnalogIR.a(CyFlash.o)
 .debug_aranges
                0x000010b8       0x80 .\CortexM3\ARM_GCC_541\Debug\AnalogIR.a(CySpc.o)

.debug_pubnames
 *(.debug_pubnames)

.debug_info     0x00000000     0x9735
 *(.debug_info .gnu.linkonce.wi.*)
 .debug_info    0x00000000      0x899 .\CortexM3\ARM_GCC_541\Debug\main.o
 .debug_info    0x00000899      0xa6e .\CortexM3\ARM_GCC_541\Debug\LiquidCrystal_I2C.o
 .debug_info    0x00001307      0x635 .\CortexM3\ARM_GCC_541\Debug\Driving.o
 .debug_info    0x0000193c      0x692 .\CortexM3\ARM_GCC_541\Debug\cyfitter_cfg.o
 .debug_info    0x00001fce      0x139 .\CortexM3\ARM_GCC_541\Debug\cymetadata.o
 .debug_info    0x00002107      0x3cf .\CortexM3\ARM_GCC_541\Debug\Cm3Start.o
 .debug_info    0x000024d6      0x6f2 .\CortexM3\ARM_GCC_541\Debug\AnalogIR.a(ADC_SAR_Seq_1.o)
 .debug_info    0x00002bc8       0xa0 .\CortexM3\ARM_GCC_541\Debug\AnalogIR.a(ADC_SAR_Seq_1_INT.o)
 .debug_info    0x00002c68      0x544 .\CortexM3\ARM_GCC_541\Debug\AnalogIR.a(ADC_SAR_Seq_1_SAR.o)
 .debug_info    0x000031ac      0x1a8 .\CortexM3\ARM_GCC_541\Debug\AnalogIR.a(ADC_SAR_Seq_1_TempBuf_dma.o)
 .debug_info    0x00003354      0x1aa .\CortexM3\ARM_GCC_541\Debug\AnalogIR.a(ADC_SAR_Seq_1_FinalBuf_dma.o)
 .debug_info    0x000034fe      0x2d2 .\CortexM3\ARM_GCC_541\Debug\AnalogIR.a(ADC_SAR_Seq_1_IRQ.o)
 .debug_info    0x000037d0      0x94e .\CortexM3\ARM_GCC_541\Debug\AnalogIR.a(CyDmac.o)
 .debug_info    0x0000411e     0x1374 .\CortexM3\ARM_GCC_541\Debug\AnalogIR.a(CyLib.o)
 .debug_info    0x00005492      0xa2a .\CortexM3\ARM_GCC_541\Debug\AnalogIR.a(cyPm.o)
 .debug_info    0x00005ebc      0x2ad .\CortexM3\ARM_GCC_541\Debug\AnalogIR.a(I2C.o)
 .debug_info    0x00006169      0x184 .\CortexM3\ARM_GCC_541\Debug\AnalogIR.a(I2C_INT.o)
 .debug_info    0x000062ed      0x207 .\CortexM3\ARM_GCC_541\Debug\AnalogIR.a(I2C_PM.o)
 .debug_info    0x000064f4      0x407 .\CortexM3\ARM_GCC_541\Debug\AnalogIR.a(I2C_MASTER.o)
 .debug_info    0x000068fb      0x2d2 .\CortexM3\ARM_GCC_541\Debug\AnalogIR.a(isr_ADC_1.o)
 .debug_info    0x00006bcd      0x37f .\CortexM3\ARM_GCC_541\Debug\AnalogIR.a(PWM_1.o)
 .debug_info    0x00006f4c      0x11f .\CortexM3\ARM_GCC_541\Debug\AnalogIR.a(Pin_Motor_2.o)
 .debug_info    0x0000706b      0x11f .\CortexM3\ARM_GCC_541\Debug\AnalogIR.a(Pin_Motor_1.o)
 .debug_info    0x0000718a      0x11f .\CortexM3\ARM_GCC_541\Debug\AnalogIR.a(Pin_Led_1.o)
 .debug_info    0x000072a9      0x11f .\CortexM3\ARM_GCC_541\Debug\AnalogIR.a(Pin_Led_2.o)
 .debug_info    0x000073c8      0x11f .\CortexM3\ARM_GCC_541\Debug\AnalogIR.a(Pin_Led_3.o)
 .debug_info    0x000074e7      0x2d2 .\CortexM3\ARM_GCC_541\Debug\AnalogIR.a(isr_btn_2.o)
 .debug_info    0x000077b9      0x2d2 .\CortexM3\ARM_GCC_541\Debug\AnalogIR.a(isr_btn_1.o)
 .debug_info    0x00007a8b      0x2d2 .\CortexM3\ARM_GCC_541\Debug\AnalogIR.a(isr_btn_3.o)
 .debug_info    0x00007d5d      0x2d2 .\CortexM3\ARM_GCC_541\Debug\AnalogIR.a(isr_btn_3_Pressed.o)
 .debug_info    0x0000802f      0x11f .\CortexM3\ARM_GCC_541\Debug\AnalogIR.a(Pin_Led_5.o)
 .debug_info    0x0000814e      0x11f .\CortexM3\ARM_GCC_541\Debug\AnalogIR.a(Pin_Led_4.o)
 .debug_info    0x0000826d      0x17d .\CortexM3\ARM_GCC_541\Debug\AnalogIR.a(Status_Reg_UltraSoon_1.o)
 .debug_info    0x000083ea      0x17d .\CortexM3\ARM_GCC_541\Debug\AnalogIR.a(Status_Reg_UltraSoon_2.o)
 .debug_info    0x00008567      0x2d2 .\CortexM3\ARM_GCC_541\Debug\AnalogIR.a(isr_UltraSoon.o)
 .debug_info    0x00008839      0x2d2 .\CortexM3\ARM_GCC_541\Debug\AnalogIR.a(isr_UltraSoon_ToClose.o)
 .debug_info    0x00008b0b       0x8d .\CortexM3\ARM_GCC_541\Debug\AnalogIR.a(CyBootAsmGnu.o)
 .debug_info    0x00008b98      0x64d .\CortexM3\ARM_GCC_541\Debug\AnalogIR.a(CyFlash.o)
 .debug_info    0x000091e5      0x550 .\CortexM3\ARM_GCC_541\Debug\AnalogIR.a(CySpc.o)

.debug_abbrev   0x00000000     0x2c5b
 *(.debug_abbrev)
 .debug_abbrev  0x00000000      0x132 .\CortexM3\ARM_GCC_541\Debug\main.o
 .debug_abbrev  0x00000132      0x1b8 .\CortexM3\ARM_GCC_541\Debug\LiquidCrystal_I2C.o
 .debug_abbrev  0x000002ea      0x132 .\CortexM3\ARM_GCC_541\Debug\Driving.o
 .debug_abbrev  0x0000041c      0x20d .\CortexM3\ARM_GCC_541\Debug\cyfitter_cfg.o
 .debug_abbrev  0x00000629       0x77 .\CortexM3\ARM_GCC_541\Debug\cymetadata.o
 .debug_abbrev  0x000006a0      0x1e8 .\CortexM3\ARM_GCC_541\Debug\Cm3Start.o
 .debug_abbrev  0x00000888      0x13e .\CortexM3\ARM_GCC_541\Debug\AnalogIR.a(ADC_SAR_Seq_1.o)
 .debug_abbrev  0x000009c6       0x42 .\CortexM3\ARM_GCC_541\Debug\AnalogIR.a(ADC_SAR_Seq_1_INT.o)
 .debug_abbrev  0x00000a08      0x1ac .\CortexM3\ARM_GCC_541\Debug\AnalogIR.a(ADC_SAR_Seq_1_SAR.o)
 .debug_abbrev  0x00000bb4       0xcd .\CortexM3\ARM_GCC_541\Debug\AnalogIR.a(ADC_SAR_Seq_1_TempBuf_dma.o)
 .debug_abbrev  0x00000c81       0xcd .\CortexM3\ARM_GCC_541\Debug\AnalogIR.a(ADC_SAR_Seq_1_FinalBuf_dma.o)
 .debug_abbrev  0x00000d4e      0x173 .\CortexM3\ARM_GCC_541\Debug\AnalogIR.a(ADC_SAR_Seq_1_IRQ.o)
 .debug_abbrev  0x00000ec1      0x1b2 .\CortexM3\ARM_GCC_541\Debug\AnalogIR.a(CyDmac.o)
 .debug_abbrev  0x00001073      0x254 .\CortexM3\ARM_GCC_541\Debug\AnalogIR.a(CyLib.o)
 .debug_abbrev  0x000012c7      0x1ab .\CortexM3\ARM_GCC_541\Debug\AnalogIR.a(cyPm.o)
 .debug_abbrev  0x00001472      0x10a .\CortexM3\ARM_GCC_541\Debug\AnalogIR.a(I2C.o)
 .debug_abbrev  0x0000157c       0xb6 .\CortexM3\ARM_GCC_541\Debug\AnalogIR.a(I2C_INT.o)
 .debug_abbrev  0x00001632       0xfe .\CortexM3\ARM_GCC_541\Debug\AnalogIR.a(I2C_PM.o)
 .debug_abbrev  0x00001730      0x13c .\CortexM3\ARM_GCC_541\Debug\AnalogIR.a(I2C_MASTER.o)
 .debug_abbrev  0x0000186c      0x173 .\CortexM3\ARM_GCC_541\Debug\AnalogIR.a(isr_ADC_1.o)
 .debug_abbrev  0x000019df      0x133 .\CortexM3\ARM_GCC_541\Debug\AnalogIR.a(PWM_1.o)
 .debug_abbrev  0x00001b12       0x90 .\CortexM3\ARM_GCC_541\Debug\AnalogIR.a(Pin_Motor_2.o)
 .debug_abbrev  0x00001ba2       0x90 .\CortexM3\ARM_GCC_541\Debug\AnalogIR.a(Pin_Motor_1.o)
 .debug_abbrev  0x00001c32       0x90 .\CortexM3\ARM_GCC_541\Debug\AnalogIR.a(Pin_Led_1.o)
 .debug_abbrev  0x00001cc2       0x90 .\CortexM3\ARM_GCC_541\Debug\AnalogIR.a(Pin_Led_2.o)
 .debug_abbrev  0x00001d52       0x90 .\CortexM3\ARM_GCC_541\Debug\AnalogIR.a(Pin_Led_3.o)
 .debug_abbrev  0x00001de2      0x173 .\CortexM3\ARM_GCC_541\Debug\AnalogIR.a(isr_btn_2.o)
 .debug_abbrev  0x00001f55      0x173 .\CortexM3\ARM_GCC_541\Debug\AnalogIR.a(isr_btn_1.o)
 .debug_abbrev  0x000020c8      0x173 .\CortexM3\ARM_GCC_541\Debug\AnalogIR.a(isr_btn_3.o)
 .debug_abbrev  0x0000223b      0x173 .\CortexM3\ARM_GCC_541\Debug\AnalogIR.a(isr_btn_3_Pressed.o)
 .debug_abbrev  0x000023ae       0x90 .\CortexM3\ARM_GCC_541\Debug\AnalogIR.a(Pin_Led_5.o)
 .debug_abbrev  0x0000243e       0x90 .\CortexM3\ARM_GCC_541\Debug\AnalogIR.a(Pin_Led_4.o)
 .debug_abbrev  0x000024ce       0xac .\CortexM3\ARM_GCC_541\Debug\AnalogIR.a(Status_Reg_UltraSoon_1.o)
 .debug_abbrev  0x0000257a       0xac .\CortexM3\ARM_GCC_541\Debug\AnalogIR.a(Status_Reg_UltraSoon_2.o)
 .debug_abbrev  0x00002626      0x173 .\CortexM3\ARM_GCC_541\Debug\AnalogIR.a(isr_UltraSoon.o)
 .debug_abbrev  0x00002799      0x173 .\CortexM3\ARM_GCC_541\Debug\AnalogIR.a(isr_UltraSoon_ToClose.o)
 .debug_abbrev  0x0000290c       0x14 .\CortexM3\ARM_GCC_541\Debug\AnalogIR.a(CyBootAsmGnu.o)
 .debug_abbrev  0x00002920      0x1a7 .\CortexM3\ARM_GCC_541\Debug\AnalogIR.a(CyFlash.o)
 .debug_abbrev  0x00002ac7      0x194 .\CortexM3\ARM_GCC_541\Debug\AnalogIR.a(CySpc.o)

.debug_line     0x00000000     0x4097
 *(.debug_line)
 .debug_line    0x00000000      0x3e2 .\CortexM3\ARM_GCC_541\Debug\main.o
 .debug_line    0x000003e2      0x494 .\CortexM3\ARM_GCC_541\Debug\LiquidCrystal_I2C.o
 .debug_line    0x00000876      0x3d1 .\CortexM3\ARM_GCC_541\Debug\Driving.o
 .debug_line    0x00000c47      0x20f .\CortexM3\ARM_GCC_541\Debug\cyfitter_cfg.o
 .debug_line    0x00000e56      0x141 .\CortexM3\ARM_GCC_541\Debug\cymetadata.o
 .debug_line    0x00000f97      0x241 .\CortexM3\ARM_GCC_541\Debug\Cm3Start.o
 .debug_line    0x000011d8      0x234 .\CortexM3\ARM_GCC_541\Debug\AnalogIR.a(ADC_SAR_Seq_1.o)
 .debug_line    0x0000140c       0x5a .\CortexM3\ARM_GCC_541\Debug\AnalogIR.a(ADC_SAR_Seq_1_INT.o)
 .debug_line    0x00001466      0x20b .\CortexM3\ARM_GCC_541\Debug\AnalogIR.a(ADC_SAR_Seq_1_SAR.o)
 .debug_line    0x00001671       0x92 .\CortexM3\ARM_GCC_541\Debug\AnalogIR.a(ADC_SAR_Seq_1_TempBuf_dma.o)
 .debug_line    0x00001703       0x93 .\CortexM3\ARM_GCC_541\Debug\AnalogIR.a(ADC_SAR_Seq_1_FinalBuf_dma.o)
 .debug_line    0x00001796      0x13e .\CortexM3\ARM_GCC_541\Debug\AnalogIR.a(ADC_SAR_Seq_1_IRQ.o)
 .debug_line    0x000018d4      0x2e4 .\CortexM3\ARM_GCC_541\Debug\AnalogIR.a(CyDmac.o)
 .debug_line    0x00001bb8      0x816 .\CortexM3\ARM_GCC_541\Debug\AnalogIR.a(CyLib.o)
 .debug_line    0x000023ce      0x367 .\CortexM3\ARM_GCC_541\Debug\AnalogIR.a(cyPm.o)
 .debug_line    0x00002735       0xd9 .\CortexM3\ARM_GCC_541\Debug\AnalogIR.a(I2C.o)
 .debug_line    0x0000280e      0x114 .\CortexM3\ARM_GCC_541\Debug\AnalogIR.a(I2C_INT.o)
 .debug_line    0x00002922       0xbb .\CortexM3\ARM_GCC_541\Debug\AnalogIR.a(I2C_PM.o)
 .debug_line    0x000029dd      0x1fd .\CortexM3\ARM_GCC_541\Debug\AnalogIR.a(I2C_MASTER.o)
 .debug_line    0x00002bda      0x136 .\CortexM3\ARM_GCC_541\Debug\AnalogIR.a(isr_ADC_1.o)
 .debug_line    0x00002d10      0x1a9 .\CortexM3\ARM_GCC_541\Debug\AnalogIR.a(PWM_1.o)
 .debug_line    0x00002eb9       0x99 .\CortexM3\ARM_GCC_541\Debug\AnalogIR.a(Pin_Motor_2.o)
 .debug_line    0x00002f52       0x99 .\CortexM3\ARM_GCC_541\Debug\AnalogIR.a(Pin_Motor_1.o)
 .debug_line    0x00002feb       0x96 .\CortexM3\ARM_GCC_541\Debug\AnalogIR.a(Pin_Led_1.o)
 .debug_line    0x00003081       0x96 .\CortexM3\ARM_GCC_541\Debug\AnalogIR.a(Pin_Led_2.o)
 .debug_line    0x00003117       0x96 .\CortexM3\ARM_GCC_541\Debug\AnalogIR.a(Pin_Led_3.o)
 .debug_line    0x000031ad      0x136 .\CortexM3\ARM_GCC_541\Debug\AnalogIR.a(isr_btn_2.o)
 .debug_line    0x000032e3      0x136 .\CortexM3\ARM_GCC_541\Debug\AnalogIR.a(isr_btn_1.o)
 .debug_line    0x00003419      0x136 .\CortexM3\ARM_GCC_541\Debug\AnalogIR.a(isr_btn_3.o)
 .debug_line    0x0000354f      0x13e .\CortexM3\ARM_GCC_541\Debug\AnalogIR.a(isr_btn_3_Pressed.o)
 .debug_line    0x0000368d       0x96 .\CortexM3\ARM_GCC_541\Debug\AnalogIR.a(Pin_Led_5.o)
 .debug_line    0x00003723       0x96 .\CortexM3\ARM_GCC_541\Debug\AnalogIR.a(Pin_Led_4.o)
 .debug_line    0x000037b9       0xc1 .\CortexM3\ARM_GCC_541\Debug\AnalogIR.a(Status_Reg_UltraSoon_1.o)
 .debug_line    0x0000387a       0xc1 .\CortexM3\ARM_GCC_541\Debug\AnalogIR.a(Status_Reg_UltraSoon_2.o)
 .debug_line    0x0000393b      0x13a .\CortexM3\ARM_GCC_541\Debug\AnalogIR.a(isr_UltraSoon.o)
 .debug_line    0x00003a75      0x142 .\CortexM3\ARM_GCC_541\Debug\AnalogIR.a(isr_UltraSoon_ToClose.o)
 .debug_line    0x00003bb7       0x66 .\CortexM3\ARM_GCC_541\Debug\AnalogIR.a(CyBootAsmGnu.o)
 .debug_line    0x00003c1d      0x21a .\CortexM3\ARM_GCC_541\Debug\AnalogIR.a(CyFlash.o)
 .debug_line    0x00003e37      0x260 .\CortexM3\ARM_GCC_541\Debug\AnalogIR.a(CySpc.o)

.debug_frame    0x00000000     0x2ab4
 *(.debug_frame)
 .debug_frame   0x00000000       0xf4 .\CortexM3\ARM_GCC_541\Debug\main.o
 .debug_frame   0x000000f4      0x3b0 .\CortexM3\ARM_GCC_541\Debug\LiquidCrystal_I2C.o
 .debug_frame   0x000004a4      0x114 .\CortexM3\ARM_GCC_541\Debug\Driving.o
 .debug_frame   0x000005b8       0xfc .\CortexM3\ARM_GCC_541\Debug\cyfitter_cfg.o
 .debug_frame   0x000006b4       0xb8 .\CortexM3\ARM_GCC_541\Debug\Cm3Start.o
 .debug_frame   0x0000076c      0x1dc .\CortexM3\ARM_GCC_541\Debug\AnalogIR.a(ADC_SAR_Seq_1.o)
 .debug_frame   0x00000948       0x20 .\CortexM3\ARM_GCC_541\Debug\AnalogIR.a(ADC_SAR_Seq_1_INT.o)
 .debug_frame   0x00000968      0x1b0 .\CortexM3\ARM_GCC_541\Debug\AnalogIR.a(ADC_SAR_Seq_1_SAR.o)
 .debug_frame   0x00000b18       0x54 .\CortexM3\ARM_GCC_541\Debug\AnalogIR.a(ADC_SAR_Seq_1_TempBuf_dma.o)
 .debug_frame   0x00000b6c       0x54 .\CortexM3\ARM_GCC_541\Debug\AnalogIR.a(ADC_SAR_Seq_1_FinalBuf_dma.o)
 .debug_frame   0x00000bc0      0x104 .\CortexM3\ARM_GCC_541\Debug\AnalogIR.a(ADC_SAR_Seq_1_IRQ.o)
 .debug_frame   0x00000cc4      0x1f8 .\CortexM3\ARM_GCC_541\Debug\AnalogIR.a(CyDmac.o)
 .debug_frame   0x00000ebc      0x738 .\CortexM3\ARM_GCC_541\Debug\AnalogIR.a(CyLib.o)
 .debug_frame   0x000015f4      0x1f8 .\CortexM3\ARM_GCC_541\Debug\AnalogIR.a(cyPm.o)
 .debug_frame   0x000017ec       0x94 .\CortexM3\ARM_GCC_541\Debug\AnalogIR.a(I2C.o)
 .debug_frame   0x00001880       0x30 .\CortexM3\ARM_GCC_541\Debug\AnalogIR.a(I2C_INT.o)
 .debug_frame   0x000018b0       0x74 .\CortexM3\ARM_GCC_541\Debug\AnalogIR.a(I2C_PM.o)
 .debug_frame   0x00001924      0x138 .\CortexM3\ARM_GCC_541\Debug\AnalogIR.a(I2C_MASTER.o)
 .debug_frame   0x00001a5c      0x104 .\CortexM3\ARM_GCC_541\Debug\AnalogIR.a(isr_ADC_1.o)
 .debug_frame   0x00001b60      0x154 .\CortexM3\ARM_GCC_541\Debug\AnalogIR.a(PWM_1.o)
 .debug_frame   0x00001cb4       0x50 .\CortexM3\ARM_GCC_541\Debug\AnalogIR.a(Pin_Motor_2.o)
 .debug_frame   0x00001d04       0x50 .\CortexM3\ARM_GCC_541\Debug\AnalogIR.a(Pin_Motor_1.o)
 .debug_frame   0x00001d54       0x50 .\CortexM3\ARM_GCC_541\Debug\AnalogIR.a(Pin_Led_1.o)
 .debug_frame   0x00001da4       0x50 .\CortexM3\ARM_GCC_541\Debug\AnalogIR.a(Pin_Led_2.o)
 .debug_frame   0x00001df4       0x50 .\CortexM3\ARM_GCC_541\Debug\AnalogIR.a(Pin_Led_3.o)
 .debug_frame   0x00001e44      0x104 .\CortexM3\ARM_GCC_541\Debug\AnalogIR.a(isr_btn_2.o)
 .debug_frame   0x00001f48      0x104 .\CortexM3\ARM_GCC_541\Debug\AnalogIR.a(isr_btn_1.o)
 .debug_frame   0x0000204c      0x104 .\CortexM3\ARM_GCC_541\Debug\AnalogIR.a(isr_btn_3.o)
 .debug_frame   0x00002150      0x104 .\CortexM3\ARM_GCC_541\Debug\AnalogIR.a(isr_btn_3_Pressed.o)
 .debug_frame   0x00002254       0x50 .\CortexM3\ARM_GCC_541\Debug\AnalogIR.a(Pin_Led_5.o)
 .debug_frame   0x000022a4       0x50 .\CortexM3\ARM_GCC_541\Debug\AnalogIR.a(Pin_Led_4.o)
 .debug_frame   0x000022f4       0x78 .\CortexM3\ARM_GCC_541\Debug\AnalogIR.a(Status_Reg_UltraSoon_1.o)
 .debug_frame   0x0000236c       0x78 .\CortexM3\ARM_GCC_541\Debug\AnalogIR.a(Status_Reg_UltraSoon_2.o)
 .debug_frame   0x000023e4      0x104 .\CortexM3\ARM_GCC_541\Debug\AnalogIR.a(isr_UltraSoon.o)
 .debug_frame   0x000024e8      0x104 .\CortexM3\ARM_GCC_541\Debug\AnalogIR.a(isr_UltraSoon_ToClose.o)
 .debug_frame   0x000025ec      0x194 .\CortexM3\ARM_GCC_541\Debug\AnalogIR.a(CyFlash.o)
 .debug_frame   0x00002780      0x180 .\CortexM3\ARM_GCC_541\Debug\AnalogIR.a(CySpc.o)
 .debug_frame   0x00002900       0x44 c:/program files (x86)/cypress/psoc creator/4.2/psoc creator/import/gnu/arm/5.4.1/bin/../lib/gcc/arm-none-eabi/5.4.1/armv7-m\libgcc.a(_aeabi_ldivmod.o)
 .debug_frame   0x00002944       0x38 c:/program files (x86)/cypress/psoc creator/4.2/psoc creator/import/gnu/arm/5.4.1/bin/../lib/gcc/arm-none-eabi/5.4.1/armv7-m\libgcc.a(_udivmoddi4.o)
 .debug_frame   0x0000297c       0x20 c:/program files (x86)/cypress/psoc creator/4.2/psoc creator/import/gnu/arm/5.4.1/bin/../lib/gcc/arm-none-eabi/5.4.1/../../../../arm-none-eabi/lib/armv7-m\libg_nano.a(lib_a-errno.o)
 .debug_frame   0x0000299c       0x28 c:/program files (x86)/cypress/psoc creator/4.2/psoc creator/import/gnu/arm/5.4.1/bin/../lib/gcc/arm-none-eabi/5.4.1/../../../../arm-none-eabi/lib/armv7-m\libg_nano.a(lib_a-exit.o)
 .debug_frame   0x000029c4       0x2c c:/program files (x86)/cypress/psoc creator/4.2/psoc creator/import/gnu/arm/5.4.1/bin/../lib/gcc/arm-none-eabi/5.4.1/../../../../arm-none-eabi/lib/armv7-m\libg_nano.a(lib_a-init.o)
 .debug_frame   0x000029f0       0x38 c:/program files (x86)/cypress/psoc creator/4.2/psoc creator/import/gnu/arm/5.4.1/bin/../lib/gcc/arm-none-eabi/5.4.1/../../../../arm-none-eabi/lib/armv7-m\libg_nano.a(lib_a-itoa.o)
 .debug_frame   0x00002a28       0x28 c:/program files (x86)/cypress/psoc creator/4.2/psoc creator/import/gnu/arm/5.4.1/bin/../lib/gcc/arm-none-eabi/5.4.1/../../../../arm-none-eabi/lib/armv7-m\libg_nano.a(lib_a-memcpy-stub.o)
 .debug_frame   0x00002a50       0x20 c:/program files (x86)/cypress/psoc creator/4.2/psoc creator/import/gnu/arm/5.4.1/bin/../lib/gcc/arm-none-eabi/5.4.1/../../../../arm-none-eabi/lib/armv7-m\libg_nano.a(lib_a-memset.o)
 .debug_frame   0x00002a70       0x44 c:/program files (x86)/cypress/psoc creator/4.2/psoc creator/import/gnu/arm/5.4.1/bin/../lib/gcc/arm-none-eabi/5.4.1/../../../../arm-none-eabi/lib/armv7-m\libg_nano.a(lib_a-utoa.o)

.debug_str      0x00000000     0x3590
 *(.debug_str)
 .debug_str     0x00000000      0x4f0 .\CortexM3\ARM_GCC_541\Debug\main.o
                                0x552 (size before relaxing)
 .debug_str     0x000004f0      0x24d .\CortexM3\ARM_GCC_541\Debug\LiquidCrystal_I2C.o
                                0x48b (size before relaxing)
 .debug_str     0x0000073d       0xe3 .\CortexM3\ARM_GCC_541\Debug\Driving.o
                                0x306 (size before relaxing)
 .debug_str     0x00000820      0x1a9 .\CortexM3\ARM_GCC_541\Debug\cyfitter_cfg.o
                                0x34b (size before relaxing)
 .debug_str     0x000009c9       0x75 .\CortexM3\ARM_GCC_541\Debug\cymetadata.o
                                0x1e1 (size before relaxing)
 .debug_str     0x00000a3e      0x14f .\CortexM3\ARM_GCC_541\Debug\Cm3Start.o
                                0x317 (size before relaxing)
 .debug_str     0x00000b8d      0x527 .\CortexM3\ARM_GCC_541\Debug\AnalogIR.a(ADC_SAR_Seq_1.o)
                                0x721 (size before relaxing)
 .debug_str     0x000010b4       0x3d .\CortexM3\ARM_GCC_541\Debug\AnalogIR.a(ADC_SAR_Seq_1_INT.o)
                                0x1b5 (size before relaxing)
 .debug_str     0x000010f1      0x165 .\CortexM3\ARM_GCC_541\Debug\AnalogIR.a(ADC_SAR_Seq_1_SAR.o)
                                0x52b (size before relaxing)
 .debug_str     0x00001256       0xf1 .\CortexM3\ARM_GCC_541\Debug\AnalogIR.a(ADC_SAR_Seq_1_TempBuf_dma.o)
                                0x2a9 (size before relaxing)
 .debug_str     0x00001347       0x77 .\CortexM3\ARM_GCC_541\Debug\AnalogIR.a(ADC_SAR_Seq_1_FinalBuf_dma.o)
                                0x2ad (size before relaxing)
 .debug_str     0x000013be      0x16c .\CortexM3\ARM_GCC_541\Debug\AnalogIR.a(ADC_SAR_Seq_1_IRQ.o)
                                0x34b (size before relaxing)
 .debug_str     0x0000152a      0x279 .\CortexM3\ARM_GCC_541\Debug\AnalogIR.a(CyDmac.o)
                                0x547 (size before relaxing)
 .debug_str     0x000017a3      0x7ca .\CortexM3\ARM_GCC_541\Debug\AnalogIR.a(CyLib.o)
                                0xa44 (size before relaxing)
 .debug_str     0x00001f6d      0x365 .\CortexM3\ARM_GCC_541\Debug\AnalogIR.a(cyPm.o)
                                0x730 (size before relaxing)
 .debug_str     0x000022d2       0xd4 .\CortexM3\ARM_GCC_541\Debug\AnalogIR.a(I2C.o)
                                0x2de (size before relaxing)
 .debug_str     0x000023a6       0x86 .\CortexM3\ARM_GCC_541\Debug\AnalogIR.a(I2C_INT.o)
                                0x25c (size before relaxing)
 .debug_str     0x0000242c       0x56 .\CortexM3\ARM_GCC_541\Debug\AnalogIR.a(I2C_PM.o)
                                0x27a (size before relaxing)
 .debug_str     0x00002482      0x135 .\CortexM3\ARM_GCC_541\Debug\AnalogIR.a(I2C_MASTER.o)
                                0x3a1 (size before relaxing)
 .debug_str     0x000025b7       0xd2 .\CortexM3\ARM_GCC_541\Debug\AnalogIR.a(isr_ADC_1.o)
                                0x2db (size before relaxing)
 .debug_str     0x00002689      0x173 .\CortexM3\ARM_GCC_541\Debug\AnalogIR.a(PWM_1.o)
                                0x377 (size before relaxing)
 .debug_str     0x000027fc       0x72 .\CortexM3\ARM_GCC_541\Debug\AnalogIR.a(Pin_Motor_2.o)
                                0x1fd (size before relaxing)
 .debug_str     0x0000286e       0x67 .\CortexM3\ARM_GCC_541\Debug\AnalogIR.a(Pin_Motor_1.o)
                                0x1fd (size before relaxing)
 .debug_str     0x000028d5       0x5f .\CortexM3\ARM_GCC_541\Debug\AnalogIR.a(Pin_Led_1.o)
                                0x1f3 (size before relaxing)
 .debug_str     0x00002934       0x5f .\CortexM3\ARM_GCC_541\Debug\AnalogIR.a(Pin_Led_2.o)
                                0x1f3 (size before relaxing)
 .debug_str     0x00002993       0x5f .\CortexM3\ARM_GCC_541\Debug\AnalogIR.a(Pin_Led_3.o)
                                0x1f3 (size before relaxing)
 .debug_str     0x000029f2      0x10c .\CortexM3\ARM_GCC_541\Debug\AnalogIR.a(isr_btn_2.o)
                                0x2db (size before relaxing)
 .debug_str     0x00002afe      0x10c .\CortexM3\ARM_GCC_541\Debug\AnalogIR.a(isr_btn_1.o)
                                0x2db (size before relaxing)
 .debug_str     0x00002c0a       0xf5 .\CortexM3\ARM_GCC_541\Debug\AnalogIR.a(isr_btn_3.o)
                                0x2db (size before relaxing)
 .debug_str     0x00002cff      0x174 .\CortexM3\ARM_GCC_541\Debug\AnalogIR.a(isr_btn_3_Pressed.o)
                                0x34b (size before relaxing)
 .debug_str     0x00002e73       0x5f .\CortexM3\ARM_GCC_541\Debug\AnalogIR.a(Pin_Led_5.o)
                                0x1f3 (size before relaxing)
 .debug_str     0x00002ed2       0x5f .\CortexM3\ARM_GCC_541\Debug\AnalogIR.a(Pin_Led_4.o)
                                0x1f3 (size before relaxing)
 .debug_str     0x00002f31       0xc0 .\CortexM3\ARM_GCC_541\Debug\AnalogIR.a(Status_Reg_UltraSoon_1.o)
                                0x2a0 (size before relaxing)
 .debug_str     0x00002ff1       0xc0 .\CortexM3\ARM_GCC_541\Debug\AnalogIR.a(Status_Reg_UltraSoon_2.o)
                                0x2a0 (size before relaxing)
 .debug_str     0x000030b1       0xfa .\CortexM3\ARM_GCC_541\Debug\AnalogIR.a(isr_UltraSoon.o)
                                0x313 (size before relaxing)
 .debug_str     0x000031ab      0x185 .\CortexM3\ARM_GCC_541\Debug\AnalogIR.a(isr_UltraSoon_ToClose.o)
                                0x383 (size before relaxing)
 .debug_str     0x00003330      0x1b4 .\CortexM3\ARM_GCC_541\Debug\AnalogIR.a(CyFlash.o)
                                0x3bd (size before relaxing)
 .debug_str     0x000034e4       0xac .\CortexM3\ARM_GCC_541\Debug\AnalogIR.a(CySpc.o)
                                0x335 (size before relaxing)

.debug_loc      0x00000000     0x3c22
 *(.debug_loc)
 .debug_loc     0x00000000       0x54 .\CortexM3\ARM_GCC_541\Debug\main.o
 .debug_loc     0x00000054      0x409 .\CortexM3\ARM_GCC_541\Debug\LiquidCrystal_I2C.o
 .debug_loc     0x0000045d      0x22c .\CortexM3\ARM_GCC_541\Debug\Driving.o
 .debug_loc     0x00000689      0x2ae .\CortexM3\ARM_GCC_541\Debug\cyfitter_cfg.o
 .debug_loc     0x00000937      0x144 .\CortexM3\ARM_GCC_541\Debug\Cm3Start.o
 .debug_loc     0x00000a7b      0x13c .\CortexM3\ARM_GCC_541\Debug\AnalogIR.a(ADC_SAR_Seq_1.o)
 .debug_loc     0x00000bb7      0x295 .\CortexM3\ARM_GCC_541\Debug\AnalogIR.a(ADC_SAR_Seq_1_SAR.o)
 .debug_loc     0x00000e4c       0x84 .\CortexM3\ARM_GCC_541\Debug\AnalogIR.a(ADC_SAR_Seq_1_TempBuf_dma.o)
 .debug_loc     0x00000ed0       0x84 .\CortexM3\ARM_GCC_541\Debug\AnalogIR.a(ADC_SAR_Seq_1_FinalBuf_dma.o)
 .debug_loc     0x00000f54       0x56 .\CortexM3\ARM_GCC_541\Debug\AnalogIR.a(ADC_SAR_Seq_1_IRQ.o)
 .debug_loc     0x00000faa      0xb8e .\CortexM3\ARM_GCC_541\Debug\AnalogIR.a(CyDmac.o)
 .debug_loc     0x00001b38      0xa11 .\CortexM3\ARM_GCC_541\Debug\AnalogIR.a(CyLib.o)
 .debug_loc     0x00002549      0x1e4 .\CortexM3\ARM_GCC_541\Debug\AnalogIR.a(cyPm.o)
 .debug_loc     0x0000272d       0x39 .\CortexM3\ARM_GCC_541\Debug\AnalogIR.a(I2C.o)
 .debug_loc     0x00002766       0x29 .\CortexM3\ARM_GCC_541\Debug\AnalogIR.a(I2C_INT.o)
 .debug_loc     0x0000278f       0x13 .\CortexM3\ARM_GCC_541\Debug\AnalogIR.a(I2C_PM.o)
 .debug_loc     0x000027a2      0x52f .\CortexM3\ARM_GCC_541\Debug\AnalogIR.a(I2C_MASTER.o)
 .debug_loc     0x00002cd1       0x56 .\CortexM3\ARM_GCC_541\Debug\AnalogIR.a(isr_ADC_1.o)
 .debug_loc     0x00002d27       0x26 .\CortexM3\ARM_GCC_541\Debug\AnalogIR.a(PWM_1.o)
 .debug_loc     0x00002d4d       0x42 .\CortexM3\ARM_GCC_541\Debug\AnalogIR.a(Pin_Motor_2.o)
 .debug_loc     0x00002d8f       0x42 .\CortexM3\ARM_GCC_541\Debug\AnalogIR.a(Pin_Motor_1.o)
 .debug_loc     0x00002dd1       0x42 .\CortexM3\ARM_GCC_541\Debug\AnalogIR.a(Pin_Led_1.o)
 .debug_loc     0x00002e13       0x42 .\CortexM3\ARM_GCC_541\Debug\AnalogIR.a(Pin_Led_2.o)
 .debug_loc     0x00002e55       0x42 .\CortexM3\ARM_GCC_541\Debug\AnalogIR.a(Pin_Led_3.o)
 .debug_loc     0x00002e97       0x56 .\CortexM3\ARM_GCC_541\Debug\AnalogIR.a(isr_btn_2.o)
 .debug_loc     0x00002eed       0x56 .\CortexM3\ARM_GCC_541\Debug\AnalogIR.a(isr_btn_1.o)
 .debug_loc     0x00002f43       0x56 .\CortexM3\ARM_GCC_541\Debug\AnalogIR.a(isr_btn_3.o)
 .debug_loc     0x00002f99       0x56 .\CortexM3\ARM_GCC_541\Debug\AnalogIR.a(isr_btn_3_Pressed.o)
 .debug_loc     0x00002fef       0x42 .\CortexM3\ARM_GCC_541\Debug\AnalogIR.a(Pin_Led_5.o)
 .debug_loc     0x00003031       0x42 .\CortexM3\ARM_GCC_541\Debug\AnalogIR.a(Pin_Led_4.o)
 .debug_loc     0x00003073       0x26 .\CortexM3\ARM_GCC_541\Debug\AnalogIR.a(Status_Reg_UltraSoon_1.o)
 .debug_loc     0x00003099       0x26 .\CortexM3\ARM_GCC_541\Debug\AnalogIR.a(Status_Reg_UltraSoon_2.o)
 .debug_loc     0x000030bf       0x56 .\CortexM3\ARM_GCC_541\Debug\AnalogIR.a(isr_UltraSoon.o)
 .debug_loc     0x00003115       0x56 .\CortexM3\ARM_GCC_541\Debug\AnalogIR.a(isr_UltraSoon_ToClose.o)
 .debug_loc     0x0000316b      0x3b2 .\CortexM3\ARM_GCC_541\Debug\AnalogIR.a(CyFlash.o)
 .debug_loc     0x0000351d      0x705 .\CortexM3\ARM_GCC_541\Debug\AnalogIR.a(CySpc.o)

.debug_macinfo
 *(.debug_macinfo)

.debug_ranges   0x00000000      0xeb0
 *(.debug_ranges)
 .debug_ranges  0x00000000       0x48 .\CortexM3\ARM_GCC_541\Debug\main.o
 .debug_ranges  0x00000048      0x108 .\CortexM3\ARM_GCC_541\Debug\LiquidCrystal_I2C.o
 .debug_ranges  0x00000150       0x50 .\CortexM3\ARM_GCC_541\Debug\Driving.o
 .debug_ranges  0x000001a0       0x48 .\CortexM3\ARM_GCC_541\Debug\cyfitter_cfg.o
 .debug_ranges  0x000001e8       0x38 .\CortexM3\ARM_GCC_541\Debug\Cm3Start.o
 .debug_ranges  0x00000220       0x90 .\CortexM3\ARM_GCC_541\Debug\AnalogIR.a(ADC_SAR_Seq_1.o)
 .debug_ranges  0x000002b0       0x10 .\CortexM3\ARM_GCC_541\Debug\AnalogIR.a(ADC_SAR_Seq_1_INT.o)
 .debug_ranges  0x000002c0       0x98 .\CortexM3\ARM_GCC_541\Debug\AnalogIR.a(ADC_SAR_Seq_1_SAR.o)
 .debug_ranges  0x00000358       0x18 .\CortexM3\ARM_GCC_541\Debug\AnalogIR.a(ADC_SAR_Seq_1_TempBuf_dma.o)
 .debug_ranges  0x00000370       0x18 .\CortexM3\ARM_GCC_541\Debug\AnalogIR.a(ADC_SAR_Seq_1_FinalBuf_dma.o)
 .debug_ranges  0x00000388       0x70 .\CortexM3\ARM_GCC_541\Debug\AnalogIR.a(ADC_SAR_Seq_1_IRQ.o)
 .debug_ranges  0x000003f8       0xc8 .\CortexM3\ARM_GCC_541\Debug\AnalogIR.a(CyDmac.o)
 .debug_ranges  0x000004c0      0x290 .\CortexM3\ARM_GCC_541\Debug\AnalogIR.a(CyLib.o)
 .debug_ranges  0x00000750       0x88 .\CortexM3\ARM_GCC_541\Debug\AnalogIR.a(cyPm.o)
 .debug_ranges  0x000007d8       0x28 .\CortexM3\ARM_GCC_541\Debug\AnalogIR.a(I2C.o)
 .debug_ranges  0x00000800       0x10 .\CortexM3\ARM_GCC_541\Debug\AnalogIR.a(I2C_INT.o)
 .debug_ranges  0x00000810       0x28 .\CortexM3\ARM_GCC_541\Debug\AnalogIR.a(I2C_PM.o)
 .debug_ranges  0x00000838       0x70 .\CortexM3\ARM_GCC_541\Debug\AnalogIR.a(I2C_MASTER.o)
 .debug_ranges  0x000008a8       0x70 .\CortexM3\ARM_GCC_541\Debug\AnalogIR.a(isr_ADC_1.o)
 .debug_ranges  0x00000918       0x98 .\CortexM3\ARM_GCC_541\Debug\AnalogIR.a(PWM_1.o)
 .debug_ranges  0x000009b0       0x28 .\CortexM3\ARM_GCC_541\Debug\AnalogIR.a(Pin_Motor_2.o)
 .debug_ranges  0x000009d8       0x28 .\CortexM3\ARM_GCC_541\Debug\AnalogIR.a(Pin_Motor_1.o)
 .debug_ranges  0x00000a00       0x28 .\CortexM3\ARM_GCC_541\Debug\AnalogIR.a(Pin_Led_1.o)
 .debug_ranges  0x00000a28       0x28 .\CortexM3\ARM_GCC_541\Debug\AnalogIR.a(Pin_Led_2.o)
 .debug_ranges  0x00000a50       0x28 .\CortexM3\ARM_GCC_541\Debug\AnalogIR.a(Pin_Led_3.o)
 .debug_ranges  0x00000a78       0x70 .\CortexM3\ARM_GCC_541\Debug\AnalogIR.a(isr_btn_2.o)
 .debug_ranges  0x00000ae8       0x70 .\CortexM3\ARM_GCC_541\Debug\AnalogIR.a(isr_btn_1.o)
 .debug_ranges  0x00000b58       0x70 .\CortexM3\ARM_GCC_541\Debug\AnalogIR.a(isr_btn_3.o)
 .debug_ranges  0x00000bc8       0x70 .\CortexM3\ARM_GCC_541\Debug\AnalogIR.a(isr_btn_3_Pressed.o)
 .debug_ranges  0x00000c38       0x28 .\CortexM3\ARM_GCC_541\Debug\AnalogIR.a(Pin_Led_5.o)
 .debug_ranges  0x00000c60       0x28 .\CortexM3\ARM_GCC_541\Debug\AnalogIR.a(Pin_Led_4.o)
 .debug_ranges  0x00000c88       0x30 .\CortexM3\ARM_GCC_541\Debug\AnalogIR.a(Status_Reg_UltraSoon_1.o)
 .debug_ranges  0x00000cb8       0x30 .\CortexM3\ARM_GCC_541\Debug\AnalogIR.a(Status_Reg_UltraSoon_2.o)
 .debug_ranges  0x00000ce8       0x70 .\CortexM3\ARM_GCC_541\Debug\AnalogIR.a(isr_UltraSoon.o)
 .debug_ranges  0x00000d58       0x70 .\CortexM3\ARM_GCC_541\Debug\AnalogIR.a(isr_UltraSoon_ToClose.o)
 .debug_ranges  0x00000dc8       0x78 .\CortexM3\ARM_GCC_541\Debug\AnalogIR.a(CyFlash.o)
 .debug_ranges  0x00000e40       0x70 .\CortexM3\ARM_GCC_541\Debug\AnalogIR.a(CySpc.o)

.comment        0x00000000       0x6e
 .comment       0x00000000       0x6e .\CortexM3\ARM_GCC_541\Debug\main.o
                                 0x6f (size before relaxing)
 .comment       0x0000006e       0x6f .\CortexM3\ARM_GCC_541\Debug\LiquidCrystal_I2C.o
 .comment       0x0000006e       0x6f .\CortexM3\ARM_GCC_541\Debug\Driving.o
 .comment       0x0000006e       0x6f .\CortexM3\ARM_GCC_541\Debug\cyfitter_cfg.o
 .comment       0x0000006e       0x6f .\CortexM3\ARM_GCC_541\Debug\cymetadata.o
 .comment       0x0000006e       0x6f .\CortexM3\ARM_GCC_541\Debug\Cm3Start.o
 .comment       0x0000006e       0x6f .\CortexM3\ARM_GCC_541\Debug\AnalogIR.a(ADC_SAR_Seq_1.o)
 .comment       0x0000006e       0x6f .\CortexM3\ARM_GCC_541\Debug\AnalogIR.a(ADC_SAR_Seq_1_INT.o)
 .comment       0x0000006e       0x6f .\CortexM3\ARM_GCC_541\Debug\AnalogIR.a(ADC_SAR_Seq_1_SAR.o)
 .comment       0x0000006e       0x6f .\CortexM3\ARM_GCC_541\Debug\AnalogIR.a(ADC_SAR_Seq_1_TempBuf_dma.o)
 .comment       0x0000006e       0x6f .\CortexM3\ARM_GCC_541\Debug\AnalogIR.a(ADC_SAR_Seq_1_FinalBuf_dma.o)
 .comment       0x0000006e       0x6f .\CortexM3\ARM_GCC_541\Debug\AnalogIR.a(ADC_SAR_Seq_1_IRQ.o)
 .comment       0x0000006e       0x6f .\CortexM3\ARM_GCC_541\Debug\AnalogIR.a(CyDmac.o)
 .comment       0x0000006e       0x6f .\CortexM3\ARM_GCC_541\Debug\AnalogIR.a(CyLib.o)
 .comment       0x0000006e       0x6f .\CortexM3\ARM_GCC_541\Debug\AnalogIR.a(cyPm.o)
 .comment       0x0000006e       0x6f .\CortexM3\ARM_GCC_541\Debug\AnalogIR.a(I2C.o)
 .comment       0x0000006e       0x6f .\CortexM3\ARM_GCC_541\Debug\AnalogIR.a(I2C_INT.o)
 .comment       0x0000006e       0x6f .\CortexM3\ARM_GCC_541\Debug\AnalogIR.a(I2C_PM.o)
 .comment       0x0000006e       0x6f .\CortexM3\ARM_GCC_541\Debug\AnalogIR.a(I2C_MASTER.o)
 .comment       0x0000006e       0x6f .\CortexM3\ARM_GCC_541\Debug\AnalogIR.a(isr_ADC_1.o)
 .comment       0x0000006e       0x6f .\CortexM3\ARM_GCC_541\Debug\AnalogIR.a(PWM_1.o)
 .comment       0x0000006e       0x6f .\CortexM3\ARM_GCC_541\Debug\AnalogIR.a(Pin_Motor_2.o)
 .comment       0x0000006e       0x6f .\CortexM3\ARM_GCC_541\Debug\AnalogIR.a(Pin_Motor_1.o)
 .comment       0x0000006e       0x6f .\CortexM3\ARM_GCC_541\Debug\AnalogIR.a(Pin_Led_1.o)
 .comment       0x0000006e       0x6f .\CortexM3\ARM_GCC_541\Debug\AnalogIR.a(Pin_Led_2.o)
 .comment       0x0000006e       0x6f .\CortexM3\ARM_GCC_541\Debug\AnalogIR.a(Pin_Led_3.o)
 .comment       0x0000006e       0x6f .\CortexM3\ARM_GCC_541\Debug\AnalogIR.a(isr_btn_2.o)
 .comment       0x0000006e       0x6f .\CortexM3\ARM_GCC_541\Debug\AnalogIR.a(isr_btn_1.o)
 .comment       0x0000006e       0x6f .\CortexM3\ARM_GCC_541\Debug\AnalogIR.a(isr_btn_3.o)
 .comment       0x0000006e       0x6f .\CortexM3\ARM_GCC_541\Debug\AnalogIR.a(isr_btn_3_Pressed.o)
 .comment       0x0000006e       0x6f .\CortexM3\ARM_GCC_541\Debug\AnalogIR.a(Pin_Led_5.o)
 .comment       0x0000006e       0x6f .\CortexM3\ARM_GCC_541\Debug\AnalogIR.a(Pin_Led_4.o)
 .comment       0x0000006e       0x6f .\CortexM3\ARM_GCC_541\Debug\AnalogIR.a(Status_Reg_UltraSoon_1.o)
 .comment       0x0000006e       0x6f .\CortexM3\ARM_GCC_541\Debug\AnalogIR.a(Status_Reg_UltraSoon_2.o)
 .comment       0x0000006e       0x6f .\CortexM3\ARM_GCC_541\Debug\AnalogIR.a(isr_UltraSoon.o)
 .comment       0x0000006e       0x6f .\CortexM3\ARM_GCC_541\Debug\AnalogIR.a(isr_UltraSoon_ToClose.o)
 .comment       0x0000006e       0x6f .\CortexM3\ARM_GCC_541\Debug\AnalogIR.a(CyFlash.o)
 .comment       0x0000006e       0x6f .\CortexM3\ARM_GCC_541\Debug\AnalogIR.a(CySpc.o)

.debug_weaknames
 *(.debug_weaknames)

.debug_funcnames
 *(.debug_funcnames)

.debug_typenames
 *(.debug_typenames)

.debug_varnames
 *(.debug_varnames)

.note.gnu.arm.ident
 *(.note.gnu.arm.ident)

.ARM.attributes
                0x00000000       0x29
 *(.ARM.attributes)
 .ARM.attributes
                0x00000000       0x1d c:/program files (x86)/cypress/psoc creator/4.2/psoc creator/import/gnu/arm/5.4.1/bin/../lib/gcc/arm-none-eabi/5.4.1/armv7-m/crti.o
 .ARM.attributes
                0x0000001d       0x2d c:/program files (x86)/cypress/psoc creator/4.2/psoc creator/import/gnu/arm/5.4.1/bin/../lib/gcc/arm-none-eabi/5.4.1/armv7-m/crtbegin.o
 .ARM.attributes
                0x0000004a       0x1b c:/program files (x86)/cypress/psoc creator/4.2/psoc creator/import/gnu/arm/5.4.1/bin/../lib/gcc/arm-none-eabi/5.4.1/../../../../arm-none-eabi/lib/armv7-m/crt0.o
 .ARM.attributes
                0x00000065       0x33 .\CortexM3\ARM_GCC_541\Debug\main.o
 .ARM.attributes
                0x00000098       0x33 .\CortexM3\ARM_GCC_541\Debug\LiquidCrystal_I2C.o
 .ARM.attributes
                0x000000cb       0x33 .\CortexM3\ARM_GCC_541\Debug\Driving.o
 .ARM.attributes
                0x000000fe       0x33 .\CortexM3\ARM_GCC_541\Debug\cyfitter_cfg.o
 .ARM.attributes
                0x00000131       0x33 .\CortexM3\ARM_GCC_541\Debug\cymetadata.o
 .ARM.attributes
                0x00000164       0x33 .\CortexM3\ARM_GCC_541\Debug\Cm3Start.o
 .ARM.attributes
                0x00000197       0x33 .\CortexM3\ARM_GCC_541\Debug\AnalogIR.a(ADC_SAR_Seq_1.o)
 .ARM.attributes
                0x000001ca       0x33 .\CortexM3\ARM_GCC_541\Debug\AnalogIR.a(ADC_SAR_Seq_1_INT.o)
 .ARM.attributes
                0x000001fd       0x33 .\CortexM3\ARM_GCC_541\Debug\AnalogIR.a(ADC_SAR_Seq_1_SAR.o)
 .ARM.attributes
                0x00000230       0x33 .\CortexM3\ARM_GCC_541\Debug\AnalogIR.a(ADC_SAR_Seq_1_TempBuf_dma.o)
 .ARM.attributes
                0x00000263       0x33 .\CortexM3\ARM_GCC_541\Debug\AnalogIR.a(ADC_SAR_Seq_1_FinalBuf_dma.o)
 .ARM.attributes
                0x00000296       0x33 .\CortexM3\ARM_GCC_541\Debug\AnalogIR.a(ADC_SAR_Seq_1_IRQ.o)
 .ARM.attributes
                0x000002c9       0x33 .\CortexM3\ARM_GCC_541\Debug\AnalogIR.a(CyDmac.o)
 .ARM.attributes
                0x000002fc       0x33 .\CortexM3\ARM_GCC_541\Debug\AnalogIR.a(CyLib.o)
 .ARM.attributes
                0x0000032f       0x33 .\CortexM3\ARM_GCC_541\Debug\AnalogIR.a(cyPm.o)
 .ARM.attributes
                0x00000362       0x33 .\CortexM3\ARM_GCC_541\Debug\AnalogIR.a(I2C.o)
 .ARM.attributes
                0x00000395       0x33 .\CortexM3\ARM_GCC_541\Debug\AnalogIR.a(I2C_INT.o)
 .ARM.attributes
                0x000003c8       0x33 .\CortexM3\ARM_GCC_541\Debug\AnalogIR.a(I2C_PM.o)
 .ARM.attributes
                0x000003fb       0x33 .\CortexM3\ARM_GCC_541\Debug\AnalogIR.a(I2C_MASTER.o)
 .ARM.attributes
                0x0000042e       0x33 .\CortexM3\ARM_GCC_541\Debug\AnalogIR.a(isr_ADC_1.o)
 .ARM.attributes
                0x00000461       0x33 .\CortexM3\ARM_GCC_541\Debug\AnalogIR.a(PWM_1.o)
 .ARM.attributes
                0x00000494       0x33 .\CortexM3\ARM_GCC_541\Debug\AnalogIR.a(Pin_Motor_2.o)
 .ARM.attributes
                0x000004c7       0x33 .\CortexM3\ARM_GCC_541\Debug\AnalogIR.a(Pin_Motor_1.o)
 .ARM.attributes
                0x000004fa       0x33 .\CortexM3\ARM_GCC_541\Debug\AnalogIR.a(Pin_Led_1.o)
 .ARM.attributes
                0x0000052d       0x33 .\CortexM3\ARM_GCC_541\Debug\AnalogIR.a(Pin_Led_2.o)
 .ARM.attributes
                0x00000560       0x33 .\CortexM3\ARM_GCC_541\Debug\AnalogIR.a(Pin_Led_3.o)
 .ARM.attributes
                0x00000593       0x33 .\CortexM3\ARM_GCC_541\Debug\AnalogIR.a(isr_btn_2.o)
 .ARM.attributes
                0x000005c6       0x33 .\CortexM3\ARM_GCC_541\Debug\AnalogIR.a(isr_btn_1.o)
 .ARM.attributes
                0x000005f9       0x33 .\CortexM3\ARM_GCC_541\Debug\AnalogIR.a(isr_btn_3.o)
 .ARM.attributes
                0x0000062c       0x33 .\CortexM3\ARM_GCC_541\Debug\AnalogIR.a(isr_btn_3_Pressed.o)
 .ARM.attributes
                0x0000065f       0x33 .\CortexM3\ARM_GCC_541\Debug\AnalogIR.a(Pin_Led_5.o)
 .ARM.attributes
                0x00000692       0x33 .\CortexM3\ARM_GCC_541\Debug\AnalogIR.a(Pin_Led_4.o)
 .ARM.attributes
                0x000006c5       0x33 .\CortexM3\ARM_GCC_541\Debug\AnalogIR.a(Status_Reg_UltraSoon_1.o)
 .ARM.attributes
                0x000006f8       0x33 .\CortexM3\ARM_GCC_541\Debug\AnalogIR.a(Status_Reg_UltraSoon_2.o)
 .ARM.attributes
                0x0000072b       0x33 .\CortexM3\ARM_GCC_541\Debug\AnalogIR.a(isr_UltraSoon.o)
 .ARM.attributes
                0x0000075e       0x33 .\CortexM3\ARM_GCC_541\Debug\AnalogIR.a(isr_UltraSoon_ToClose.o)
 .ARM.attributes
                0x00000791       0x21 .\CortexM3\ARM_GCC_541\Debug\AnalogIR.a(CyBootAsmGnu.o)
 .ARM.attributes
                0x000007b2       0x33 .\CortexM3\ARM_GCC_541\Debug\AnalogIR.a(CyFlash.o)
 .ARM.attributes
                0x000007e5       0x33 .\CortexM3\ARM_GCC_541\Debug\AnalogIR.a(CySpc.o)
 .ARM.attributes
                0x00000818       0x1d c:/program files (x86)/cypress/psoc creator/4.2/psoc creator/import/gnu/arm/5.4.1/bin/../lib/gcc/arm-none-eabi/5.4.1/armv7-m\libgcc.a(_arm_addsubsf3.o)
 .ARM.attributes
                0x00000835       0x1d c:/program files (x86)/cypress/psoc creator/4.2/psoc creator/import/gnu/arm/5.4.1/bin/../lib/gcc/arm-none-eabi/5.4.1/armv7-m\libgcc.a(_arm_muldivsf3.o)
 .ARM.attributes
                0x00000852       0x1d c:/program files (x86)/cypress/psoc creator/4.2/psoc creator/import/gnu/arm/5.4.1/bin/../lib/gcc/arm-none-eabi/5.4.1/armv7-m\libgcc.a(_aeabi_ldivmod.o)
 .ARM.attributes
                0x0000086f       0x2d c:/program files (x86)/cypress/psoc creator/4.2/psoc creator/import/gnu/arm/5.4.1/bin/../lib/gcc/arm-none-eabi/5.4.1/armv7-m\libgcc.a(_udivmoddi4.o)
 .ARM.attributes
                0x0000089c       0x1d c:/program files (x86)/cypress/psoc creator/4.2/psoc creator/import/gnu/arm/5.4.1/bin/../lib/gcc/arm-none-eabi/5.4.1/armv7-m\libgcc.a(_dvmd_tls.o)
 .ARM.attributes
                0x000008b9       0x2d c:/program files (x86)/cypress/psoc creator/4.2/psoc creator/import/gnu/arm/5.4.1/bin/../lib/gcc/arm-none-eabi/5.4.1/../../../../arm-none-eabi/lib/armv7-m\libg_nano.a(lib_a-errno.o)
 .ARM.attributes
                0x000008e6       0x2d c:/program files (x86)/cypress/psoc creator/4.2/psoc creator/import/gnu/arm/5.4.1/bin/../lib/gcc/arm-none-eabi/5.4.1/../../../../arm-none-eabi/lib/armv7-m\libg_nano.a(lib_a-exit.o)
 .ARM.attributes
                0x00000913       0x2d c:/program files (x86)/cypress/psoc creator/4.2/psoc creator/import/gnu/arm/5.4.1/bin/../lib/gcc/arm-none-eabi/5.4.1/../../../../arm-none-eabi/lib/armv7-m\libg_nano.a(lib_a-impure.o)
 .ARM.attributes
                0x00000940       0x2d c:/program files (x86)/cypress/psoc creator/4.2/psoc creator/import/gnu/arm/5.4.1/bin/../lib/gcc/arm-none-eabi/5.4.1/../../../../arm-none-eabi/lib/armv7-m\libg_nano.a(lib_a-init.o)
 .ARM.attributes
                0x0000096d       0x2d c:/program files (x86)/cypress/psoc creator/4.2/psoc creator/import/gnu/arm/5.4.1/bin/../lib/gcc/arm-none-eabi/5.4.1/../../../../arm-none-eabi/lib/armv7-m\libg_nano.a(lib_a-itoa.o)
 .ARM.attributes
                0x0000099a       0x2d c:/program files (x86)/cypress/psoc creator/4.2/psoc creator/import/gnu/arm/5.4.1/bin/../lib/gcc/arm-none-eabi/5.4.1/../../../../arm-none-eabi/lib/armv7-m\libg_nano.a(lib_a-memcpy-stub.o)
 .ARM.attributes
                0x000009c7       0x2d c:/program files (x86)/cypress/psoc creator/4.2/psoc creator/import/gnu/arm/5.4.1/bin/../lib/gcc/arm-none-eabi/5.4.1/../../../../arm-none-eabi/lib/armv7-m\libg_nano.a(lib_a-memset.o)
 .ARM.attributes
                0x000009f4       0x17 c:/program files (x86)/cypress/psoc creator/4.2/psoc creator/import/gnu/arm/5.4.1/bin/../lib/gcc/arm-none-eabi/5.4.1/../../../../arm-none-eabi/lib/armv7-m\libg_nano.a(lib_a-strlen.o)
 .ARM.attributes
                0x00000a0b       0x2d c:/program files (x86)/cypress/psoc creator/4.2/psoc creator/import/gnu/arm/5.4.1/bin/../lib/gcc/arm-none-eabi/5.4.1/../../../../arm-none-eabi/lib/armv7-m\libg_nano.a(lib_a-utoa.o)
 .ARM.attributes
                0x00000a38       0x2d c:/program files (x86)/cypress/psoc creator/4.2/psoc creator/import/gnu/arm/5.4.1/bin/../lib/gcc/arm-none-eabi/5.4.1/armv7-m/crtend.o
 .ARM.attributes
                0x00000a65       0x1d c:/program files (x86)/cypress/psoc creator/4.2/psoc creator/import/gnu/arm/5.4.1/bin/../lib/gcc/arm-none-eabi/5.4.1/armv7-m/crtn.o

/DISCARD/
 *(.note.GNU-stack)
OUTPUT(C:\Users\Hugo\Documents\PSoC Creator\Projectino\AnalogIR.cydsn\CortexM3\ARM_GCC_541\Debug\AnalogIR.elf elf32-littlearm)
