Archive member included to satisfy reference by file (symbol)

.\CortexM3\ARM_GCC_541\Debug\Roadster1.0.a(ADC_IR.o)
                              .\CortexM3\ARM_GCC_541\Debug\main.o (ADC_IR_Start)
.\CortexM3\ARM_GCC_541\Debug\Roadster1.0.a(ADC_IR_INT.o)
                              .\CortexM3\ARM_GCC_541\Debug\Roadster1.0.a(ADC_IR.o) (ADC_IR_ISR)
.\CortexM3\ARM_GCC_541\Debug\Roadster1.0.a(LED5.o)
                              .\CortexM3\ARM_GCC_541\Debug\main.o (LED5_Write)
.\CortexM3\ARM_GCC_541\Debug\Roadster1.0.a(LED4.o)
                              .\CortexM3\ARM_GCC_541\Debug\main.o (LED4_Write)
.\CortexM3\ARM_GCC_541\Debug\Roadster1.0.a(LED3.o)
                              .\CortexM3\ARM_GCC_541\Debug\main.o (LED3_Write)
.\CortexM3\ARM_GCC_541\Debug\Roadster1.0.a(LED2.o)
                              .\CortexM3\ARM_GCC_541\Debug\main.o (LED2_Write)
.\CortexM3\ARM_GCC_541\Debug\Roadster1.0.a(LED1.o)
                              .\CortexM3\ARM_GCC_541\Debug\main.o (LED1_Write)
.\CortexM3\ARM_GCC_541\Debug\Roadster1.0.a(SW1.o)
                              .\CortexM3\ARM_GCC_541\Debug\main.o (SW1_Read)
.\CortexM3\ARM_GCC_541\Debug\Roadster1.0.a(LCD.o)
                              .\CortexM3\ARM_GCC_541\Debug\main.o (LCD_Start)
.\CortexM3\ARM_GCC_541\Debug\Roadster1.0.a(LCD_CustChars.o)
                              .\CortexM3\ARM_GCC_541\Debug\Roadster1.0.a(LCD.o) (LCD_LoadCustomFonts)
.\CortexM3\ARM_GCC_541\Debug\Roadster1.0.a(readIRSensors.o)
                              .\CortexM3\ARM_GCC_541\Debug\main.o (readIRSensors_StartEx)
.\CortexM3\ARM_GCC_541\Debug\Roadster1.0.a(TriggerReg.o)
                              .\CortexM3\ARM_GCC_541\Debug\Sensoren.o (TriggerReg_Write)
.\CortexM3\ARM_GCC_541\Debug\Roadster1.0.a(TimerUS.o)
                              .\CortexM3\ARM_GCC_541\Debug\main.o (TimerUS_Start)
.\CortexM3\ARM_GCC_541\Debug\Roadster1.0.a(statusEcho.o)
                              .\CortexM3\ARM_GCC_541\Debug\Sensoren.o (statusEcho_Read)
.\CortexM3\ARM_GCC_541\Debug\Roadster1.0.a(ENB.o)
                              .\CortexM3\ARM_GCC_541\Debug\main.o (ENB_Write)
.\CortexM3\ARM_GCC_541\Debug\Roadster1.0.a(ENA.o)
                              .\CortexM3\ARM_GCC_541\Debug\main.o (ENA_Write)
.\CortexM3\ARM_GCC_541\Debug\Roadster1.0.a(MotorControl.o)
                              .\CortexM3\ARM_GCC_541\Debug\main.o (MotorControl_WriteCompare1)
.\CortexM3\ARM_GCC_541\Debug\Roadster1.0.a(ADC_IR_SAR.o)
                              .\CortexM3\ARM_GCC_541\Debug\Roadster1.0.a(ADC_IR.o) (ADC_IR_SAR_shift)
.\CortexM3\ARM_GCC_541\Debug\Roadster1.0.a(ADC_IR_TempBuf_dma.o)
                              .\CortexM3\ARM_GCC_541\Debug\Roadster1.0.a(ADC_IR.o) (ADC_IR_TempBuf_DmaInitialize)
.\CortexM3\ARM_GCC_541\Debug\Roadster1.0.a(ADC_IR_FinalBuf_dma.o)
                              .\CortexM3\ARM_GCC_541\Debug\Roadster1.0.a(ADC_IR.o) (ADC_IR_FinalBuf_DmaInitialize)
.\CortexM3\ARM_GCC_541\Debug\Roadster1.0.a(ADC_IR_IRQ.o)
                              .\CortexM3\ARM_GCC_541\Debug\Roadster1.0.a(ADC_IR.o) (ADC_IR_IRQ_SetVector)
.\CortexM3\ARM_GCC_541\Debug\Roadster1.0.a(CyDmac.o)
                              .\CortexM3\ARM_GCC_541\Debug\Cm3Start.o (CyDmacConfigure)
.\CortexM3\ARM_GCC_541\Debug\Roadster1.0.a(CyLib.o)
                              .\CortexM3\ARM_GCC_541\Debug\Cm3Start.o (CyHalt)
.\CortexM3\ARM_GCC_541\Debug\Roadster1.0.a(cyPm.o)
                              .\CortexM3\ARM_GCC_541\Debug\Roadster1.0.a(CyLib.o) (CyPmReadStatus)
.\CortexM3\ARM_GCC_541\Debug\Roadster1.0.a(DraaiRichtingISR.o)
                              .\CortexM3\ARM_GCC_541\Debug\main.o (DraaiRichtingISR_StartEx)
.\CortexM3\ARM_GCC_541\Debug\Roadster1.0.a(CyBootAsmGnu.o)
                              .\CortexM3\ARM_GCC_541\Debug\cyfitter_cfg.o (CyDelayCycles)
.\CortexM3\ARM_GCC_541\Debug\Roadster1.0.a(CyFlash.o)
                              .\CortexM3\ARM_GCC_541\Debug\Roadster1.0.a(cyPm.o) (CyFlash_SetWaitCycles)
.\CortexM3\ARM_GCC_541\Debug\Roadster1.0.a(CySpc.o)
                              .\CortexM3\ARM_GCC_541\Debug\Roadster1.0.a(CyFlash.o) (CySpcStart)
c:/program files (x86)/cypress/psoc creator/4.1/psoc creator/import/gnu/arm/5.4.1/bin/../lib/gcc/arm-none-eabi/5.4.1/armv7-m\libgcc.a(_arm_addsubsf3.o)
                              .\CortexM3\ARM_GCC_541\Debug\Roadster1.0.a(ADC_IR_SAR.o) (__aeabi_i2f)
c:/program files (x86)/cypress/psoc creator/4.1/psoc creator/import/gnu/arm/5.4.1/bin/../lib/gcc/arm-none-eabi/5.4.1/armv7-m\libgcc.a(_arm_muldivsf3.o)
                              .\CortexM3\ARM_GCC_541\Debug\Roadster1.0.a(ADC_IR_SAR.o) (__aeabi_fmul)
c:/program files (x86)/cypress/psoc creator/4.1/psoc creator/import/gnu/arm/5.4.1/bin/../lib/gcc/arm-none-eabi/5.4.1/armv7-m\libgcc.a(_aeabi_ldivmod.o)
                              .\CortexM3\ARM_GCC_541\Debug\Roadster1.0.a(ADC_IR_SAR.o) (__aeabi_ldivmod)
[...]
Memory Configuration

Name             Origin             Length             Attributes
rom              0x00000000         0x00040000         xr
ram              0x1fff8000         0x00010000         xrw
*default*        0x00000000         0xffffffff

Linker script and memory map

LOAD c:/program files (x86)/cypress/psoc creator/4.1/psoc creator/import/gnu/arm/5.4.1/bin/../lib/gcc/arm-none-eabi/5.4.1/armv7-m/crti.o
LOAD c:/program files (x86)/cypress/psoc creator/4.1/psoc creator/import/gnu/arm/5.4.1/bin/../lib/gcc/arm-none-eabi/5.4.1/armv7-m/crtbegin.o
LOAD c:/program files (x86)/cypress/psoc creator/4.1/psoc creator/import/gnu/arm/5.4.1/bin/../lib/gcc/arm-none-eabi/5.4.1/../../../../arm-none-eabi/lib/armv7-m/crt0.o
START GROUP
LOAD .\CortexM3\ARM_GCC_541\Debug\main.o
LOAD .\CortexM3\ARM_GCC_541\Debug\Sensoren.o
LOAD .\CortexM3\ARM_GCC_541\Debug\RaceLogica.o
LOAD .\CortexM3\ARM_GCC_541\Debug\cyfitter_cfg.o
LOAD .\CortexM3\ARM_GCC_541\Debug\cymetadata.o
LOAD .\CortexM3\ARM_GCC_541\Debug\Cm3Start.o
LOAD .\CortexM3\ARM_GCC_541\Debug\Roadster1.0.a
LOAD C:\Program Files (x86)\Cypress\PSoC Creator\4.1\PSoC Creator\psoc\content\cycomponentlibrary\CyComponentLibrary.cylib\CortexM3\ARM_GCC_541\Debug\CyComponentLibrary.a
END GROUP
START GROUP
LOAD c:/program files (x86)/cypress/psoc creator/4.1/psoc creator/import/gnu/arm/5.4.1/bin/../lib/gcc/arm-none-eabi/5.4.1/armv7-m\libgcc.a
LOAD c:/program files (x86)/cypress/psoc creator/4.1/psoc creator/import/gnu/arm/5.4.1/bin/../lib/gcc/arm-none-eabi/5.4.1/../../../../arm-none-eabi/lib/armv7-m\libg_nano.a
LOAD c:/program files (x86)/cypress/psoc creator/4.1/psoc creator/import/gnu/arm/5.4.1/bin/../lib/gcc/arm-none-eabi/5.4.1/../../../../arm-none-eabi/lib/armv7-m\libc_nano.a
END GROUP
START GROUP
LOAD c:/program files (x86)/cypress/psoc creator/4.1/psoc creator/import/gnu/arm/5.4.1/bin/../lib/gcc/arm-none-eabi/5.4.1/armv7-m\libgcc.a
LOAD c:/program files (x86)/cypress/psoc creator/4.1/psoc creator/import/gnu/arm/5.4.1/bin/../lib/gcc/arm-none-eabi/5.4.1/../../../../arm-none-eabi/lib/armv7-m\libc_nano.a
END GROUP
LOAD c:/program files (x86)/cypress/psoc creator/4.1/psoc creator/import/gnu/arm/5.4.1/bin/../lib/gcc/arm-none-eabi/5.4.1/armv7-m/crtend.o
LOAD c:/program files (x86)/cypress/psoc creator/4.1/psoc creator/import/gnu/arm/5.4.1/bin/../lib/gcc/arm-none-eabi/5.4.1/armv7-m/crtn.o
START GROUP
LOAD c:/program files (x86)/cypress/psoc creator/4.1/psoc creator/import/gnu/arm/5.4.1/bin/../lib/gcc/arm-none-eabi/5.4.1/armv7-m\libgcc.a
LOAD c:/program files (x86)/cypress/psoc creator/4.1/psoc creator/import/gnu/arm/5.4.1/bin/../lib/gcc/arm-none-eabi/5.4.1/../../../../arm-none-eabi/lib/armv7-m\libc.a
LOAD c:/program files (x86)/cypress/psoc creator/4.1/psoc creator/import/gnu/arm/5.4.1/bin/../lib/gcc/arm-none-eabi/5.4.1/../../../../arm-none-eabi/lib/armv7-m\libnosys.a
END GROUP
                0x00000000                CY_APPL_ORIGIN = 0x0
                0x00000100                CY_FLASH_ROW_SIZE = 0x100
                0x00000020                CY_ECC_ROW_SIZE = 0x20
                0x00000000                CY_EE_IN_BTLDR = 0x0
                0x00000000                CY_APPL_LOADABLE = 0x0
                0x00000800                CY_EE_SIZE = 0x800
                0x00000001                CY_APPL_NUM = 0x1
                0x00000001                CY_APPL_MAX = 0x1
                0x00000040                CY_METADATA_SIZE = 0x40
                0x00000000                CY_APPL_LOADABLE = 0x0
                0x00000000                CY_CHECKSUM_EXCLUDE_SIZE = ALIGN (0x0, CY_FLASH_ROW_SIZE)
                [!provide]                PROVIDE (__cy_heap_start, _end)
                0x00000001                PROVIDE (__cy_region_num, ((__cy_regions_end - __cy_regions) / 0x10))
                0x20008000                PROVIDE (__cy_stack, (ORIGIN (ram) + LENGTH (ram)))
                [!provide]                PROVIDE (__cy_heap_end, (__cy_stack - 0x800))

.cybootloader   0x00000000        0x0
 *(.cybootloader)
                0x00000000                appl1_start = CY_APPL_ORIGIN?CY_APPL_ORIGIN:ALIGN (CY_FLASH_ROW_SIZE)
                0x0001ff00                appl2_start = (appl1_start + ALIGN ((((LENGTH (rom) - appl1_start) - (0x2 * CY_FLASH_ROW_SIZE)) / 0x2), CY_FLASH_ROW_SIZE))
                0x00000000                appl_start = (CY_APPL_NUM == 0x1)?appl1_start:appl2_start
                0x00000000                ecc_offset = ((appl_start / CY_FLASH_ROW_SIZE) * CY_ECC_ROW_SIZE)
                0x00000000                ee_offset = (CY_APPL_LOADABLE && ! (CY_EE_IN_BTLDR))?((CY_EE_SIZE / CY_APPL_MAX) * (CY_APPL_NUM - 0x1)):0x0
                0x00000800                ee_size = (CY_APPL_LOADABLE && ! (CY_EE_IN_BTLDR))?(CY_EE_SIZE / CY_APPL_MAX):CY_EE_SIZE
                [!provide]                PROVIDE (CY_ECC_OFFSET, ecc_offset)

.text           0x00000000     0x1446
 CREATE_OBJECT_SYMBOLS
                0x00000000                PROVIDE (__cy_interrupt_vector, RomVectors)
 *(.romvectors)
 .romvectors    0x00000000       0x10 .\CortexM3\ARM_GCC_541\Debug\Cm3Start.o
                0x00000000                RomVectors
                0x00000001                ASSERT ((. != __cy_interrupt_vector), No interrupt vector)
                0x00000001                ASSERT (CY_APPL_ORIGIN?(SIZEOF (.cybootloader) <= CY_APPL_ORIGIN):0x1, Wrong image location)
                0x00000010                PROVIDE (__cy_reset, Reset)
 *(.text.Reset)
 .text.Reset    0x00000010       0x18 .\CortexM3\ARM_GCC_541\Debug\Cm3Start.o
                0x00000010                Reset
                0x00000001                ASSERT ((. != __cy_reset), No reset code)
 *(.dma_init)
                0x00000001                ASSERT ((((appl_start + .) <= 0x10000) || 0x1), DMA Init must be within the first 64k of flash)
 *(.text .text.* .gnu.linkonce.t.*)
 .text          0x00000028       0x5c c:/program files (x86)/cypress/psoc creator/4.1/psoc creator/import/gnu/arm/5.4.1/bin/../lib/gcc/arm-none-eabi/5.4.1/armv7-m/crtbegin.o
 .text.AndereDraaiRichting
                0x00000084       0x34 .\CortexM3\ARM_GCC_541\Debug\main.o
                0x00000084                AndereDraaiRichting
 .text.initFirmwire
                0x000000b8       0x2c .\CortexM3\ARM_GCC_541\Debug\main.o
                0x000000b8                initFirmwire
 .text.telProcedure
                0x000000e4       0x5c .\CortexM3\ARM_GCC_541\Debug\main.o
                0x000000e4                telProcedure
 .text.exponent
                0x00000140       0x18 .\CortexM3\ARM_GCC_541\Debug\main.o
                0x00000140                exponent
 .text.printBINopLCD
                0x00000158       0x38 .\CortexM3\ARM_GCC_541\Debug\main.o
                0x00000158                printBINopLCD
 .text.main     0x00000190       0xec .\CortexM3\ARM_GCC_541\Debug\main.o
                0x00000190                main
 .text.IRSensoren
                0x0000027c       0x3c .\CortexM3\ARM_GCC_541\Debug\Sensoren.o
                0x0000027c                IRSensoren
 .text.stuurMotorenBijOG
                0x000002b8      0x120 .\CortexM3\ARM_GCC_541\Debug\RaceLogica.o
                0x000002b8                stuurMotorenBijOG
 .text.PlaatsIRWaardenInArray
                0x000003d8       0x34 .\CortexM3\ARM_GCC_541\Debug\RaceLogica.o
                0x000003d8                PlaatsIRWaardenInArray
 .text.AnalyseerData
                0x0000040c       0x30 .\CortexM3\ARM_GCC_541\Debug\RaceLogica.o
                0x0000040c                AnalyseerData
 .text.CyClockStartupError
                0x0000043c        0x4 .\CortexM3\ARM_GCC_541\Debug\cyfitter_cfg.o
 .text.cfg_write_bytes32
                0x00000440       0x34 .\CortexM3\ARM_GCC_541\Debug\cyfitter_cfg.o
 .text.CYMEMZERO
                0x00000474        0xc .\CortexM3\ARM_GCC_541\Debug\cyfitter_cfg.o
 .text.ClockSetup
                0x00000480       0xd8 .\CortexM3\ARM_GCC_541\Debug\cyfitter_cfg.o
 .text.AnalogSetDefault
                0x00000558       0x7c .\CortexM3\ARM_GCC_541\Debug\cyfitter_cfg.o
 .text.CYCONFIGCPY
                0x000005d4        0x8 .\CortexM3\ARM_GCC_541\Debug\cyfitter_cfg.o
 .text.cyfitter_cfg
                0x000005dc      0x124 .\CortexM3\ARM_GCC_541\Debug\cyfitter_cfg.o
                0x000005dc                cyfitter_cfg
 .text.IntDefaultHandler
                0x00000700       0x10 .\CortexM3\ARM_GCC_541\Debug\Cm3Start.o
                0x00000700                IntDefaultHandler
 .text.Start_c  0x00000710       0x4c .\CortexM3\ARM_GCC_541\Debug\Cm3Start.o
                0x00000710                Start_c
 .text.initialize_psoc
                0x0000075c       0x6c .\CortexM3\ARM_GCC_541\Debug\Cm3Start.o
                0x0000075c                initialize_psoc
 .text.ADC_IR_Init
                0x000007c8       0x3c .\CortexM3\ARM_GCC_541\Debug\Roadster1.0.a(ADC_IR.o)
                0x000007c8                ADC_IR_Init
 .text.ADC_IR_Enable
                0x00000804       0xcc .\CortexM3\ARM_GCC_541\Debug\Roadster1.0.a(ADC_IR.o)
                0x00000804                ADC_IR_Enable
 .text.ADC_IR_Start
                0x000008d0       0x28 .\CortexM3\ARM_GCC_541\Debug\Roadster1.0.a(ADC_IR.o)
                0x000008d0                ADC_IR_Start
 .text.ADC_IR_StartConvert
                0x000008f8        0x8 .\CortexM3\ARM_GCC_541\Debug\Roadster1.0.a(ADC_IR.o)
                0x000008f8                ADC_IR_StartConvert
 .text.ADC_IR_GetResult16
                0x00000900       0x1c .\CortexM3\ARM_GCC_541\Debug\Roadster1.0.a(ADC_IR.o)
                0x00000900                ADC_IR_GetResult16
 .text.ADC_IR_ISR
                0x0000091c        0x4 .\CortexM3\ARM_GCC_541\Debug\Roadster1.0.a(ADC_IR_INT.o)
                0x0000091c                ADC_IR_ISR
 .text.LED5_Write
                0x00000920       0x18 .\CortexM3\ARM_GCC_541\Debug\Roadster1.0.a(LED5.o)
                0x00000920                LED5_Write
 .text.LED4_Write
                0x00000938       0x18 .\CortexM3\ARM_GCC_541\Debug\Roadster1.0.a(LED4.o)
                0x00000938                LED4_Write
 .text.LED3_Write
                0x00000950       0x18 .\CortexM3\ARM_GCC_541\Debug\Roadster1.0.a(LED3.o)
                0x00000950                LED3_Write
 .text.LED2_Write
                0x00000968       0x18 .\CortexM3\ARM_GCC_541\Debug\Roadster1.0.a(LED2.o)
                0x00000968                LED2_Write
 .text.LED1_Write
                0x00000980       0x18 .\CortexM3\ARM_GCC_541\Debug\Roadster1.0.a(LED1.o)
                0x00000980                LED1_Write
 .text.SW1_Read
                0x00000998       0x10 .\CortexM3\ARM_GCC_541\Debug\Roadster1.0.a(SW1.o)
                0x00000998                SW1_Read
 .text.LCD_WrCntrlNib
                0x000009a8       0x34 .\CortexM3\ARM_GCC_541\Debug\Roadster1.0.a(LCD.o)
 .text.LCD_WrDatNib
                0x000009dc       0x44 .\CortexM3\ARM_GCC_541\Debug\Roadster1.0.a(LCD.o)
 .text.LCD_IsReady
                0x00000a20       0xe4 .\CortexM3\ARM_GCC_541\Debug\Roadster1.0.a(LCD.o)
                0x00000a20                LCD_IsReady
 .text.LCD_WriteData
                0x00000b04       0x18 .\CortexM3\ARM_GCC_541\Debug\Roadster1.0.a(LCD.o)
                0x00000b04                LCD_WriteData
 .text.LCD_PrintString
                0x00000b1c       0x1c .\CortexM3\ARM_GCC_541\Debug\Roadster1.0.a(LCD.o)
                0x00000b1c                LCD_PrintString
 .text.LCD_PutChar
                0x00000b38        0x8 .\CortexM3\ARM_GCC_541\Debug\Roadster1.0.a(LCD.o)
                0x00000b38                LCD_PutChar
 .text.LCD_WriteControl
                0x00000b40       0x18 .\CortexM3\ARM_GCC_541\Debug\Roadster1.0.a(LCD.o)
                0x00000b40                LCD_WriteControl
 .text.LCD_Init
                0x00000b58       0x74 .\CortexM3\ARM_GCC_541\Debug\Roadster1.0.a(LCD.o)
                0x00000b58                LCD_Init
 .text.LCD_Enable
                0x00000bcc       0x14 .\CortexM3\ARM_GCC_541\Debug\Roadster1.0.a(LCD.o)
                0x00000bcc                LCD_Enable
 .text.LCD_Start
                0x00000be0       0x1c .\CortexM3\ARM_GCC_541\Debug\Roadster1.0.a(LCD.o)
                0x00000be0                LCD_Start
 .text.LCD_Position
                0x00000bfc       0x3c .\CortexM3\ARM_GCC_541\Debug\Roadster1.0.a(LCD.o)
                0x00000bfc                LCD_Position
 .text.LCD_PrintInt8
                0x00000c38       0x20 .\CortexM3\ARM_GCC_541\Debug\Roadster1.0.a(LCD.o)
                0x00000c38                LCD_PrintInt8
 .text.LCD_PrintInt16
                0x00000c58       0x14 .\CortexM3\ARM_GCC_541\Debug\Roadster1.0.a(LCD.o)
                0x00000c58                LCD_PrintInt16
 .text.LCD_PrintU32Number
                0x00000c6c       0x64 .\CortexM3\ARM_GCC_541\Debug\Roadster1.0.a(LCD.o)
                0x00000c6c                LCD_PrintU32Number
 .text.LCD_LoadCustomFonts
                0x00000cd0       0x2c .\CortexM3\ARM_GCC_541\Debug\Roadster1.0.a(LCD_CustChars.o)
                0x00000cd0                LCD_LoadCustomFonts
 .text.readIRSensors_SetVector
                0x00000cfc        0xc .\CortexM3\ARM_GCC_541\Debug\Roadster1.0.a(readIRSensors.o)
                0x00000cfc                readIRSensors_SetVector
 .text.readIRSensors_SetPriority
                0x00000d08       0x10 .\CortexM3\ARM_GCC_541\Debug\Roadster1.0.a(readIRSensors.o)
                0x00000d08                readIRSensors_SetPriority
 .text.readIRSensors_Enable
                0x00000d18        0xc .\CortexM3\ARM_GCC_541\Debug\Roadster1.0.a(readIRSensors.o)
                0x00000d18                readIRSensors_Enable
 .text.readIRSensors_Disable
                0x00000d24        0xc .\CortexM3\ARM_GCC_541\Debug\Roadster1.0.a(readIRSensors.o)
                0x00000d24                readIRSensors_Disable
 .text.readIRSensors_StartEx
                0x00000d30       0x1c .\CortexM3\ARM_GCC_541\Debug\Roadster1.0.a(readIRSensors.o)
                0x00000d30                readIRSensors_StartEx
 .text.TimerUS_Enable
                0x00000d4c       0x28 .\CortexM3\ARM_GCC_541\Debug\Roadster1.0.a(TimerUS.o)
                0x00000d4c                TimerUS_Enable
 .text.TimerUS_SetInterruptMode
                0x00000d74        0xc .\CortexM3\ARM_GCC_541\Debug\Roadster1.0.a(TimerUS.o)
                0x00000d74                TimerUS_SetInterruptMode
 .text.TimerUS_WritePeriod
                0x00000d80        0xc .\CortexM3\ARM_GCC_541\Debug\Roadster1.0.a(TimerUS.o)
                0x00000d80                TimerUS_WritePeriod
 .text.TimerUS_WriteCounter
                0x00000d8c        0xc .\CortexM3\ARM_GCC_541\Debug\Roadster1.0.a(TimerUS.o)
                0x00000d8c                TimerUS_WriteCounter
 .text.TimerUS_Init
                0x00000d98       0x8c .\CortexM3\ARM_GCC_541\Debug\Roadster1.0.a(TimerUS.o)
                0x00000d98                TimerUS_Init
 .text.TimerUS_Start
                0x00000e24       0x1c .\CortexM3\ARM_GCC_541\Debug\Roadster1.0.a(TimerUS.o)
                0x00000e24                TimerUS_Start
 .text.ENB_Write
                0x00000e40       0x18 .\CortexM3\ARM_GCC_541\Debug\Roadster1.0.a(ENB.o)
                0x00000e40                ENB_Write
 .text.ENA_Write
                0x00000e58       0x18 .\CortexM3\ARM_GCC_541\Debug\Roadster1.0.a(ENA.o)
                0x00000e58                ENA_Write
 .text.MotorControl_Enable
                0x00000e70       0x10 .\CortexM3\ARM_GCC_541\Debug\Roadster1.0.a(MotorControl.o)
                0x00000e70                MotorControl_Enable
 .text.MotorControl_WriteCounter
                0x00000e80        0xc .\CortexM3\ARM_GCC_541\Debug\Roadster1.0.a(MotorControl.o)
                0x00000e80                MotorControl_WriteCounter
 .text.MotorControl_WritePeriod
                0x00000e8c        0xc .\CortexM3\ARM_GCC_541\Debug\Roadster1.0.a(MotorControl.o)
                0x00000e8c                MotorControl_WritePeriod
 .text.MotorControl_WriteCompare1
                0x00000e98        0xc .\CortexM3\ARM_GCC_541\Debug\Roadster1.0.a(MotorControl.o)
                0x00000e98                MotorControl_WriteCompare1
 .text.MotorControl_WriteCompare2
                0x00000ea4        0xc .\CortexM3\ARM_GCC_541\Debug\Roadster1.0.a(MotorControl.o)
                0x00000ea4                MotorControl_WriteCompare2
 .text.MotorControl_SetInterruptMode
                0x00000eb0        0xc .\CortexM3\ARM_GCC_541\Debug\Roadster1.0.a(MotorControl.o)
                0x00000eb0                MotorControl_SetInterruptMode
 .text.MotorControl_ReadStatusRegister
                0x00000ebc        0xc .\CortexM3\ARM_GCC_541\Debug\Roadster1.0.a(MotorControl.o)
                0x00000ebc                MotorControl_ReadStatusRegister
 .text.MotorControl_ReadCapture
                0x00000ec8        0xc .\CortexM3\ARM_GCC_541\Debug\Roadster1.0.a(MotorControl.o)
                0x00000ec8                MotorControl_ReadCapture
 .text.MotorControl_ClearFIFO
                0x00000ed4       0x14 .\CortexM3\ARM_GCC_541\Debug\Roadster1.0.a(MotorControl.o)
                0x00000ed4                MotorControl_ClearFIFO
 .text.MotorControl_Init
                0x00000ee8       0x58 .\CortexM3\ARM_GCC_541\Debug\Roadster1.0.a(MotorControl.o)
                0x00000ee8                MotorControl_Init
 .text.MotorControl_Start
                0x00000f40       0x1c .\CortexM3\ARM_GCC_541\Debug\Roadster1.0.a(MotorControl.o)
                0x00000f40                MotorControl_Start
 .text.ADC_IR_SAR_CalcGain
                0x00000f5c       0x64 .\CortexM3\ARM_GCC_541\Debug\Roadster1.0.a(ADC_IR_SAR.o)
 .text.ADC_IR_SAR_Enable
                0x00000fc0       0x78 .\CortexM3\ARM_GCC_541\Debug\Roadster1.0.a(ADC_IR_SAR.o)
                0x00000fc0                ADC_IR_SAR_Enable
 .text.ADC_IR_SAR_SetResolution
                0x00001038       0x38 .\CortexM3\ARM_GCC_541\Debug\Roadster1.0.a(ADC_IR_SAR.o)
                0x00001038                ADC_IR_SAR_SetResolution
 .text.ADC_IR_SAR_Init
                0x00001070       0x24 .\CortexM3\ARM_GCC_541\Debug\Roadster1.0.a(ADC_IR_SAR.o)
                0x00001070                ADC_IR_SAR_Init
 .text.ADC_IR_SAR_Start
                0x00001094       0x1c .\CortexM3\ARM_GCC_541\Debug\Roadster1.0.a(ADC_IR_SAR.o)
                0x00001094                ADC_IR_SAR_Start
 .text.ADC_IR_SAR_StartConvert
                0x000010b0       0x10 .\CortexM3\ARM_GCC_541\Debug\Roadster1.0.a(ADC_IR_SAR.o)
                0x000010b0                ADC_IR_SAR_StartConvert
 .text.ADC_IR_TempBuf_DmaInitialize
                0x000010c0       0x3c .\CortexM3\ARM_GCC_541\Debug\Roadster1.0.a(ADC_IR_TempBuf_dma.o)
                0x000010c0                ADC_IR_TempBuf_DmaInitialize
 .text.ADC_IR_FinalBuf_DmaInitialize
                0x000010fc       0x3c .\CortexM3\ARM_GCC_541\Debug\Roadster1.0.a(ADC_IR_FinalBuf_dma.o)
                0x000010fc                ADC_IR_FinalBuf_DmaInitialize
 .text.ADC_IR_IRQ_SetVector
                0x00001138        0xc .\CortexM3\ARM_GCC_541\Debug\Roadster1.0.a(ADC_IR_IRQ.o)
                0x00001138                ADC_IR_IRQ_SetVector
 .text.ADC_IR_IRQ_SetPriority
                0x00001144       0x10 .\CortexM3\ARM_GCC_541\Debug\Roadster1.0.a(ADC_IR_IRQ.o)
                0x00001144                ADC_IR_IRQ_SetPriority
 .text.CyDmacConfigure
                0x00001154       0x34 .\CortexM3\ARM_GCC_541\Debug\Roadster1.0.a(CyDmac.o)
                0x00001154                CyDmacConfigure
 .text.CyDmaChEnable
                0x00001188       0x38 .\CortexM3\ARM_GCC_541\Debug\Roadster1.0.a(CyDmac.o)
                0x00001188                CyDmaChEnable
 .text.CyDmaClearPendingDrq
                0x000011c0       0x28 .\CortexM3\ARM_GCC_541\Debug\Roadster1.0.a(CyDmac.o)
                0x000011c0                CyDmaClearPendingDrq
 .text.CyDmaChPriority
                0x000011e8       0x24 .\CortexM3\ARM_GCC_541\Debug\Roadster1.0.a(CyDmac.o)
                0x000011e8                CyDmaChPriority
 .text.CyDmaChSetExtendedAddress
                0x0000120c       0x34 .\CortexM3\ARM_GCC_541\Debug\Roadster1.0.a(CyDmac.o)
                0x0000120c                CyDmaChSetExtendedAddress
 .text.CyDmaChSetInitialTd
                0x00001240       0x18 .\CortexM3\ARM_GCC_541\Debug\Roadster1.0.a(CyDmac.o)
                0x00001240                CyDmaChSetInitialTd
 .text.CyDmaChSetConfiguration
                0x00001258       0x44 .\CortexM3\ARM_GCC_541\Debug\Roadster1.0.a(CyDmac.o)
                0x00001258                CyDmaChSetConfiguration
 .text.CyDmaTdAllocate
                0x0000129c       0x34 .\CortexM3\ARM_GCC_541\Debug\Roadster1.0.a(CyDmac.o)
                0x0000129c                CyDmaTdAllocate
 .text.CyDmaTdSetConfiguration
                0x000012d0       0x28 .\CortexM3\ARM_GCC_541\Debug\Roadster1.0.a(CyDmac.o)
                0x000012d0                CyDmaTdSetConfiguration
 .text.CyDmaTdSetAddress
                0x000012f8       0x1c .\CortexM3\ARM_GCC_541\Debug\Roadster1.0.a(CyDmac.o)
                0x000012f8                CyDmaTdSetAddress
 .text.CyHalt   0x00001314        0x4 .\CortexM3\ARM_GCC_541\Debug\Roadster1.0.a(CyLib.o)
                0x00001314                CyHalt
 .text.CyDelay  0x00001318       0x2c .\CortexM3\ARM_GCC_541\Debug\Roadster1.0.a(CyLib.o)
                0x00001318                CyDelay
 .text.CyDelayUs
                0x00001344       0x14 .\CortexM3\ARM_GCC_541\Debug\Roadster1.0.a(CyLib.o)
                0x00001344                CyDelayUs
 .text.DraaiRichtingISR_SetVector
                0x00001358        0xc .\CortexM3\ARM_GCC_541\Debug\Roadster1.0.a(DraaiRichtingISR.o)
                0x00001358                DraaiRichtingISR_SetVector
 .text.DraaiRichtingISR_SetPriority
                0x00001364       0x10 .\CortexM3\ARM_GCC_541\Debug\Roadster1.0.a(DraaiRichtingISR.o)
                0x00001364                DraaiRichtingISR_SetPriority
 .text.DraaiRichtingISR_Enable
                0x00001374        0xc .\CortexM3\ARM_GCC_541\Debug\Roadster1.0.a(DraaiRichtingISR.o)
                0x00001374                DraaiRichtingISR_Enable
 .text.DraaiRichtingISR_Disable
                0x00001380        0xc .\CortexM3\ARM_GCC_541\Debug\Roadster1.0.a(DraaiRichtingISR.o)
                0x00001380                DraaiRichtingISR_Disable
 .text.DraaiRichtingISR_StartEx
                0x0000138c       0x1c .\CortexM3\ARM_GCC_541\Debug\Roadster1.0.a(DraaiRichtingISR.o)
                0x0000138c                DraaiRichtingISR_StartEx
 .text          0x000013a8       0x20 .\CortexM3\ARM_GCC_541\Debug\Roadster1.0.a(CyBootAsmGnu.o)
                0x000013a8                CyDelayCycles
                0x000013b8                CyEnterCriticalSection
                0x000013c0                CyExitCriticalSection
 .text.__errno  0x000013c8        0xc c:/program files (x86)/cypress/psoc creator/4.1/psoc creator/import/gnu/arm/5.4.1/bin/../lib/gcc/arm-none-eabi/5.4.1/../../../../arm-none-eabi/lib/armv7-m\libg_nano.a(lib_a-errno.o)
                0x000013c8                __errno
 .text.__libc_init_array
                0x000013d4       0x4c c:/program files (x86)/cypress/psoc creator/4.1/psoc creator/import/gnu/arm/5.4.1/bin/../lib/gcc/arm-none-eabi/5.4.1/../../../../arm-none-eabi/lib/armv7-m\libg_nano.a(lib_a-init.o)
                0x000013d4                __libc_init_array
 .text.memcpy   0x00001420       0x16 c:/program files (x86)/cypress/psoc creator/4.1/psoc creator/import/gnu/arm/5.4.1/bin/../lib/gcc/arm-none-eabi/5.4.1/../../../../arm-none-eabi/lib/armv7-m\libg_nano.a(lib_a-memcpy-stub.o)
                0x00001420                memcpy
 .text.memset   0x00001436       0x10 c:/program files (x86)/cypress/psoc creator/4.1/psoc creator/import/gnu/arm/5.4.1/bin/../lib/gcc/arm-none-eabi/5.4.1/../../../../arm-none-eabi/lib/armv7-m\libg_nano.a(lib_a-memset.o)
                0x00001436                memset
 *(.plt)
 *(.gnu.warning)
 *(.glue_7t)
 .glue_7t       0x00001446        0x0 linker stubs
 *(.glue_7)
 .glue_7        0x00001446        0x0 linker stubs
 *(.vfp11_veneer)
 .vfp11_veneer  0x00001446        0x0 linker stubs
 *(.bootloader)
 *(.ARM.extab* .gnu.linkonce.armextab.*)
 *(.gcc_except_table)

.v4_bx          0x00001448        0x0
 .v4_bx         0x00001448        0x0 linker stubs

.iplt           0x00001448        0x0
 .iplt          0x00001448        0x0 c:/program files (x86)/cypress/psoc creator/4.1/psoc creator/import/gnu/arm/5.4.1/bin/../lib/gcc/arm-none-eabi/5.4.1/armv7-m/crtbegin.o

.eh_frame_hdr
 *(.eh_frame_hdr)

.eh_frame       0x00001448        0x4
 *(.eh_frame)
 .eh_frame      0x00001448        0x0 c:/program files (x86)/cypress/psoc creator/4.1/psoc creator/import/gnu/arm/5.4.1/bin/../lib/gcc/arm-none-eabi/5.4.1/armv7-m/crtbegin.o
 .eh_frame      0x00001448        0x4 c:/program files (x86)/cypress/psoc creator/4.1/psoc creator/import/gnu/arm/5.4.1/bin/../lib/gcc/arm-none-eabi/5.4.1/armv7-m/crtend.o
                [!provide]                PROVIDE (__exidx_start, .)

.ARM.exidx
 *(.ARM.exidx* .gnu.linkonce.armexidx.*)
                0x0000144c                __exidx_end = .

.rodata         0x0000144c       0xbc
 *(.rodata .rodata.* .gnu.linkonce.r.*)
 .rodata        0x0000144c       0x30 .\CortexM3\ARM_GCC_541\Debug\cyfitter_cfg.o
 .rodata        0x0000147c       0x10 .\CortexM3\ARM_GCC_541\Debug\Roadster1.0.a(LCD.o)
 .rodata        0x0000148c       0x40 .\CortexM3\ARM_GCC_541\Debug\Roadster1.0.a(LCD_CustChars.o)
                0x0000148c                LCD_customFonts
 .rodata.str1.1
                0x000014cc        0x2 c:/program files (x86)/cypress/psoc creator/4.1/psoc creator/import/gnu/arm/5.4.1/bin/../lib/gcc/arm-none-eabi/5.4.1/../../../../arm-none-eabi/lib/armv7-m\libg_nano.a(lib_a-impure.o)
                0x000014d0                . = ALIGN (0x4)
 *fill*         0x000014ce        0x2 
 *(.init)
 .init          0x000014d0        0x4 c:/program files (x86)/cypress/psoc creator/4.1/psoc creator/import/gnu/arm/5.4.1/bin/../lib/gcc/arm-none-eabi/5.4.1/armv7-m/crti.o
                0x000014d0                _init
 .init          0x000014d4        0x8 c:/program files (x86)/cypress/psoc creator/4.1/psoc creator/import/gnu/arm/5.4.1/bin/../lib/gcc/arm-none-eabi/5.4.1/armv7-m/crtn.o
                0x000014dc                . = ALIGN (0x4)
                0x000014dc                __preinit_array_start = .
 *(.preinit_array)
                0x000014dc                __preinit_array_end = .
                0x000014dc                . = ALIGN (0x4)
                0x000014dc                __init_array_start = .
 *(SORT(.init_array.*))
 *(.init_array)
 .init_array    0x000014dc        0x4 c:/program files (x86)/cypress/psoc creator/4.1/psoc creator/import/gnu/arm/5.4.1/bin/../lib/gcc/arm-none-eabi/5.4.1/armv7-m/crtbegin.o
 .init_array    0x000014e0        0x4 .\CortexM3\ARM_GCC_541\Debug\Cm3Start.o
                0x000014e4                __init_array_end = .
                0x000014e4                . = ALIGN (0x4)
 *(.fini)
 .fini          0x000014e4        0x4 c:/program files (x86)/cypress/psoc creator/4.1/psoc creator/import/gnu/arm/5.4.1/bin/../lib/gcc/arm-none-eabi/5.4.1/armv7-m/crti.o
                0x000014e4                _fini
 .fini          0x000014e8        0x8 c:/program files (x86)/cypress/psoc creator/4.1/psoc creator/import/gnu/arm/5.4.1/bin/../lib/gcc/arm-none-eabi/5.4.1/armv7-m/crtn.o
                0x000014f0                . = ALIGN (0x4)
                0x000014f0                __fini_array_start = .
 *(.fini_array)
 .fini_array    0x000014f0        0x4 c:/program files (x86)/cypress/psoc creator/4.1/psoc creator/import/gnu/arm/5.4.1/bin/../lib/gcc/arm-none-eabi/5.4.1/armv7-m/crtbegin.o
 *(SORT(.fini_array.*))
                0x000014f4                __fini_array_end = .
                0x000014f4                . = ALIGN (0x4)
 *crtbegin.o(.ctors)
 *(EXCLUDE_FILE(*crtend.o) .ctors)
 *(SORT(.ctors.*))
 *crtend.o(.ctors)
                0x000014f4                . = ALIGN (0x4)
 *crtbegin.o(.dtors)
 *(EXCLUDE_FILE(*crtend.o) .dtors)
 *(SORT(.dtors.*))
 *crtend.o(.dtors)
                0x000014f4                . = ALIGN (0x4)
                0x000014f4                __cy_regions = .
                0x000014f4        0x4 LONG 0x1508 __cy_region_init_ram
                0x000014f8        0x4 LONG 0x1fff80c8 __cy_region_start_data
                0x000014fc        0x4 LONG 0x90 __cy_region_init_size_ram
                0x00001500        0x4 LONG 0xb0 __cy_region_zero_size_ram
                0x00001504                __cy_regions_end = .
                0x00001508                . = ALIGN (0x8)
 *fill*         0x00001504        0x4 
                0x00001508                _etext = .

.cy_checksum_exclude
                0x00001508        0x0
 *(.cy_checksum_exclude)

.ramvectors     0x1fff8000       0xc0
                0x1fff8000                __cy_region_start_ram = .
 *(.ramvectors)
 .ramvectors    0x1fff8000       0xc0 .\CortexM3\ARM_GCC_541\Debug\Cm3Start.o
                0x1fff8000                CyRamVectors

.noinit         0x1fff80c0        0x1
 *(.noinit)
 .noinit        0x1fff80c0        0x1 .\CortexM3\ARM_GCC_541\Debug\Roadster1.0.a(CyLib.o)
                0x1fff80c0                CyResetStatus

.data           0x1fff80c8       0x90 load address 0x00001508
                0x1fff80c8                __cy_region_start_data = .
 *(.jcr)
 .jcr           0x1fff80c8        0x0 c:/program files (x86)/cypress/psoc creator/4.1/psoc creator/import/gnu/arm/5.4.1/bin/../lib/gcc/arm-none-eabi/5.4.1/armv7-m/crtbegin.o
 .jcr           0x1fff80c8        0x4 c:/program files (x86)/cypress/psoc creator/4.1/psoc creator/import/gnu/arm/5.4.1/bin/../lib/gcc/arm-none-eabi/5.4.1/armv7-m/crtend.o
 *(.got.plt)
 *(.got)
 *(.shdata)
 *(.data .data.* .gnu.linkonce.d.*)
 .data          0x1fff80cc        0x8 .\CortexM3\ARM_GCC_541\Debug\RaceLogica.o
                0x1fff80cc                IRsensorGewicht
 .data          0x1fff80d4        0x2 .\CortexM3\ARM_GCC_541\Debug\Roadster1.0.a(ADC_IR.o)
 .data          0x1fff80d6        0x1 .\CortexM3\ARM_GCC_541\Debug\Roadster1.0.a(ADC_IR_TempBuf_dma.o)
                0x1fff80d6                ADC_IR_TempBuf_DmaHandle
 .data          0x1fff80d7        0x1 .\CortexM3\ARM_GCC_541\Debug\Roadster1.0.a(ADC_IR_FinalBuf_dma.o)
                0x1fff80d7                ADC_IR_FinalBuf_DmaHandle
 .data          0x1fff80d8        0x8 .\CortexM3\ARM_GCC_541\Debug\Roadster1.0.a(CyDmac.o)
 .data          0x1fff80e0       0x10 .\CortexM3\ARM_GCC_541\Debug\Roadster1.0.a(CyLib.o)
                0x1fff80e0                cydelay_32k_ms
                0x1fff80e4                cydelay_freq_khz
                0x1fff80e8                cydelay_freq_mhz
                0x1fff80ec                cydelay_freq_hz
 .data.impure_data
                0x1fff80f0       0x60 c:/program files (x86)/cypress/psoc creator/4.1/psoc creator/import/gnu/arm/5.4.1/bin/../lib/gcc/arm-none-eabi/5.4.1/../../../../arm-none-eabi/lib/armv7-m\libg_nano.a(lib_a-impure.o)
 .data._impure_ptr
                0x1fff8150        0x4 c:/program files (x86)/cypress/psoc creator/4.1/psoc creator/import/gnu/arm/5.4.1/bin/../lib/gcc/arm-none-eabi/5.4.1/../../../../arm-none-eabi/lib/armv7-m\libg_nano.a(lib_a-impure.o)
                0x1fff8150                _impure_ptr
                0x1fff8158                . = ALIGN (0x8)
 *fill*         0x1fff8154        0x4 
 *(.ram)
                0x1fff8158                _edata = .

.igot.plt       0x1fff8158        0x0 load address 0x00001598
 .igot.plt      0x1fff8158        0x0 c:/program files (x86)/cypress/psoc creator/4.1/psoc creator/import/gnu/arm/5.4.1/bin/../lib/gcc/arm-none-eabi/5.4.1/armv7-m/crtbegin.o

.bss            0x1fff8158       0xb0 load address 0x00001598
                0x1fff8158                PROVIDE (__bss_start__, .)
 *(.shbss)
 *(.bss .bss.* .gnu.linkonce.b.*)
 .bss           0x1fff8158       0x1c c:/program files (x86)/cypress/psoc creator/4.1/psoc creator/import/gnu/arm/5.4.1/bin/../lib/gcc/arm-none-eabi/5.4.1/armv7-m/crtbegin.o
 .bss           0x1fff8174        0x4 .\CortexM3\ARM_GCC_541\Debug\RaceLogica.o
                0x1fff8174                antiSlipTeller
                0x1fff8176                laatsteKant
                0x1fff8177                indexLijn
 .bss           0x1fff8178       0x18 .\CortexM3\ARM_GCC_541\Debug\Roadster1.0.a(ADC_IR.o)
                0x1fff818c                ADC_IR_initVar
 .bss           0x1fff8190        0x2 .\CortexM3\ARM_GCC_541\Debug\Roadster1.0.a(LCD.o)
                0x1fff8190                LCD_enableState
                0x1fff8191                LCD_initVar
 .bss           0x1fff8192        0x1 .\CortexM3\ARM_GCC_541\Debug\Roadster1.0.a(TimerUS.o)
                0x1fff8192                TimerUS_initVar
 .bss           0x1fff8193        0x1 .\CortexM3\ARM_GCC_541\Debug\Roadster1.0.a(MotorControl.o)
                0x1fff8193                MotorControl_initVar
 .bss           0x1fff8194        0x1 .\CortexM3\ARM_GCC_541\Debug\Roadster1.0.a(ADC_IR_SAR.o)
                0x1fff8194                ADC_IR_SAR_initVar
 *(COMMON)
 *fill*         0x1fff8195        0x3 
 COMMON         0x1fff8198       0x46 .\CortexM3\ARM_GCC_541\Debug\main.o
                0x1fff8198                boolSelect
                0x1fff819c                avgUS2
                0x1fff81a6                TestGetal
                0x1fff81a8                RB
                0x1fff81bc                selectUS
                0x1fff81bd                tmpRechts
                0x1fff81be                richting
                0x1fff81bf                pwmMotorRechts
                0x1fff81c0                IRDrempel
                0x1fff81c1                tmpLinks
                0x1fff81c4                avgUS1
                0x1fff81ce                IRWaarden
                0x1fff81d0                mediaan
                0x1fff81d2                pwmMotorLinks
                0x1fff81d4                avgUS3
 *fill*         0x1fff81de        0x2 
 COMMON         0x1fff81e0        0xc .\CortexM3\ARM_GCC_541\Debug\RaceLogica.o
                0x1fff81e0                Data
                0x1fff81e1                boolIsVanLijn
                0x1fff81e4                IRDigitaleWaarden
 COMMON         0x1fff81ec       0x10 .\CortexM3\ARM_GCC_541\Debug\Roadster1.0.a(ADC_IR.o)
                0x1fff81ec                ADC_IR_finalArray
 COMMON         0x1fff81fc        0xc .\CortexM3\ARM_GCC_541\Debug\Roadster1.0.a(ADC_IR_SAR.o)
                0x1fff81fc                ADC_IR_SAR_countsPerVolt
                0x1fff81fe                ADC_IR_SAR_shift
                0x1fff8200                ADC_IR_SAR_offset
                0x1fff8204                ADC_IR_SAR_countsPer10Volt
                0x1fff8208                . = ALIGN (0x8)
 *(.ram.b)
                0x1fff8208                _end = .
                0x1fff8208                __end = .
                0x1fff8208                PROVIDE (end, .)
                0x1fff8208                PROVIDE (__bss_end__, .)
                0x00001508                __cy_region_init_ram = LOADADDR (.data)
                0x00000090                __cy_region_init_size_ram = (_edata - ADDR (.data))
                0x000000b0                __cy_region_zero_size_ram = (_end - _edata)

.heap           0x1fff8208       0x80 load address 0x00001598
                0x1fff8208                . = _end
                0x1fff8288                . = (. + 0x80)
 *fill*         0x1fff8208       0x80 
                0x1fff8288                __cy_heap_limit = .

.stack          0x20007800      0x800
                0x20007800                __cy_stack_limit = .
                0x20008000                . = (. + 0x800)
 *fill*         0x20007800      0x800 
                0x00000001                ASSERT ((__cy_stack_limit >= __cy_heap_limit), region RAM overflowed with stack)
                0x00000000                cy_checksum_exclude_size = (CY_APPL_LOADABLE == 0x1)?SIZEOF (.cy_checksum_exclude):0x0
                0x00000001                ASSERT ((cy_checksum_exclude_size <= CY_CHECKSUM_EXCLUDE_SIZE), CY_BOOT: Section .cy_checksum_exclude size exceedes specified limit.)

.cyloadermeta
 *(.cyloadermeta)

.cyloadablemeta
 *(.cyloadablemeta)

.cyconfigecc    0x80000000      0x680
 *(.cyconfigecc)
 .cyconfigecc   0x80000000      0x680 .\CortexM3\ARM_GCC_541\Debug\cymetadata.o
                0x80000000                cy_meta_configecc

.cycustnvl      0x90000000        0x4
 *(.cycustnvl)
 .cycustnvl     0x90000000        0x4 .\CortexM3\ARM_GCC_541\Debug\cymetadata.o
                0x90000000                cy_meta_custnvl

.cywolatch      0x90100000        0x4
 *(.cywolatch)
 .cywolatch     0x90100000        0x4 .\CortexM3\ARM_GCC_541\Debug\cymetadata.o
                0x90100000                cy_meta_wonvl

.cyeeprom       0x90200000        0x0
 *(.cyeeprom)
                0x00000001                ASSERT ((. <= ((0x90200000 + ee_offset) + ee_size)), .cyeeprom data will not fit in EEPROM)

.cyflashprotect
                0x90400000      0x100
 *(.cyflashprotect)
 .cyflashprotect
                0x90400000      0x100 .\CortexM3\ARM_GCC_541\Debug\cymetadata.o
                0x90400000                cy_meta_flashprotect

.cymeta         0x90500000        0xc
 *(.cymeta)
 .cymeta        0x90500000        0xc .\CortexM3\ARM_GCC_541\Debug\cymetadata.o
                0x90500000                cy_metadata

.rel.dyn        0x00001598        0x0 load address 0x9050000c
 .rel.iplt      0x00001598        0x0 c:/program files (x86)/cypress/psoc creator/4.1/psoc creator/import/gnu/arm/5.4.1/bin/../lib/gcc/arm-none-eabi/5.4.1/armv7-m/crtbegin.o

.stab
 *(.stab)

.stabstr
 *(.stabstr)

.debug
 *(.debug)

.line
 *(.line)

.debug_srcinfo
 *(.debug_srcinfo)

.debug_sfnames
 *(.debug_sfnames)

.debug_aranges  0x00000000      0xe00
 *(.debug_aranges)
 .debug_aranges
                0x00000000       0x50 .\CortexM3\ARM_GCC_541\Debug\main.o
 .debug_aranges
                0x00000050       0x38 .\CortexM3\ARM_GCC_541\Debug\Sensoren.o
 .debug_aranges
                0x00000088       0x50 .\CortexM3\ARM_GCC_541\Debug\RaceLogica.o
 .debug_aranges
                0x000000d8       0x58 .\CortexM3\ARM_GCC_541\Debug\cyfitter_cfg.o
 .debug_aranges
                0x00000130       0x18 .\CortexM3\ARM_GCC_541\Debug\cymetadata.o
 .debug_aranges
                0x00000148       0x48 .\CortexM3\ARM_GCC_541\Debug\Cm3Start.o
 .debug_aranges
                0x00000190       0xa0 .\CortexM3\ARM_GCC_541\Debug\Roadster1.0.a(ADC_IR.o)
 .debug_aranges
                0x00000230       0x20 .\CortexM3\ARM_GCC_541\Debug\Roadster1.0.a(ADC_IR_INT.o)
 .debug_aranges
                0x00000250       0x38 .\CortexM3\ARM_GCC_541\Debug\Roadster1.0.a(LED5.o)
 .debug_aranges
                0x00000288       0x38 .\CortexM3\ARM_GCC_541\Debug\Roadster1.0.a(LED4.o)
 .debug_aranges
                0x000002c0       0x38 .\CortexM3\ARM_GCC_541\Debug\Roadster1.0.a(LED3.o)
 .debug_aranges
                0x000002f8       0x38 .\CortexM3\ARM_GCC_541\Debug\Roadster1.0.a(LED2.o)
 .debug_aranges
                0x00000330       0x38 .\CortexM3\ARM_GCC_541\Debug\Roadster1.0.a(LED1.o)
 .debug_aranges
                0x00000368       0x38 .\CortexM3\ARM_GCC_541\Debug\Roadster1.0.a(SW1.o)
 .debug_aranges
                0x000003a0       0x98 .\CortexM3\ARM_GCC_541\Debug\Roadster1.0.a(LCD.o)
 .debug_aranges
                0x00000438       0x20 .\CortexM3\ARM_GCC_541\Debug\Roadster1.0.a(LCD_CustChars.o)
 .debug_aranges
                0x00000458       0x80 .\CortexM3\ARM_GCC_541\Debug\Roadster1.0.a(readIRSensors.o)
 .debug_aranges
                0x000004d8       0x28 .\CortexM3\ARM_GCC_541\Debug\Roadster1.0.a(TriggerReg.o)
 .debug_aranges
                0x00000500       0x88 .\CortexM3\ARM_GCC_541\Debug\Roadster1.0.a(TimerUS.o)
 .debug_aranges
                0x00000588       0x40 .\CortexM3\ARM_GCC_541\Debug\Roadster1.0.a(statusEcho.o)
 .debug_aranges
                0x000005c8       0x38 .\CortexM3\ARM_GCC_541\Debug\Roadster1.0.a(ENB.o)
 .debug_aranges
                0x00000600       0x38 .\CortexM3\ARM_GCC_541\Debug\Roadster1.0.a(ENA.o)
 .debug_aranges
                0x00000638       0xa8 .\CortexM3\ARM_GCC_541\Debug\Roadster1.0.a(MotorControl.o)
 .debug_aranges
                0x000006e0       0xa8 .\CortexM3\ARM_GCC_541\Debug\Roadster1.0.a(ADC_IR_SAR.o)
 .debug_aranges
                0x00000788       0x28 .\CortexM3\ARM_GCC_541\Debug\Roadster1.0.a(ADC_IR_TempBuf_dma.o)
 .debug_aranges
                0x000007b0       0x28 .\CortexM3\ARM_GCC_541\Debug\Roadster1.0.a(ADC_IR_FinalBuf_dma.o)
 .debug_aranges
                0x000007d8       0x80 .\CortexM3\ARM_GCC_541\Debug\Roadster1.0.a(ADC_IR_IRQ.o)
 .debug_aranges
                0x00000858       0xd8 .\CortexM3\ARM_GCC_541\Debug\Roadster1.0.a(CyDmac.o)
 .debug_aranges
                0x00000930      0x2a0 .\CortexM3\ARM_GCC_541\Debug\Roadster1.0.a(CyLib.o)
 .debug_aranges
                0x00000bd0       0x98 .\CortexM3\ARM_GCC_541\Debug\Roadster1.0.a(cyPm.o)
 .debug_aranges
                0x00000c68       0x80 .\CortexM3\ARM_GCC_541\Debug\Roadster1.0.a(DraaiRichtingISR.o)
 .debug_aranges
                0x00000ce8       0x20 .\CortexM3\ARM_GCC_541\Debug\Roadster1.0.a(CyBootAsmGnu.o)
 .debug_aranges
                0x00000d08       0x80 .\CortexM3\ARM_GCC_541\Debug\Roadster1.0.a(CyFlash.o)
 .debug_aranges
                0x00000d88       0x78 .\CortexM3\ARM_GCC_541\Debug\Roadster1.0.a(CySpc.o)

.debug_pubnames
 *(.debug_pubnames)

.debug_info     0x00000000     0x7f7b
 *(.debug_info .gnu.linkonce.wi.*)
 .debug_info    0x00000000      0x7fb .\CortexM3\ARM_GCC_541\Debug\main.o
 .debug_info    0x000007fb      0x392 .\CortexM3\ARM_GCC_541\Debug\Sensoren.o
 .debug_info    0x00000b8d      0x461 .\CortexM3\ARM_GCC_541\Debug\RaceLogica.o
 .debug_info    0x00000fee      0x58e .\CortexM3\ARM_GCC_541\Debug\cyfitter_cfg.o
 .debug_info    0x0000157c      0x138 .\CortexM3\ARM_GCC_541\Debug\cymetadata.o
 .debug_info    0x000016b4      0x3cf .\CortexM3\ARM_GCC_541\Debug\Cm3Start.o
 .debug_info    0x00001a83      0x6f2 .\CortexM3\ARM_GCC_541\Debug\Roadster1.0.a(ADC_IR.o)
 .debug_info    0x00002175       0xa0 .\CortexM3\ARM_GCC_541\Debug\Roadster1.0.a(ADC_IR_INT.o)
 .debug_info    0x00002215      0x11f .\CortexM3\ARM_GCC_541\Debug\Roadster1.0.a(LED5.o)
 .debug_info    0x00002334      0x11f .\CortexM3\ARM_GCC_541\Debug\Roadster1.0.a(LED4.o)
 .debug_info    0x00002453      0x11f .\CortexM3\ARM_GCC_541\Debug\Roadster1.0.a(LED3.o)
 .debug_info    0x00002572      0x11f .\CortexM3\ARM_GCC_541\Debug\Roadster1.0.a(LED2.o)
 .debug_info    0x00002691      0x11f .\CortexM3\ARM_GCC_541\Debug\Roadster1.0.a(LED1.o)
 .debug_info    0x000027b0      0x11f .\CortexM3\ARM_GCC_541\Debug\Roadster1.0.a(SW1.o)
 .debug_info    0x000028cf      0x752 .\CortexM3\ARM_GCC_541\Debug\Roadster1.0.a(LCD.o)
 .debug_info    0x00003021      0x159 .\CortexM3\ARM_GCC_541\Debug\Roadster1.0.a(LCD_CustChars.o)
 .debug_info    0x0000317a      0x2d2 .\CortexM3\ARM_GCC_541\Debug\Roadster1.0.a(readIRSensors.o)
 .debug_info    0x0000344c       0xd6 .\CortexM3\ARM_GCC_541\Debug\Roadster1.0.a(TriggerReg.o)
 .debug_info    0x00003522      0x293 .\CortexM3\ARM_GCC_541\Debug\Roadster1.0.a(TimerUS.o)
 .debug_info    0x000037b5      0x17f .\CortexM3\ARM_GCC_541\Debug\Roadster1.0.a(statusEcho.o)
 .debug_info    0x00003934      0x11f .\CortexM3\ARM_GCC_541\Debug\Roadster1.0.a(ENB.o)
 .debug_info    0x00003a53      0x11f .\CortexM3\ARM_GCC_541\Debug\Roadster1.0.a(ENA.o)
 .debug_info    0x00003b72      0x381 .\CortexM3\ARM_GCC_541\Debug\Roadster1.0.a(MotorControl.o)
 .debug_info    0x00003ef3      0x544 .\CortexM3\ARM_GCC_541\Debug\Roadster1.0.a(ADC_IR_SAR.o)
 .debug_info    0x00004437      0x1a8 .\CortexM3\ARM_GCC_541\Debug\Roadster1.0.a(ADC_IR_TempBuf_dma.o)
 .debug_info    0x000045df      0x1aa .\CortexM3\ARM_GCC_541\Debug\Roadster1.0.a(ADC_IR_FinalBuf_dma.o)
 .debug_info    0x00004789      0x2d2 .\CortexM3\ARM_GCC_541\Debug\Roadster1.0.a(ADC_IR_IRQ.o)
 .debug_info    0x00004a5b      0x94e .\CortexM3\ARM_GCC_541\Debug\Roadster1.0.a(CyDmac.o)
 .debug_info    0x000053a9     0x1374 .\CortexM3\ARM_GCC_541\Debug\Roadster1.0.a(CyLib.o)
 .debug_info    0x0000671d      0xa2a .\CortexM3\ARM_GCC_541\Debug\Roadster1.0.a(cyPm.o)
 .debug_info    0x00007147      0x2d2 .\CortexM3\ARM_GCC_541\Debug\Roadster1.0.a(DraaiRichtingISR.o)
 .debug_info    0x00007419       0xc1 .\CortexM3\ARM_GCC_541\Debug\Roadster1.0.a(CyBootAsmGnu.o)
 .debug_info    0x000074da      0x5b8 .\CortexM3\ARM_GCC_541\Debug\Roadster1.0.a(CyFlash.o)
 .debug_info    0x00007a92      0x4e9 .\CortexM3\ARM_GCC_541\Debug\Roadster1.0.a(CySpc.o)

.debug_abbrev   0x00000000     0x2593
 *(.debug_abbrev)
 .debug_abbrev  0x00000000      0x1e8 .\CortexM3\ARM_GCC_541\Debug\main.o
 .debug_abbrev  0x000001e8      0x164 .\CortexM3\ARM_GCC_541\Debug\Sensoren.o
 .debug_abbrev  0x0000034c      0x196 .\CortexM3\ARM_GCC_541\Debug\RaceLogica.o
 .debug_abbrev  0x000004e2      0x1fe .\CortexM3\ARM_GCC_541\Debug\cyfitter_cfg.o
 .debug_abbrev  0x000006e0       0x77 .\CortexM3\ARM_GCC_541\Debug\cymetadata.o
 .debug_abbrev  0x00000757      0x1e8 .\CortexM3\ARM_GCC_541\Debug\Cm3Start.o
 .debug_abbrev  0x0000093f      0x13e .\CortexM3\ARM_GCC_541\Debug\Roadster1.0.a(ADC_IR.o)
 .debug_abbrev  0x00000a7d       0x42 .\CortexM3\ARM_GCC_541\Debug\Roadster1.0.a(ADC_IR_INT.o)
 .debug_abbrev  0x00000abf       0x90 .\CortexM3\ARM_GCC_541\Debug\Roadster1.0.a(LED5.o)
 .debug_abbrev  0x00000b4f       0x90 .\CortexM3\ARM_GCC_541\Debug\Roadster1.0.a(LED4.o)
 .debug_abbrev  0x00000bdf       0x90 .\CortexM3\ARM_GCC_541\Debug\Roadster1.0.a(LED3.o)
 .debug_abbrev  0x00000c6f       0x90 .\CortexM3\ARM_GCC_541\Debug\Roadster1.0.a(LED2.o)
 .debug_abbrev  0x00000cff       0x90 .\CortexM3\ARM_GCC_541\Debug\Roadster1.0.a(LED1.o)
 .debug_abbrev  0x00000d8f       0x90 .\CortexM3\ARM_GCC_541\Debug\Roadster1.0.a(SW1.o)
 .debug_abbrev  0x00000e1f      0x168 .\CortexM3\ARM_GCC_541\Debug\Roadster1.0.a(LCD.o)
 .debug_abbrev  0x00000f87       0xe2 .\CortexM3\ARM_GCC_541\Debug\Roadster1.0.a(LCD_CustChars.o)
 .debug_abbrev  0x00001069      0x173 .\CortexM3\ARM_GCC_541\Debug\Roadster1.0.a(readIRSensors.o)
 .debug_abbrev  0x000011dc       0x81 .\CortexM3\ARM_GCC_541\Debug\Roadster1.0.a(TriggerReg.o)
 .debug_abbrev  0x0000125d      0x11a .\CortexM3\ARM_GCC_541\Debug\Roadster1.0.a(TimerUS.o)
 .debug_abbrev  0x00001377       0xac .\CortexM3\ARM_GCC_541\Debug\Roadster1.0.a(statusEcho.o)
 .debug_abbrev  0x00001423       0x90 .\CortexM3\ARM_GCC_541\Debug\Roadster1.0.a(ENB.o)
 .debug_abbrev  0x000014b3       0x90 .\CortexM3\ARM_GCC_541\Debug\Roadster1.0.a(ENA.o)
 .debug_abbrev  0x00001543      0x133 .\CortexM3\ARM_GCC_541\Debug\Roadster1.0.a(MotorControl.o)
 .debug_abbrev  0x00001676      0x1ac .\CortexM3\ARM_GCC_541\Debug\Roadster1.0.a(ADC_IR_SAR.o)
 .debug_abbrev  0x00001822       0xcd .\CortexM3\ARM_GCC_541\Debug\Roadster1.0.a(ADC_IR_TempBuf_dma.o)
 .debug_abbrev  0x000018ef       0xcd .\CortexM3\ARM_GCC_541\Debug\Roadster1.0.a(ADC_IR_FinalBuf_dma.o)
 .debug_abbrev  0x000019bc      0x173 .\CortexM3\ARM_GCC_541\Debug\Roadster1.0.a(ADC_IR_IRQ.o)
 .debug_abbrev  0x00001b2f      0x1b2 .\CortexM3\ARM_GCC_541\Debug\Roadster1.0.a(CyDmac.o)
 .debug_abbrev  0x00001ce1      0x254 .\CortexM3\ARM_GCC_541\Debug\Roadster1.0.a(CyLib.o)
 .debug_abbrev  0x00001f35      0x1ab .\CortexM3\ARM_GCC_541\Debug\Roadster1.0.a(cyPm.o)
 .debug_abbrev  0x000020e0      0x173 .\CortexM3\ARM_GCC_541\Debug\Roadster1.0.a(DraaiRichtingISR.o)
 .debug_abbrev  0x00002253       0x14 .\CortexM3\ARM_GCC_541\Debug\Roadster1.0.a(CyBootAsmGnu.o)
 .debug_abbrev  0x00002267      0x198 .\CortexM3\ARM_GCC_541\Debug\Roadster1.0.a(CyFlash.o)
 .debug_abbrev  0x000023ff      0x194 .\CortexM3\ARM_GCC_541\Debug\Roadster1.0.a(CySpc.o)

.debug_line     0x00000000     0x364a
 *(.debug_line)
 .debug_line    0x00000000      0x33f .\CortexM3\ARM_GCC_541\Debug\main.o
 .debug_line    0x0000033f      0x248 .\CortexM3\ARM_GCC_541\Debug\Sensoren.o
 .debug_line    0x00000587      0x41b .\CortexM3\ARM_GCC_541\Debug\RaceLogica.o
 .debug_line    0x000009a2      0x1eb .\CortexM3\ARM_GCC_541\Debug\cyfitter_cfg.o
 .debug_line    0x00000b8d      0x141 .\CortexM3\ARM_GCC_541\Debug\cymetadata.o
 .debug_line    0x00000cce      0x241 .\CortexM3\ARM_GCC_541\Debug\Cm3Start.o
 .debug_line    0x00000f0f      0x211 .\CortexM3\ARM_GCC_541\Debug\Roadster1.0.a(ADC_IR.o)
 .debug_line    0x00001120       0x53 .\CortexM3\ARM_GCC_541\Debug\Roadster1.0.a(ADC_IR_INT.o)
 .debug_line    0x00001173       0x91 .\CortexM3\ARM_GCC_541\Debug\Roadster1.0.a(LED5.o)
 .debug_line    0x00001204       0x91 .\CortexM3\ARM_GCC_541\Debug\Roadster1.0.a(LED4.o)
 .debug_line    0x00001295       0x91 .\CortexM3\ARM_GCC_541\Debug\Roadster1.0.a(LED3.o)
 .debug_line    0x00001326       0x91 .\CortexM3\ARM_GCC_541\Debug\Roadster1.0.a(LED2.o)
 .debug_line    0x000013b7       0x91 .\CortexM3\ARM_GCC_541\Debug\Roadster1.0.a(LED1.o)
 .debug_line    0x00001448       0x90 .\CortexM3\ARM_GCC_541\Debug\Roadster1.0.a(SW1.o)
 .debug_line    0x000014d8      0x1e6 .\CortexM3\ARM_GCC_541\Debug\Roadster1.0.a(LCD.o)
 .debug_line    0x000016be       0x83 .\CortexM3\ARM_GCC_541\Debug\Roadster1.0.a(LCD_CustChars.o)
 .debug_line    0x00001741      0x13a .\CortexM3\ARM_GCC_541\Debug\Roadster1.0.a(readIRSensors.o)
 .debug_line    0x0000187b       0x72 .\CortexM3\ARM_GCC_541\Debug\Roadster1.0.a(TriggerReg.o)
 .debug_line    0x000018ed      0x15a .\CortexM3\ARM_GCC_541\Debug\Roadster1.0.a(TimerUS.o)
 .debug_line    0x00001a47       0xb6 .\CortexM3\ARM_GCC_541\Debug\Roadster1.0.a(statusEcho.o)
 .debug_line    0x00001afd       0x90 .\CortexM3\ARM_GCC_541\Debug\Roadster1.0.a(ENB.o)
 .debug_line    0x00001b8d       0x90 .\CortexM3\ARM_GCC_541\Debug\Roadster1.0.a(ENA.o)
 .debug_line    0x00001c1d      0x1b0 .\CortexM3\ARM_GCC_541\Debug\Roadster1.0.a(MotorControl.o)
 .debug_line    0x00001dcd      0x206 .\CortexM3\ARM_GCC_541\Debug\Roadster1.0.a(ADC_IR_SAR.o)
 .debug_line    0x00001fd3       0x8b .\CortexM3\ARM_GCC_541\Debug\Roadster1.0.a(ADC_IR_TempBuf_dma.o)
 .debug_line    0x0000205e       0x8c .\CortexM3\ARM_GCC_541\Debug\Roadster1.0.a(ADC_IR_FinalBuf_dma.o)
 .debug_line    0x000020ea      0x137 .\CortexM3\ARM_GCC_541\Debug\Roadster1.0.a(ADC_IR_IRQ.o)
 .debug_line    0x00002221      0x2e4 .\CortexM3\ARM_GCC_541\Debug\Roadster1.0.a(CyDmac.o)
 .debug_line    0x00002505      0x816 .\CortexM3\ARM_GCC_541\Debug\Roadster1.0.a(CyLib.o)
 .debug_line    0x00002d1b      0x367 .\CortexM3\ARM_GCC_541\Debug\Roadster1.0.a(cyPm.o)
 .debug_line    0x00003082      0x13d .\CortexM3\ARM_GCC_541\Debug\Roadster1.0.a(DraaiRichtingISR.o)
 .debug_line    0x000031bf       0x66 .\CortexM3\ARM_GCC_541\Debug\Roadster1.0.a(CyBootAsmGnu.o)
 .debug_line    0x00003225      0x1e9 .\CortexM3\ARM_GCC_541\Debug\Roadster1.0.a(CyFlash.o)
 .debug_line    0x0000340e      0x23c .\CortexM3\ARM_GCC_541\Debug\Roadster1.0.a(CySpc.o)

.debug_frame    0x00000000     0x21e0
 *(.debug_frame)
 .debug_frame   0x00000000       0xcc .\CortexM3\ARM_GCC_541\Debug\main.o
 .debug_frame   0x000000cc       0x88 .\CortexM3\ARM_GCC_541\Debug\Sensoren.o
 .debug_frame   0x00000154       0xa8 .\CortexM3\ARM_GCC_541\Debug\RaceLogica.o
 .debug_frame   0x000001fc       0xfc .\CortexM3\ARM_GCC_541\Debug\cyfitter_cfg.o
 .debug_frame   0x000002f8       0xb8 .\CortexM3\ARM_GCC_541\Debug\Cm3Start.o
 .debug_frame   0x000003b0      0x1dc .\CortexM3\ARM_GCC_541\Debug\Roadster1.0.a(ADC_IR.o)
 .debug_frame   0x0000058c       0x20 .\CortexM3\ARM_GCC_541\Debug\Roadster1.0.a(ADC_IR_INT.o)
 .debug_frame   0x000005ac       0x50 .\CortexM3\ARM_GCC_541\Debug\Roadster1.0.a(LED5.o)
 .debug_frame   0x000005fc       0x50 .\CortexM3\ARM_GCC_541\Debug\Roadster1.0.a(LED4.o)
 .debug_frame   0x0000064c       0x50 .\CortexM3\ARM_GCC_541\Debug\Roadster1.0.a(LED3.o)
 .debug_frame   0x0000069c       0x50 .\CortexM3\ARM_GCC_541\Debug\Roadster1.0.a(LED2.o)
 .debug_frame   0x000006ec       0x50 .\CortexM3\ARM_GCC_541\Debug\Roadster1.0.a(LED1.o)
 .debug_frame   0x0000073c       0x50 .\CortexM3\ARM_GCC_541\Debug\Roadster1.0.a(SW1.o)
 .debug_frame   0x0000078c      0x1e8 .\CortexM3\ARM_GCC_541\Debug\Roadster1.0.a(LCD.o)
 .debug_frame   0x00000974       0x30 .\CortexM3\ARM_GCC_541\Debug\Roadster1.0.a(LCD_CustChars.o)
 .debug_frame   0x000009a4      0x104 .\CortexM3\ARM_GCC_541\Debug\Roadster1.0.a(readIRSensors.o)
 .debug_frame   0x00000aa8       0x30 .\CortexM3\ARM_GCC_541\Debug\Roadster1.0.a(TriggerReg.o)
 .debug_frame   0x00000ad8      0x108 .\CortexM3\ARM_GCC_541\Debug\Roadster1.0.a(TimerUS.o)
 .debug_frame   0x00000be0       0x78 .\CortexM3\ARM_GCC_541\Debug\Roadster1.0.a(statusEcho.o)
 .debug_frame   0x00000c58       0x50 .\CortexM3\ARM_GCC_541\Debug\Roadster1.0.a(ENB.o)
 .debug_frame   0x00000ca8       0x50 .\CortexM3\ARM_GCC_541\Debug\Roadster1.0.a(ENA.o)
 .debug_frame   0x00000cf8      0x154 .\CortexM3\ARM_GCC_541\Debug\Roadster1.0.a(MotorControl.o)
 .debug_frame   0x00000e4c      0x1b0 .\CortexM3\ARM_GCC_541\Debug\Roadster1.0.a(ADC_IR_SAR.o)
 .debug_frame   0x00000ffc       0x54 .\CortexM3\ARM_GCC_541\Debug\Roadster1.0.a(ADC_IR_TempBuf_dma.o)
 .debug_frame   0x00001050       0x54 .\CortexM3\ARM_GCC_541\Debug\Roadster1.0.a(ADC_IR_FinalBuf_dma.o)
 .debug_frame   0x000010a4      0x104 .\CortexM3\ARM_GCC_541\Debug\Roadster1.0.a(ADC_IR_IRQ.o)
 .debug_frame   0x000011a8      0x1f8 .\CortexM3\ARM_GCC_541\Debug\Roadster1.0.a(CyDmac.o)
 .debug_frame   0x000013a0      0x738 .\CortexM3\ARM_GCC_541\Debug\Roadster1.0.a(CyLib.o)
 .debug_frame   0x00001ad8      0x1f8 .\CortexM3\ARM_GCC_541\Debug\Roadster1.0.a(cyPm.o)
 .debug_frame   0x00001cd0      0x104 .\CortexM3\ARM_GCC_541\Debug\Roadster1.0.a(DraaiRichtingISR.o)
 .debug_frame   0x00001dd4      0x174 .\CortexM3\ARM_GCC_541\Debug\Roadster1.0.a(CyFlash.o)
 .debug_frame   0x00001f48      0x160 .\CortexM3\ARM_GCC_541\Debug\Roadster1.0.a(CySpc.o)
 .debug_frame   0x000020a8       0x44 c:/program files (x86)/cypress/psoc creator/4.1/psoc creator/import/gnu/arm/5.4.1/bin/../lib/gcc/arm-none-eabi/5.4.1/armv7-m\libgcc.a(_aeabi_ldivmod.o)
 .debug_frame   0x000020ec       0x38 c:/program files (x86)/cypress/psoc creator/4.1/psoc creator/import/gnu/arm/5.4.1/bin/../lib/gcc/arm-none-eabi/5.4.1/armv7-m\libgcc.a(_udivmoddi4.o)
 .debug_frame   0x00002124       0x20 c:/program files (x86)/cypress/psoc creator/4.1/psoc creator/import/gnu/arm/5.4.1/bin/../lib/gcc/arm-none-eabi/5.4.1/../../../../arm-none-eabi/lib/armv7-m\libg_nano.a(lib_a-errno.o)
 .debug_frame   0x00002144       0x28 c:/program files (x86)/cypress/psoc creator/4.1/psoc creator/import/gnu/arm/5.4.1/bin/../lib/gcc/arm-none-eabi/5.4.1/../../../../arm-none-eabi/lib/armv7-m\libg_nano.a(lib_a-exit.o)
 .debug_frame   0x0000216c       0x2c c:/program files (x86)/cypress/psoc creator/4.1/psoc creator/import/gnu/arm/5.4.1/bin/../lib/gcc/arm-none-eabi/5.4.1/../../../../arm-none-eabi/lib/armv7-m\libg_nano.a(lib_a-init.o)
 .debug_frame   0x00002198       0x28 c:/program files (x86)/cypress/psoc creator/4.1/psoc creator/import/gnu/arm/5.4.1/bin/../lib/gcc/arm-none-eabi/5.4.1/../../../../arm-none-eabi/lib/armv7-m\libg_nano.a(lib_a-memcpy-stub.o)
 .debug_frame   0x000021c0       0x20 c:/program files (x86)/cypress/psoc creator/4.1/psoc creator/import/gnu/arm/5.4.1/bin/../lib/gcc/arm-none-eabi/5.4.1/../../../../arm-none-eabi/lib/armv7-m\libg_nano.a(lib_a-memset.o)

.debug_str      0x00000000     0x2b0d
 *(.debug_str)
 .debug_str     0x00000000      0x406 .\CortexM3\ARM_GCC_541\Debug\main.o
                                0x45a (size before relaxing)
 .debug_str     0x00000406       0xad .\CortexM3\ARM_GCC_541\Debug\Sensoren.o
                                0x313 (size before relaxing)
 .debug_str     0x000004b3       0xe1 .\CortexM3\ARM_GCC_541\Debug\RaceLogica.o
                                0x36c (size before relaxing)
 .debug_str     0x00000594      0x16d .\CortexM3\ARM_GCC_541\Debug\cyfitter_cfg.o
                                0x34a (size before relaxing)
 .debug_str     0x00000701       0x7f .\CortexM3\ARM_GCC_541\Debug\cymetadata.o
                                0x215 (size before relaxing)
 .debug_str     0x00000780      0x154 .\CortexM3\ARM_GCC_541\Debug\Cm3Start.o
                                0x34b (size before relaxing)
 .debug_str     0x000008d4      0x416 .\CortexM3\ARM_GCC_541\Debug\Roadster1.0.a(ADC_IR.o)
                                0x62f (size before relaxing)
 .debug_str     0x00000cea       0x2f .\CortexM3\ARM_GCC_541\Debug\Roadster1.0.a(ADC_IR_INT.o)
                                0x1db (size before relaxing)
 .debug_str     0x00000d19       0x5b .\CortexM3\ARM_GCC_541\Debug\Roadster1.0.a(LED5.o)
                                0x20e (size before relaxing)
 .debug_str     0x00000d74       0x4b .\CortexM3\ARM_GCC_541\Debug\Roadster1.0.a(LED4.o)
                                0x20e (size before relaxing)
 .debug_str     0x00000dbf       0x4b .\CortexM3\ARM_GCC_541\Debug\Roadster1.0.a(LED3.o)
                                0x20e (size before relaxing)
 .debug_str     0x00000e0a       0x4b .\CortexM3\ARM_GCC_541\Debug\Roadster1.0.a(LED2.o)
                                0x20e (size before relaxing)
 .debug_str     0x00000e55       0x4b .\CortexM3\ARM_GCC_541\Debug\Roadster1.0.a(LED1.o)
                                0x20e (size before relaxing)
 .debug_str     0x00000ea0       0x48 .\CortexM3\ARM_GCC_541\Debug\Roadster1.0.a(SW1.o)
                                0x209 (size before relaxing)
 .debug_str     0x00000ee8      0x15c .\CortexM3\ARM_GCC_541\Debug\Roadster1.0.a(LCD.o)
                                0x380 (size before relaxing)
 .debug_str     0x00001044       0x32 .\CortexM3\ARM_GCC_541\Debug\Roadster1.0.a(LCD_CustChars.o)
                                0x22f (size before relaxing)
 .debug_str     0x00001076      0x158 .\CortexM3\ARM_GCC_541\Debug\Roadster1.0.a(readIRSensors.o)
                                0x347 (size before relaxing)
 .debug_str     0x000011ce       0x3c .\CortexM3\ARM_GCC_541\Debug\Roadster1.0.a(TriggerReg.o)
                                0x1ef (size before relaxing)
 .debug_str     0x0000120a      0x158 .\CortexM3\ARM_GCC_541\Debug\Roadster1.0.a(TimerUS.o)
                                0x346 (size before relaxing)
 .debug_str     0x00001362       0x89 .\CortexM3\ARM_GCC_541\Debug\Roadster1.0.a(statusEcho.o)
                                0x28c (size before relaxing)
 .debug_str     0x000013eb       0x47 .\CortexM3\ARM_GCC_541\Debug\Roadster1.0.a(ENB.o)
                                0x209 (size before relaxing)
 .debug_str     0x00001432       0x47 .\CortexM3\ARM_GCC_541\Debug\Roadster1.0.a(ENA.o)
                                0x209 (size before relaxing)
 .debug_str     0x00001479      0x1ec .\CortexM3\ARM_GCC_541\Debug\Roadster1.0.a(MotorControl.o)
                                0x43e (size before relaxing)
 .debug_str     0x00001665      0x118 .\CortexM3\ARM_GCC_541\Debug\Roadster1.0.a(ADC_IR_SAR.o)
                                0x4b7 (size before relaxing)
 .debug_str     0x0000177d       0xdc .\CortexM3\ARM_GCC_541\Debug\Roadster1.0.a(ADC_IR_TempBuf_dma.o)
                                0x2c1 (size before relaxing)
 .debug_str     0x00001859       0x62 .\CortexM3\ARM_GCC_541\Debug\Roadster1.0.a(ADC_IR_FinalBuf_dma.o)
                                0x2c5 (size before relaxing)
 .debug_str     0x000018bb      0x100 .\CortexM3\ARM_GCC_541\Debug\Roadster1.0.a(ADC_IR_IRQ.o)
                                0x31d (size before relaxing)
 .debug_str     0x000019bb      0x27f .\CortexM3\ARM_GCC_541\Debug\Roadster1.0.a(CyDmac.o)
                                0x57b (size before relaxing)
 .debug_str     0x00001c3a      0x7bf .\CortexM3\ARM_GCC_541\Debug\Roadster1.0.a(CyLib.o)
                                0xa78 (size before relaxing)
 .debug_str     0x000023f9      0x365 .\CortexM3\ARM_GCC_541\Debug\Roadster1.0.a(cyPm.o)
                                0x764 (size before relaxing)
 .debug_str     0x0000275e      0x167 .\CortexM3\ARM_GCC_541\Debug\Roadster1.0.a(DraaiRichtingISR.o)
                                0x371 (size before relaxing)
 .debug_str     0x000028c5      0x19c .\CortexM3\ARM_GCC_541\Debug\Roadster1.0.a(CyFlash.o)
                                0x3d2 (size before relaxing)
 .debug_str     0x00002a61       0xac .\CortexM3\ARM_GCC_541\Debug\Roadster1.0.a(CySpc.o)
                                0x35b (size before relaxing)

.debug_loc      0x00000000     0x3637
 *(.debug_loc)
 .debug_loc     0x00000000      0x1b3 .\CortexM3\ARM_GCC_541\Debug\main.o
 .debug_loc     0x000001b3       0xcd .\CortexM3\ARM_GCC_541\Debug\Sensoren.o
 .debug_loc     0x00000280      0x351 .\CortexM3\ARM_GCC_541\Debug\RaceLogica.o
 .debug_loc     0x000005d1      0x1fd .\CortexM3\ARM_GCC_541\Debug\cyfitter_cfg.o
 .debug_loc     0x000007ce      0x144 .\CortexM3\ARM_GCC_541\Debug\Cm3Start.o
 .debug_loc     0x00000912      0x13c .\CortexM3\ARM_GCC_541\Debug\Roadster1.0.a(ADC_IR.o)
 .debug_loc     0x00000a4e       0x42 .\CortexM3\ARM_GCC_541\Debug\Roadster1.0.a(LED5.o)
 .debug_loc     0x00000a90       0x42 .\CortexM3\ARM_GCC_541\Debug\Roadster1.0.a(LED4.o)
 .debug_loc     0x00000ad2       0x42 .\CortexM3\ARM_GCC_541\Debug\Roadster1.0.a(LED3.o)
 .debug_loc     0x00000b14       0x42 .\CortexM3\ARM_GCC_541\Debug\Roadster1.0.a(LED2.o)
 .debug_loc     0x00000b56       0x42 .\CortexM3\ARM_GCC_541\Debug\Roadster1.0.a(LED1.o)
 .debug_loc     0x00000b98       0x42 .\CortexM3\ARM_GCC_541\Debug\Roadster1.0.a(SW1.o)
 .debug_loc     0x00000bda      0x3c6 .\CortexM3\ARM_GCC_541\Debug\Roadster1.0.a(LCD.o)
 .debug_loc     0x00000fa0       0x48 .\CortexM3\ARM_GCC_541\Debug\Roadster1.0.a(LCD_CustChars.o)
 .debug_loc     0x00000fe8       0x56 .\CortexM3\ARM_GCC_541\Debug\Roadster1.0.a(readIRSensors.o)
 .debug_loc     0x0000103e       0x44 .\CortexM3\ARM_GCC_541\Debug\Roadster1.0.a(statusEcho.o)
 .debug_loc     0x00001082       0x42 .\CortexM3\ARM_GCC_541\Debug\Roadster1.0.a(ENB.o)
 .debug_loc     0x000010c4       0x42 .\CortexM3\ARM_GCC_541\Debug\Roadster1.0.a(ENA.o)
 .debug_loc     0x00001106       0x26 .\CortexM3\ARM_GCC_541\Debug\Roadster1.0.a(MotorControl.o)
 .debug_loc     0x0000112c      0x295 .\CortexM3\ARM_GCC_541\Debug\Roadster1.0.a(ADC_IR_SAR.o)
 .debug_loc     0x000013c1       0x84 .\CortexM3\ARM_GCC_541\Debug\Roadster1.0.a(ADC_IR_TempBuf_dma.o)
 .debug_loc     0x00001445       0x84 .\CortexM3\ARM_GCC_541\Debug\Roadster1.0.a(ADC_IR_FinalBuf_dma.o)
 .debug_loc     0x000014c9       0x56 .\CortexM3\ARM_GCC_541\Debug\Roadster1.0.a(ADC_IR_IRQ.o)
 .debug_loc     0x0000151f      0xb8e .\CortexM3\ARM_GCC_541\Debug\Roadster1.0.a(CyDmac.o)
 .debug_loc     0x000020ad      0xa11 .\CortexM3\ARM_GCC_541\Debug\Roadster1.0.a(CyLib.o)
 .debug_loc     0x00002abe      0x1e4 .\CortexM3\ARM_GCC_541\Debug\Roadster1.0.a(cyPm.o)
 .debug_loc     0x00002ca2       0x56 .\CortexM3\ARM_GCC_541\Debug\Roadster1.0.a(DraaiRichtingISR.o)
 .debug_loc     0x00002cf8      0x2f2 .\CortexM3\ARM_GCC_541\Debug\Roadster1.0.a(CyFlash.o)
 .debug_loc     0x00002fea      0x64d .\CortexM3\ARM_GCC_541\Debug\Roadster1.0.a(CySpc.o)

.debug_macinfo
 *(.debug_macinfo)

.debug_ranges   0x00000000      0xc28
 *(.debug_ranges)
 .debug_ranges  0x00000000       0x58 .\CortexM3\ARM_GCC_541\Debug\main.o
 .debug_ranges  0x00000058       0x40 .\CortexM3\ARM_GCC_541\Debug\Sensoren.o
 .debug_ranges  0x00000098       0x70 .\CortexM3\ARM_GCC_541\Debug\RaceLogica.o
 .debug_ranges  0x00000108       0x48 .\CortexM3\ARM_GCC_541\Debug\cyfitter_cfg.o
 .debug_ranges  0x00000150       0x38 .\CortexM3\ARM_GCC_541\Debug\Cm3Start.o
 .debug_ranges  0x00000188       0x90 .\CortexM3\ARM_GCC_541\Debug\Roadster1.0.a(ADC_IR.o)
 .debug_ranges  0x00000218       0x10 .\CortexM3\ARM_GCC_541\Debug\Roadster1.0.a(ADC_IR_INT.o)
 .debug_ranges  0x00000228       0x28 .\CortexM3\ARM_GCC_541\Debug\Roadster1.0.a(LED5.o)
 .debug_ranges  0x00000250       0x28 .\CortexM3\ARM_GCC_541\Debug\Roadster1.0.a(LED4.o)
 .debug_ranges  0x00000278       0x28 .\CortexM3\ARM_GCC_541\Debug\Roadster1.0.a(LED3.o)
 .debug_ranges  0x000002a0       0x28 .\CortexM3\ARM_GCC_541\Debug\Roadster1.0.a(LED2.o)
 .debug_ranges  0x000002c8       0x28 .\CortexM3\ARM_GCC_541\Debug\Roadster1.0.a(LED1.o)
 .debug_ranges  0x000002f0       0x28 .\CortexM3\ARM_GCC_541\Debug\Roadster1.0.a(SW1.o)
 .debug_ranges  0x00000318       0x88 .\CortexM3\ARM_GCC_541\Debug\Roadster1.0.a(LCD.o)
 .debug_ranges  0x000003a0       0x10 .\CortexM3\ARM_GCC_541\Debug\Roadster1.0.a(LCD_CustChars.o)
 .debug_ranges  0x000003b0       0x70 .\CortexM3\ARM_GCC_541\Debug\Roadster1.0.a(readIRSensors.o)
 .debug_ranges  0x00000420       0x18 .\CortexM3\ARM_GCC_541\Debug\Roadster1.0.a(TriggerReg.o)
 .debug_ranges  0x00000438       0x78 .\CortexM3\ARM_GCC_541\Debug\Roadster1.0.a(TimerUS.o)
 .debug_ranges  0x000004b0       0x30 .\CortexM3\ARM_GCC_541\Debug\Roadster1.0.a(statusEcho.o)
 .debug_ranges  0x000004e0       0x28 .\CortexM3\ARM_GCC_541\Debug\Roadster1.0.a(ENB.o)
 .debug_ranges  0x00000508       0x28 .\CortexM3\ARM_GCC_541\Debug\Roadster1.0.a(ENA.o)
 .debug_ranges  0x00000530       0x98 .\CortexM3\ARM_GCC_541\Debug\Roadster1.0.a(MotorControl.o)
 .debug_ranges  0x000005c8       0x98 .\CortexM3\ARM_GCC_541\Debug\Roadster1.0.a(ADC_IR_SAR.o)
 .debug_ranges  0x00000660       0x18 .\CortexM3\ARM_GCC_541\Debug\Roadster1.0.a(ADC_IR_TempBuf_dma.o)
 .debug_ranges  0x00000678       0x18 .\CortexM3\ARM_GCC_541\Debug\Roadster1.0.a(ADC_IR_FinalBuf_dma.o)
 .debug_ranges  0x00000690       0x70 .\CortexM3\ARM_GCC_541\Debug\Roadster1.0.a(ADC_IR_IRQ.o)
 .debug_ranges  0x00000700       0xc8 .\CortexM3\ARM_GCC_541\Debug\Roadster1.0.a(CyDmac.o)
 .debug_ranges  0x000007c8      0x290 .\CortexM3\ARM_GCC_541\Debug\Roadster1.0.a(CyLib.o)
 .debug_ranges  0x00000a58       0x88 .\CortexM3\ARM_GCC_541\Debug\Roadster1.0.a(cyPm.o)
 .debug_ranges  0x00000ae0       0x70 .\CortexM3\ARM_GCC_541\Debug\Roadster1.0.a(DraaiRichtingISR.o)
 .debug_ranges  0x00000b50       0x70 .\CortexM3\ARM_GCC_541\Debug\Roadster1.0.a(CyFlash.o)
 .debug_ranges  0x00000bc0       0x68 .\CortexM3\ARM_GCC_541\Debug\Roadster1.0.a(CySpc.o)

.comment        0x00000000       0x6e
 .comment       0x00000000       0x6e .\CortexM3\ARM_GCC_541\Debug\main.o
                                 0x6f (size before relaxing)
 .comment       0x0000006e       0x6f .\CortexM3\ARM_GCC_541\Debug\Sensoren.o
 .comment       0x0000006e       0x6f .\CortexM3\ARM_GCC_541\Debug\RaceLogica.o
 .comment       0x0000006e       0x6f .\CortexM3\ARM_GCC_541\Debug\cyfitter_cfg.o
 .comment       0x0000006e       0x6f .\CortexM3\ARM_GCC_541\Debug\cymetadata.o
 .comment       0x0000006e       0x6f .\CortexM3\ARM_GCC_541\Debug\Cm3Start.o
 .comment       0x0000006e       0x6f .\CortexM3\ARM_GCC_541\Debug\Roadster1.0.a(ADC_IR.o)
 .comment       0x0000006e       0x6f .\CortexM3\ARM_GCC_541\Debug\Roadster1.0.a(ADC_IR_INT.o)
 .comment       0x0000006e       0x6f .\CortexM3\ARM_GCC_541\Debug\Roadster1.0.a(LED5.o)
 .comment       0x0000006e       0x6f .\CortexM3\ARM_GCC_541\Debug\Roadster1.0.a(LED4.o)
 .comment       0x0000006e       0x6f .\CortexM3\ARM_GCC_541\Debug\Roadster1.0.a(LED3.o)
 .comment       0x0000006e       0x6f .\CortexM3\ARM_GCC_541\Debug\Roadster1.0.a(LED2.o)
 .comment       0x0000006e       0x6f .\CortexM3\ARM_GCC_541\Debug\Roadster1.0.a(LED1.o)
 .comment       0x0000006e       0x6f .\CortexM3\ARM_GCC_541\Debug\Roadster1.0.a(SW1.o)
 .comment       0x0000006e       0x6f .\CortexM3\ARM_GCC_541\Debug\Roadster1.0.a(LCD.o)
 .comment       0x0000006e       0x6f .\CortexM3\ARM_GCC_541\Debug\Roadster1.0.a(LCD_CustChars.o)
 .comment       0x0000006e       0x6f .\CortexM3\ARM_GCC_541\Debug\Roadster1.0.a(readIRSensors.o)
 .comment       0x0000006e       0x6f .\CortexM3\ARM_GCC_541\Debug\Roadster1.0.a(TriggerReg.o)
 .comment       0x0000006e       0x6f .\CortexM3\ARM_GCC_541\Debug\Roadster1.0.a(TimerUS.o)
 .comment       0x0000006e       0x6f .\CortexM3\ARM_GCC_541\Debug\Roadster1.0.a(statusEcho.o)
 .comment       0x0000006e       0x6f .\CortexM3\ARM_GCC_541\Debug\Roadster1.0.a(ENB.o)
 .comment       0x0000006e       0x6f .\CortexM3\ARM_GCC_541\Debug\Roadster1.0.a(ENA.o)
 .comment       0x0000006e       0x6f .\CortexM3\ARM_GCC_541\Debug\Roadster1.0.a(MotorControl.o)
 .comment       0x0000006e       0x6f .\CortexM3\ARM_GCC_541\Debug\Roadster1.0.a(ADC_IR_SAR.o)
 .comment       0x0000006e       0x6f .\CortexM3\ARM_GCC_541\Debug\Roadster1.0.a(ADC_IR_TempBuf_dma.o)
 .comment       0x0000006e       0x6f .\CortexM3\ARM_GCC_541\Debug\Roadster1.0.a(ADC_IR_FinalBuf_dma.o)
 .comment       0x0000006e       0x6f .\CortexM3\ARM_GCC_541\Debug\Roadster1.0.a(ADC_IR_IRQ.o)
 .comment       0x0000006e       0x6f .\CortexM3\ARM_GCC_541\Debug\Roadster1.0.a(CyDmac.o)
 .comment       0x0000006e       0x6f .\CortexM3\ARM_GCC_541\Debug\Roadster1.0.a(CyLib.o)
 .comment       0x0000006e       0x6f .\CortexM3\ARM_GCC_541\Debug\Roadster1.0.a(cyPm.o)
 .comment       0x0000006e       0x6f .\CortexM3\ARM_GCC_541\Debug\Roadster1.0.a(DraaiRichtingISR.o)
 .comment       0x0000006e       0x6f .\CortexM3\ARM_GCC_541\Debug\Roadster1.0.a(CyFlash.o)
 .comment       0x0000006e       0x6f .\CortexM3\ARM_GCC_541\Debug\Roadster1.0.a(CySpc.o)

.debug_weaknames
 *(.debug_weaknames)

.debug_funcnames
 *(.debug_funcnames)

.debug_typenames
 *(.debug_typenames)

.debug_varnames
 *(.debug_varnames)

.note.gnu.arm.ident
 *(.note.gnu.arm.ident)

.ARM.attributes
                0x00000000       0x29
 *(.ARM.attributes)
 .ARM.attributes
                0x00000000       0x1d c:/program files (x86)/cypress/psoc creator/4.1/psoc creator/import/gnu/arm/5.4.1/bin/../lib/gcc/arm-none-eabi/5.4.1/armv7-m/crti.o
 .ARM.attributes
                0x0000001d       0x2d c:/program files (x86)/cypress/psoc creator/4.1/psoc creator/import/gnu/arm/5.4.1/bin/../lib/gcc/arm-none-eabi/5.4.1/armv7-m/crtbegin.o
 .ARM.attributes
                0x0000004a       0x1b c:/program files (x86)/cypress/psoc creator/4.1/psoc creator/import/gnu/arm/5.4.1/bin/../lib/gcc/arm-none-eabi/5.4.1/../../../../arm-none-eabi/lib/armv7-m/crt0.o
 .ARM.attributes
                0x00000065       0x33 .\CortexM3\ARM_GCC_541\Debug\main.o
 .ARM.attributes
                0x00000098       0x33 .\CortexM3\ARM_GCC_541\Debug\Sensoren.o
 .ARM.attributes
                0x000000cb       0x33 .\CortexM3\ARM_GCC_541\Debug\RaceLogica.o
 .ARM.attributes
                0x000000fe       0x33 .\CortexM3\ARM_GCC_541\Debug\cyfitter_cfg.o
 .ARM.attributes
                0x00000131       0x33 .\CortexM3\ARM_GCC_541\Debug\cymetadata.o
 .ARM.attributes
                0x00000164       0x33 .\CortexM3\ARM_GCC_541\Debug\Cm3Start.o
 .ARM.attributes
                0x00000197       0x33 .\CortexM3\ARM_GCC_541\Debug\Roadster1.0.a(ADC_IR.o)
 .ARM.attributes
                0x000001ca       0x33 .\CortexM3\ARM_GCC_541\Debug\Roadster1.0.a(ADC_IR_INT.o)
 .ARM.attributes
                0x000001fd       0x33 .\CortexM3\ARM_GCC_541\Debug\Roadster1.0.a(LED5.o)
 .ARM.attributes
                0x00000230       0x33 .\CortexM3\ARM_GCC_541\Debug\Roadster1.0.a(LED4.o)
 .ARM.attributes
                0x00000263       0x33 .\CortexM3\ARM_GCC_541\Debug\Roadster1.0.a(LED3.o)
 .ARM.attributes
                0x00000296       0x33 .\CortexM3\ARM_GCC_541\Debug\Roadster1.0.a(LED2.o)
 .ARM.attributes
                0x000002c9       0x33 .\CortexM3\ARM_GCC_541\Debug\Roadster1.0.a(LED1.o)
 .ARM.attributes
                0x000002fc       0x33 .\CortexM3\ARM_GCC_541\Debug\Roadster1.0.a(SW1.o)
 .ARM.attributes
                0x0000032f       0x33 .\CortexM3\ARM_GCC_541\Debug\Roadster1.0.a(LCD.o)
 .ARM.attributes
                0x00000362       0x33 .\CortexM3\ARM_GCC_541\Debug\Roadster1.0.a(LCD_CustChars.o)
 .ARM.attributes
                0x00000395       0x33 .\CortexM3\ARM_GCC_541\Debug\Roadster1.0.a(readIRSensors.o)
 .ARM.attributes
                0x000003c8       0x33 .\CortexM3\ARM_GCC_541\Debug\Roadster1.0.a(TriggerReg.o)
 .ARM.attributes
                0x000003fb       0x33 .\CortexM3\ARM_GCC_541\Debug\Roadster1.0.a(TimerUS.o)
 .ARM.attributes
                0x0000042e       0x33 .\CortexM3\ARM_GCC_541\Debug\Roadster1.0.a(statusEcho.o)
 .ARM.attributes
                0x00000461       0x33 .\CortexM3\ARM_GCC_541\Debug\Roadster1.0.a(ENB.o)
 .ARM.attributes
                0x00000494       0x33 .\CortexM3\ARM_GCC_541\Debug\Roadster1.0.a(ENA.o)
 .ARM.attributes
                0x000004c7       0x33 .\CortexM3\ARM_GCC_541\Debug\Roadster1.0.a(MotorControl.o)
 .ARM.attributes
                0x000004fa       0x33 .\CortexM3\ARM_GCC_541\Debug\Roadster1.0.a(ADC_IR_SAR.o)
 .ARM.attributes
                0x0000052d       0x33 .\CortexM3\ARM_GCC_541\Debug\Roadster1.0.a(ADC_IR_TempBuf_dma.o)
 .ARM.attributes
                0x00000560       0x33 .\CortexM3\ARM_GCC_541\Debug\Roadster1.0.a(ADC_IR_FinalBuf_dma.o)
 .ARM.attributes
                0x00000593       0x33 .\CortexM3\ARM_GCC_541\Debug\Roadster1.0.a(ADC_IR_IRQ.o)
 .ARM.attributes
                0x000005c6       0x33 .\CortexM3\ARM_GCC_541\Debug\Roadster1.0.a(CyDmac.o)
 .ARM.attributes
                0x000005f9       0x33 .\CortexM3\ARM_GCC_541\Debug\Roadster1.0.a(CyLib.o)
 .ARM.attributes
                0x0000062c       0x33 .\CortexM3\ARM_GCC_541\Debug\Roadster1.0.a(cyPm.o)
 .ARM.attributes
                0x0000065f       0x33 .\CortexM3\ARM_GCC_541\Debug\Roadster1.0.a(DraaiRichtingISR.o)
 .ARM.attributes
                0x00000692       0x21 .\CortexM3\ARM_GCC_541\Debug\Roadster1.0.a(CyBootAsmGnu.o)
 .ARM.attributes
                0x000006b3       0x33 .\CortexM3\ARM_GCC_541\Debug\Roadster1.0.a(CyFlash.o)
 .ARM.attributes
                0x000006e6       0x33 .\CortexM3\ARM_GCC_541\Debug\Roadster1.0.a(CySpc.o)
 .ARM.attributes
                0x00000719       0x1d c:/program files (x86)/cypress/psoc creator/4.1/psoc creator/import/gnu/arm/5.4.1/bin/../lib/gcc/arm-none-eabi/5.4.1/armv7-m\libgcc.a(_arm_addsubsf3.o)
 .ARM.attributes
                0x00000736       0x1d c:/program files (x86)/cypress/psoc creator/4.1/psoc creator/import/gnu/arm/5.4.1/bin/../lib/gcc/arm-none-eabi/5.4.1/armv7-m\libgcc.a(_arm_muldivsf3.o)
 .ARM.attributes
                0x00000753       0x1d c:/program files (x86)/cypress/psoc creator/4.1/psoc creator/import/gnu/arm/5.4.1/bin/../lib/gcc/arm-none-eabi/5.4.1/armv7-m\libgcc.a(_aeabi_ldivmod.o)
 .ARM.attributes
                0x00000770       0x2d c:/program files (x86)/cypress/psoc creator/4.1/psoc creator/import/gnu/arm/5.4.1/bin/../lib/gcc/arm-none-eabi/5.4.1/armv7-m\libgcc.a(_udivmoddi4.o)
 .ARM.attributes
                0x0000079d       0x1d c:/program files (x86)/cypress/psoc creator/4.1/psoc creator/import/gnu/arm/5.4.1/bin/../lib/gcc/arm-none-eabi/5.4.1/armv7-m\libgcc.a(_dvmd_tls.o)
 .ARM.attributes
                0x000007ba       0x2d c:/program files (x86)/cypress/psoc creator/4.1/psoc creator/import/gnu/arm/5.4.1/bin/../lib/gcc/arm-none-eabi/5.4.1/../../../../arm-none-eabi/lib/armv7-m\libg_nano.a(lib_a-errno.o)
 .ARM.attributes
                0x000007e7       0x2d c:/program files (x86)/cypress/psoc creator/4.1/psoc creator/import/gnu/arm/5.4.1/bin/../lib/gcc/arm-none-eabi/5.4.1/../../../../arm-none-eabi/lib/armv7-m\libg_nano.a(lib_a-exit.o)
 .ARM.attributes
                0x00000814       0x2d c:/program files (x86)/cypress/psoc creator/4.1/psoc creator/import/gnu/arm/5.4.1/bin/../lib/gcc/arm-none-eabi/5.4.1/../../../../arm-none-eabi/lib/armv7-m\libg_nano.a(lib_a-impure.o)
 .ARM.attributes
                0x00000841       0x2d c:/program files (x86)/cypress/psoc creator/4.1/psoc creator/import/gnu/arm/5.4.1/bin/../lib/gcc/arm-none-eabi/5.4.1/../../../../arm-none-eabi/lib/armv7-m\libg_nano.a(lib_a-init.o)
 .ARM.attributes
                0x0000086e       0x2d c:/program files (x86)/cypress/psoc creator/4.1/psoc creator/import/gnu/arm/5.4.1/bin/../lib/gcc/arm-none-eabi/5.4.1/../../../../arm-none-eabi/lib/armv7-m\libg_nano.a(lib_a-memcpy-stub.o)
 .ARM.attributes
                0x0000089b       0x2d c:/program files (x86)/cypress/psoc creator/4.1/psoc creator/import/gnu/arm/5.4.1/bin/../lib/gcc/arm-none-eabi/5.4.1/../../../../arm-none-eabi/lib/armv7-m\libg_nano.a(lib_a-memset.o)
 .ARM.attributes
                0x000008c8       0x2d c:/program files (x86)/cypress/psoc creator/4.1/psoc creator/import/gnu/arm/5.4.1/bin/../lib/gcc/arm-none-eabi/5.4.1/armv7-m/crtend.o
 .ARM.attributes
                0x000008f5       0x1d c:/program files (x86)/cypress/psoc creator/4.1/psoc creator/import/gnu/arm/5.4.1/bin/../lib/gcc/arm-none-eabi/5.4.1/armv7-m/crtn.o

/DISCARD/
 *(.note.GNU-stack)
OUTPUT(C:\Users\basile.berckmoes\Documents\GitHub\RobotComp2ELO\Software\PSoc\Roadster\RoadsterRACEMODE\Roadster1.0.cydsn\CortexM3\ARM_GCC_541\Debug\Roadster1.0.elf elf32-littlearm)
