Archive member included to satisfy reference by file (symbol)

.\CortexM3\ARM_GCC_541\Debug\Roadster1.0.a(LED5.o)
                              .\CortexM3\ARM_GCC_541\Debug\main.o (LED5_Write)
.\CortexM3\ARM_GCC_541\Debug\Roadster1.0.a(LED4.o)
                              .\CortexM3\ARM_GCC_541\Debug\main.o (LED4_Write)
.\CortexM3\ARM_GCC_541\Debug\Roadster1.0.a(LED3.o)
                              .\CortexM3\ARM_GCC_541\Debug\main.o (LED3_Write)
.\CortexM3\ARM_GCC_541\Debug\Roadster1.0.a(LED2.o)
                              .\CortexM3\ARM_GCC_541\Debug\main.o (LED2_Write)
.\CortexM3\ARM_GCC_541\Debug\Roadster1.0.a(LED1.o)
                              .\CortexM3\ARM_GCC_541\Debug\main.o (LED1_Write)
.\CortexM3\ARM_GCC_541\Debug\Roadster1.0.a(LCD.o)
                              .\CortexM3\ARM_GCC_541\Debug\main.o (LCD_PrintString)
.\CortexM3\ARM_GCC_541\Debug\Roadster1.0.a(LCD_CustChars.o)
                              .\CortexM3\ARM_GCC_541\Debug\Roadster1.0.a(LCD.o) (LCD_LoadCustomFonts)
.\CortexM3\ARM_GCC_541\Debug\Roadster1.0.a(ENB.o)
                              .\CortexM3\ARM_GCC_541\Debug\main.o (ENB_Write)
.\CortexM3\ARM_GCC_541\Debug\Roadster1.0.a(ENA.o)
                              .\CortexM3\ARM_GCC_541\Debug\main.o (ENA_Write)
.\CortexM3\ARM_GCC_541\Debug\Roadster1.0.a(MotorControl.o)
                              .\CortexM3\ARM_GCC_541\Debug\main.o (MotorControl_WriteCompare1)
.\CortexM3\ARM_GCC_541\Debug\Roadster1.0.a(BleVDAC.o)
                              .\CortexM3\ARM_GCC_541\Debug\main.o (BleVDAC_Start)
.\CortexM3\ARM_GCC_541\Debug\Roadster1.0.a(BleBuffer.o)
                              .\CortexM3\ARM_GCC_541\Debug\main.o (BleBuffer_Start)
.\CortexM3\ARM_GCC_541\Debug\Roadster1.0.a(BleUart.o)
                              .\CortexM3\ARM_GCC_541\Debug\main.o (BleUart_Start)
.\CortexM3\ARM_GCC_541\Debug\Roadster1.0.a(BleRxISR.o)
                              .\CortexM3\ARM_GCC_541\Debug\main.o (BleRxISR_StartEx)
.\CortexM3\ARM_GCC_541\Debug\Roadster1.0.a(BleUart_IntClock.o)
                              .\CortexM3\ARM_GCC_541\Debug\Roadster1.0.a(BleUart.o) (BleUart_IntClock_Start)
.\CortexM3\ARM_GCC_541\Debug\Roadster1.0.a(CyLib.o)
                              .\CortexM3\ARM_GCC_541\Debug\Cm3Start.o (CyHalt)
.\CortexM3\ARM_GCC_541\Debug\Roadster1.0.a(cyPm.o)
                              .\CortexM3\ARM_GCC_541\Debug\Roadster1.0.a(CyLib.o) (CyPmReadStatus)
.\CortexM3\ARM_GCC_541\Debug\Roadster1.0.a(RijRichting.o)
                              .\CortexM3\ARM_GCC_541\Debug\main.o (RijRichting_Write)
.\CortexM3\ARM_GCC_541\Debug\Roadster1.0.a(CyBootAsmGnu.o)
                              .\CortexM3\ARM_GCC_541\Debug\cyfitter_cfg.o (CyDelayCycles)
.\CortexM3\ARM_GCC_541\Debug\Roadster1.0.a(CyFlash.o)
                              .\CortexM3\ARM_GCC_541\Debug\Roadster1.0.a(cyPm.o) (CyFlash_SetWaitCycles)
.\CortexM3\ARM_GCC_541\Debug\Roadster1.0.a(CySpc.o)
                              .\CortexM3\ARM_GCC_541\Debug\Roadster1.0.a(CyFlash.o) (CySpcStart)
c:/program files (x86)/cypress/psoc creator/4.2/psoc creator/import/gnu/arm/5.4.1/bin/../lib/gcc/arm-none-eabi/5.4.1/../../../../arm-none-eabi/lib/armv7-m\libg_nano.a(lib_a-errno.o)
                              .\CortexM3\ARM_GCC_541\Debug\Cm3Start.o (__errno)
c:/program files (x86)/cypress/psoc creator/4.2/psoc creator/import/gnu/arm/5.4.1/bin/../lib/gcc/arm-none-eabi/5.4.1/../../../../arm-none-eabi/lib/armv7-m\libg_nano.a(lib_a-exit.o)
                              c:/program files (x86)/cypress/psoc creator/4.2/psoc creator/import/gnu/arm/5.4.1/bin/../lib/gcc/arm-none-eabi/5.4.1/../../../../arm-none-eabi/lib/armv7-m/crt0.o (exit)
c:/program files (x86)/cypress/psoc creator/4.2/psoc creator/import/gnu/arm/5.4.1/bin/../lib/gcc/arm-none-eabi/5.4.1/../../../../arm-none-eabi/lib/armv7-m\libg_nano.a(lib_a-impure.o)
                              c:/program files (x86)/cypress/psoc creator/4.2/psoc creator/import/gnu/arm/5.4.1/bin/../lib/gcc/arm-none-eabi/5.4.1/../../../../arm-none-eabi/lib/armv7-m\libg_nano.a(lib_a-exit.o) (_global_impure_ptr)
c:/program files (x86)/cypress/psoc creator/4.2/psoc creator/import/gnu/arm/5.4.1/bin/../lib/gcc/arm-none-eabi/5.4.1/../../../../arm-none-eabi/lib/armv7-m\libg_nano.a(lib_a-init.o)
                              c:/program files (x86)/cypress/psoc creator/4.2/psoc creator/import/gnu/arm/5.4.1/bin/../lib/gcc/arm-none-eabi/5.4.1/../../../../arm-none-eabi/lib/armv7-m/crt0.o (__libc_init_array)
c:/program files (x86)/cypress/psoc creator/4.2/psoc creator/import/gnu/arm/5.4.1/bin/../lib/gcc/arm-none-eabi/5.4.1/../../../../arm-none-eabi/lib/armv7-m\libg_nano.a(lib_a-memcpy-stub.o)
                              .\CortexM3\ARM_GCC_541\Debug\cyfitter_cfg.o (memcpy)
c:/program files (x86)/cypress/psoc creator/4.2/psoc creator/import/gnu/arm/5.4.1/bin/../lib/gcc/arm-none-eabi/5.4.1/../../../../arm-none-eabi/lib/armv7-m\libg_nano.a(lib_a-memset.o)
[...]
Memory Configuration

Name             Origin             Length             Attributes
rom              0x00000000         0x00040000         xr
ram              0x1fff8000         0x00010000         xrw
*default*        0x00000000         0xffffffff

Linker script and memory map

LOAD c:/program files (x86)/cypress/psoc creator/4.2/psoc creator/import/gnu/arm/5.4.1/bin/../lib/gcc/arm-none-eabi/5.4.1/armv7-m/crti.o
LOAD c:/program files (x86)/cypress/psoc creator/4.2/psoc creator/import/gnu/arm/5.4.1/bin/../lib/gcc/arm-none-eabi/5.4.1/armv7-m/crtbegin.o
LOAD c:/program files (x86)/cypress/psoc creator/4.2/psoc creator/import/gnu/arm/5.4.1/bin/../lib/gcc/arm-none-eabi/5.4.1/../../../../arm-none-eabi/lib/armv7-m/crt0.o
START GROUP
LOAD .\CortexM3\ARM_GCC_541\Debug\main.o
LOAD .\CortexM3\ARM_GCC_541\Debug\myUART.o
LOAD .\CortexM3\ARM_GCC_541\Debug\BleCommunicatie.o
LOAD .\CortexM3\ARM_GCC_541\Debug\cyfitter_cfg.o
LOAD .\CortexM3\ARM_GCC_541\Debug\cymetadata.o
LOAD .\CortexM3\ARM_GCC_541\Debug\Cm3Start.o
LOAD .\CortexM3\ARM_GCC_541\Debug\Roadster1.0.a
LOAD C:\Program Files (x86)\Cypress\PSoC Creator\4.2\PSoC Creator\psoc\content\cycomponentlibrary\CyComponentLibrary.cylib\CortexM3\ARM_GCC_541\Debug\CyComponentLibrary.a
END GROUP
START GROUP
LOAD c:/program files (x86)/cypress/psoc creator/4.2/psoc creator/import/gnu/arm/5.4.1/bin/../lib/gcc/arm-none-eabi/5.4.1/armv7-m\libgcc.a
LOAD c:/program files (x86)/cypress/psoc creator/4.2/psoc creator/import/gnu/arm/5.4.1/bin/../lib/gcc/arm-none-eabi/5.4.1/../../../../arm-none-eabi/lib/armv7-m\libg_nano.a
LOAD c:/program files (x86)/cypress/psoc creator/4.2/psoc creator/import/gnu/arm/5.4.1/bin/../lib/gcc/arm-none-eabi/5.4.1/../../../../arm-none-eabi/lib/armv7-m\libc_nano.a
END GROUP
START GROUP
LOAD c:/program files (x86)/cypress/psoc creator/4.2/psoc creator/import/gnu/arm/5.4.1/bin/../lib/gcc/arm-none-eabi/5.4.1/armv7-m\libgcc.a
LOAD c:/program files (x86)/cypress/psoc creator/4.2/psoc creator/import/gnu/arm/5.4.1/bin/../lib/gcc/arm-none-eabi/5.4.1/../../../../arm-none-eabi/lib/armv7-m\libc_nano.a
END GROUP
LOAD c:/program files (x86)/cypress/psoc creator/4.2/psoc creator/import/gnu/arm/5.4.1/bin/../lib/gcc/arm-none-eabi/5.4.1/armv7-m/crtend.o
LOAD c:/program files (x86)/cypress/psoc creator/4.2/psoc creator/import/gnu/arm/5.4.1/bin/../lib/gcc/arm-none-eabi/5.4.1/armv7-m/crtn.o
START GROUP
LOAD c:/program files (x86)/cypress/psoc creator/4.2/psoc creator/import/gnu/arm/5.4.1/bin/../lib/gcc/arm-none-eabi/5.4.1/armv7-m\libgcc.a
LOAD c:/program files (x86)/cypress/psoc creator/4.2/psoc creator/import/gnu/arm/5.4.1/bin/../lib/gcc/arm-none-eabi/5.4.1/../../../../arm-none-eabi/lib/armv7-m\libc.a
LOAD c:/program files (x86)/cypress/psoc creator/4.2/psoc creator/import/gnu/arm/5.4.1/bin/../lib/gcc/arm-none-eabi/5.4.1/../../../../arm-none-eabi/lib/armv7-m\libnosys.a
END GROUP
                0x00000000                CY_APPL_ORIGIN = 0x0
                0x00000100                CY_FLASH_ROW_SIZE = 0x100
                0x00000020                CY_ECC_ROW_SIZE = 0x20
                0x00000000                CY_EE_IN_BTLDR = 0x0
                0x00000000                CY_APPL_LOADABLE = 0x0
                0x00000800                CY_EE_SIZE = 0x800
                0x00000001                CY_APPL_NUM = 0x1
                0x00000001                CY_APPL_MAX = 0x1
                0x00000040                CY_METADATA_SIZE = 0x40
                0x00000000                CY_APPL_LOADABLE = 0x0
                0x00000000                CY_CHECKSUM_EXCLUDE_SIZE = ALIGN (0x0, CY_FLASH_ROW_SIZE)
                [!provide]                PROVIDE (__cy_heap_start, _end)
                0x00000001                PROVIDE (__cy_region_num, ((__cy_regions_end - __cy_regions) / 0x10))
                0x20008000                PROVIDE (__cy_stack, (ORIGIN (ram) + LENGTH (ram)))
                [!provide]                PROVIDE (__cy_heap_end, (__cy_stack - 0x800))

.cybootloader   0x00000000        0x0
 *(.cybootloader)
                0x00000000                appl1_start = CY_APPL_ORIGIN?CY_APPL_ORIGIN:ALIGN (CY_FLASH_ROW_SIZE)
                0x0001ff00                appl2_start = (appl1_start + ALIGN ((((LENGTH (rom) - appl1_start) - (0x2 * CY_FLASH_ROW_SIZE)) / 0x2), CY_FLASH_ROW_SIZE))
                0x00000000                appl_start = (CY_APPL_NUM == 0x1)?appl1_start:appl2_start
                0x00000000                ecc_offset = ((appl_start / CY_FLASH_ROW_SIZE) * CY_ECC_ROW_SIZE)
                0x00000000                ee_offset = (CY_APPL_LOADABLE && ! (CY_EE_IN_BTLDR))?((CY_EE_SIZE / CY_APPL_MAX) * (CY_APPL_NUM - 0x1)):0x0
                0x00000800                ee_size = (CY_APPL_LOADABLE && ! (CY_EE_IN_BTLDR))?(CY_EE_SIZE / CY_APPL_MAX):CY_EE_SIZE
                [!provide]                PROVIDE (CY_ECC_OFFSET, ecc_offset)

.text           0x00000000      0xe26
 CREATE_OBJECT_SYMBOLS
                0x00000000                PROVIDE (__cy_interrupt_vector, RomVectors)
 *(.romvectors)
 .romvectors    0x00000000       0x10 .\CortexM3\ARM_GCC_541\Debug\Cm3Start.o
                0x00000000                RomVectors
                0x00000001                ASSERT ((. != __cy_interrupt_vector), No interrupt vector)
                0x00000001                ASSERT (CY_APPL_ORIGIN?(SIZEOF (.cybootloader) <= CY_APPL_ORIGIN):0x1, Wrong image location)
                0x00000010                PROVIDE (__cy_reset, Reset)
 *(.text.Reset)
 .text.Reset    0x00000010       0x18 .\CortexM3\ARM_GCC_541\Debug\Cm3Start.o
                0x00000010                Reset
                0x00000001                ASSERT ((. != __cy_reset), No reset code)
 *(.dma_init)
                0x00000001                ASSERT ((((appl_start + .) <= 0x10000) || 0x1), DMA Init must be within the first 64k of flash)
 *(.text .text.* .gnu.linkonce.t.*)
 .text          0x00000028       0x5c c:/program files (x86)/cypress/psoc creator/4.2/psoc creator/import/gnu/arm/5.4.1/bin/../lib/gcc/arm-none-eabi/5.4.1/armv7-m/crtbegin.o
 .text.initFirmwire
                0x00000084       0x2c .\CortexM3\ARM_GCC_541\Debug\main.o
                0x00000084                initFirmwire
 .text.BepaalMotorWaarden
                0x000000b0       0xa8 .\CortexM3\ARM_GCC_541\Debug\main.o
                0x000000b0                BepaalMotorWaarden
 .text.main     0x00000158       0x58 .\CortexM3\ARM_GCC_541\Debug\main.o
                0x00000158                main
 .text.MyRxInt  0x000001b0       0x38 .\CortexM3\ARM_GCC_541\Debug\myUART.o
                0x000001b0                MyRxInt
 .text.IsCharReady
                0x000001e8       0x14 .\CortexM3\ARM_GCC_541\Debug\myUART.o
                0x000001e8                IsCharReady
 .text.GetRxStr
                0x000001fc       0x50 .\CortexM3\ARM_GCC_541\Debug\myUART.o
                0x000001fc                GetRxStr
 .text.HexToDec
                0x0000024c       0x44 .\CortexM3\ARM_GCC_541\Debug\BleCommunicatie.o
                0x0000024c                HexToDec
 .text.getCMDValue
                0x00000290       0x74 .\CortexM3\ARM_GCC_541\Debug\BleCommunicatie.o
                0x00000290                getCMDValue
 .text.ProcessCommandMsg
                0x00000304       0x64 .\CortexM3\ARM_GCC_541\Debug\BleCommunicatie.o
                0x00000304                ProcessCommandMsg
 .text.CyClockStartupError
                0x00000368        0x4 .\CortexM3\ARM_GCC_541\Debug\cyfitter_cfg.o
 .text.cfg_write_bytes32
                0x0000036c       0x34 .\CortexM3\ARM_GCC_541\Debug\cyfitter_cfg.o
 .text.AnalogSetDefault
                0x000003a0       0x54 .\CortexM3\ARM_GCC_541\Debug\cyfitter_cfg.o
 .text.CYMEMZERO
                0x000003f4        0xc .\CortexM3\ARM_GCC_541\Debug\cyfitter_cfg.o
 .text.ClockSetup
                0x00000400       0xc8 .\CortexM3\ARM_GCC_541\Debug\cyfitter_cfg.o
 .text.CYCONFIGCPY
                0x000004c8        0x8 .\CortexM3\ARM_GCC_541\Debug\cyfitter_cfg.o
 .text.cyfitter_cfg
                0x000004d0      0x124 .\CortexM3\ARM_GCC_541\Debug\cyfitter_cfg.o
                0x000004d0                cyfitter_cfg
 .text.IntDefaultHandler
                0x000005f4       0x10 .\CortexM3\ARM_GCC_541\Debug\Cm3Start.o
                0x000005f4                IntDefaultHandler
 .text.Start_c  0x00000604       0x4c .\CortexM3\ARM_GCC_541\Debug\Cm3Start.o
                0x00000604                Start_c
 .text.initialize_psoc
                0x00000650       0x68 .\CortexM3\ARM_GCC_541\Debug\Cm3Start.o
                0x00000650                initialize_psoc
 .text.LCD_WrCntrlNib
                0x000006b8       0x34 .\CortexM3\ARM_GCC_541\Debug\Roadster1.0.a(LCD.o)
 .text.LCD_WrDatNib
                0x000006ec       0x44 .\CortexM3\ARM_GCC_541\Debug\Roadster1.0.a(LCD.o)
 .text.LCD_IsReady
                0x00000730       0xe4 .\CortexM3\ARM_GCC_541\Debug\Roadster1.0.a(LCD.o)
                0x00000730                LCD_IsReady
 .text.LCD_WriteData
                0x00000814       0x18 .\CortexM3\ARM_GCC_541\Debug\Roadster1.0.a(LCD.o)
                0x00000814                LCD_WriteData
 .text.LCD_PrintString
                0x0000082c       0x1c .\CortexM3\ARM_GCC_541\Debug\Roadster1.0.a(LCD.o)
                0x0000082c                LCD_PrintString
 .text.LCD_WriteControl
                0x00000848       0x18 .\CortexM3\ARM_GCC_541\Debug\Roadster1.0.a(LCD.o)
                0x00000848                LCD_WriteControl
 .text.LCD_Init
                0x00000860       0x74 .\CortexM3\ARM_GCC_541\Debug\Roadster1.0.a(LCD.o)
                0x00000860                LCD_Init
 .text.LCD_Enable
                0x000008d4       0x14 .\CortexM3\ARM_GCC_541\Debug\Roadster1.0.a(LCD.o)
                0x000008d4                LCD_Enable
 .text.LCD_Start
                0x000008e8       0x1c .\CortexM3\ARM_GCC_541\Debug\Roadster1.0.a(LCD.o)
                0x000008e8                LCD_Start
 .text.LCD_Position
                0x00000904       0x3c .\CortexM3\ARM_GCC_541\Debug\Roadster1.0.a(LCD.o)
                0x00000904                LCD_Position
 .text.LCD_PrintU32Number
                0x00000940       0x64 .\CortexM3\ARM_GCC_541\Debug\Roadster1.0.a(LCD.o)
                0x00000940                LCD_PrintU32Number
 .text.LCD_LoadCustomFonts
                0x000009a4       0x2c .\CortexM3\ARM_GCC_541\Debug\Roadster1.0.a(LCD_CustChars.o)
                0x000009a4                LCD_LoadCustomFonts
 .text.ENB_Write
                0x000009d0       0x18 .\CortexM3\ARM_GCC_541\Debug\Roadster1.0.a(ENB.o)
                0x000009d0                ENB_Write
 .text.ENA_Write
                0x000009e8       0x18 .\CortexM3\ARM_GCC_541\Debug\Roadster1.0.a(ENA.o)
                0x000009e8                ENA_Write
 .text.MotorControl_Enable
                0x00000a00       0x10 .\CortexM3\ARM_GCC_541\Debug\Roadster1.0.a(MotorControl.o)
                0x00000a00                MotorControl_Enable
 .text.MotorControl_WriteCounter
                0x00000a10        0xc .\CortexM3\ARM_GCC_541\Debug\Roadster1.0.a(MotorControl.o)
                0x00000a10                MotorControl_WriteCounter
 .text.MotorControl_WritePeriod
                0x00000a1c        0xc .\CortexM3\ARM_GCC_541\Debug\Roadster1.0.a(MotorControl.o)
                0x00000a1c                MotorControl_WritePeriod
 .text.MotorControl_WriteCompare1
                0x00000a28        0xc .\CortexM3\ARM_GCC_541\Debug\Roadster1.0.a(MotorControl.o)
                0x00000a28                MotorControl_WriteCompare1
 .text.MotorControl_WriteCompare2
                0x00000a34        0xc .\CortexM3\ARM_GCC_541\Debug\Roadster1.0.a(MotorControl.o)
                0x00000a34                MotorControl_WriteCompare2
 .text.MotorControl_SetInterruptMode
                0x00000a40        0xc .\CortexM3\ARM_GCC_541\Debug\Roadster1.0.a(MotorControl.o)
                0x00000a40                MotorControl_SetInterruptMode
 .text.MotorControl_ReadStatusRegister
                0x00000a4c        0xc .\CortexM3\ARM_GCC_541\Debug\Roadster1.0.a(MotorControl.o)
                0x00000a4c                MotorControl_ReadStatusRegister
 .text.MotorControl_ReadCapture
                0x00000a58        0xc .\CortexM3\ARM_GCC_541\Debug\Roadster1.0.a(MotorControl.o)
                0x00000a58                MotorControl_ReadCapture
 .text.MotorControl_ClearFIFO
                0x00000a64       0x14 .\CortexM3\ARM_GCC_541\Debug\Roadster1.0.a(MotorControl.o)
                0x00000a64                MotorControl_ClearFIFO
 .text.MotorControl_Init
                0x00000a78       0x58 .\CortexM3\ARM_GCC_541\Debug\Roadster1.0.a(MotorControl.o)
                0x00000a78                MotorControl_Init
 .text.MotorControl_Start
                0x00000ad0       0x1c .\CortexM3\ARM_GCC_541\Debug\Roadster1.0.a(MotorControl.o)
                0x00000ad0                MotorControl_Start
 .text.BleVDAC_Enable
                0x00000aec       0x1c .\CortexM3\ARM_GCC_541\Debug\Roadster1.0.a(BleVDAC.o)
                0x00000aec                BleVDAC_Enable
 .text.BleVDAC_SetSpeed
                0x00000b08       0x1c .\CortexM3\ARM_GCC_541\Debug\Roadster1.0.a(BleVDAC.o)
                0x00000b08                BleVDAC_SetSpeed
 .text.BleVDAC_SetValue
                0x00000b24        0xc .\CortexM3\ARM_GCC_541\Debug\Roadster1.0.a(BleVDAC.o)
                0x00000b24                BleVDAC_SetValue
 .text.BleVDAC_DacTrim
                0x00000b30       0x24 .\CortexM3\ARM_GCC_541\Debug\Roadster1.0.a(BleVDAC.o)
                0x00000b30                BleVDAC_DacTrim
 .text.BleVDAC_SetRange
                0x00000b54       0x20 .\CortexM3\ARM_GCC_541\Debug\Roadster1.0.a(BleVDAC.o)
                0x00000b54                BleVDAC_SetRange
 .text.BleVDAC_Init
                0x00000b74       0x20 .\CortexM3\ARM_GCC_541\Debug\Roadster1.0.a(BleVDAC.o)
                0x00000b74                BleVDAC_Init
 .text.BleVDAC_Start
                0x00000b94       0x24 .\CortexM3\ARM_GCC_541\Debug\Roadster1.0.a(BleVDAC.o)
                0x00000b94                BleVDAC_Start
 .text.BleBuffer_Enable
                0x00000bb8       0x28 .\CortexM3\ARM_GCC_541\Debug\Roadster1.0.a(BleBuffer.o)
                0x00000bb8                BleBuffer_Enable
 .text.BleBuffer_SetPower
                0x00000be0       0x1c .\CortexM3\ARM_GCC_541\Debug\Roadster1.0.a(BleBuffer.o)
                0x00000be0                BleBuffer_SetPower
 .text.BleBuffer_Init
                0x00000bfc        0xc .\CortexM3\ARM_GCC_541\Debug\Roadster1.0.a(BleBuffer.o)
                0x00000bfc                BleBuffer_Init
 .text.BleBuffer_Start
                0x00000c08       0x1c .\CortexM3\ARM_GCC_541\Debug\Roadster1.0.a(BleBuffer.o)
                0x00000c08                BleBuffer_Start
 .text.BleUart_Init
                0x00000c24       0x2c .\CortexM3\ARM_GCC_541\Debug\Roadster1.0.a(BleUart.o)
                0x00000c24                BleUart_Init
 .text.BleUart_Enable
                0x00000c50       0x38 .\CortexM3\ARM_GCC_541\Debug\Roadster1.0.a(BleUart.o)
                0x00000c50                BleUart_Enable
 .text.BleUart_Start
                0x00000c88       0x1c .\CortexM3\ARM_GCC_541\Debug\Roadster1.0.a(BleUart.o)
                0x00000c88                BleUart_Start
 .text.BleUart_ReadRxData
                0x00000ca4        0xc .\CortexM3\ARM_GCC_541\Debug\Roadster1.0.a(BleUart.o)
                0x00000ca4                BleUart_ReadRxData
 .text.BleUart_ReadRxStatus
                0x00000cb0       0x10 .\CortexM3\ARM_GCC_541\Debug\Roadster1.0.a(BleUart.o)
                0x00000cb0                BleUart_ReadRxStatus
 .text.BleRxISR_SetVector
                0x00000cc0        0xc .\CortexM3\ARM_GCC_541\Debug\Roadster1.0.a(BleRxISR.o)
                0x00000cc0                BleRxISR_SetVector
 .text.BleRxISR_SetPriority
                0x00000ccc       0x10 .\CortexM3\ARM_GCC_541\Debug\Roadster1.0.a(BleRxISR.o)
                0x00000ccc                BleRxISR_SetPriority
 .text.BleRxISR_Enable
                0x00000cdc        0xc .\CortexM3\ARM_GCC_541\Debug\Roadster1.0.a(BleRxISR.o)
                0x00000cdc                BleRxISR_Enable
 .text.BleRxISR_Disable
                0x00000ce8        0xc .\CortexM3\ARM_GCC_541\Debug\Roadster1.0.a(BleRxISR.o)
                0x00000ce8                BleRxISR_Disable
 .text.BleRxISR_StartEx
                0x00000cf4       0x1c .\CortexM3\ARM_GCC_541\Debug\Roadster1.0.a(BleRxISR.o)
                0x00000cf4                BleRxISR_StartEx
 .text.BleUart_IntClock_Start
                0x00000d10       0x1c .\CortexM3\ARM_GCC_541\Debug\Roadster1.0.a(BleUart_IntClock.o)
                0x00000d10                BleUart_IntClock_Start
 .text.CyDelay  0x00000d2c       0x2c .\CortexM3\ARM_GCC_541\Debug\Roadster1.0.a(CyLib.o)
                0x00000d2c                CyDelay
 .text.CyDelayUs
                0x00000d58       0x14 .\CortexM3\ARM_GCC_541\Debug\Roadster1.0.a(CyLib.o)
                0x00000d58                CyDelayUs
 .text.RijRichting_Write
                0x00000d6c        0xc .\CortexM3\ARM_GCC_541\Debug\Roadster1.0.a(RijRichting.o)
                0x00000d6c                RijRichting_Write
 .text          0x00000d78       0x20 .\CortexM3\ARM_GCC_541\Debug\Roadster1.0.a(CyBootAsmGnu.o)
                0x00000d78                CyDelayCycles
                0x00000d88                CyEnterCriticalSection
                0x00000d90                CyExitCriticalSection
 .text.__errno  0x00000d98        0xc c:/program files (x86)/cypress/psoc creator/4.2/psoc creator/import/gnu/arm/5.4.1/bin/../lib/gcc/arm-none-eabi/5.4.1/../../../../arm-none-eabi/lib/armv7-m\libg_nano.a(lib_a-errno.o)
                0x00000d98                __errno
 .text.__libc_init_array
                0x00000da4       0x4c c:/program files (x86)/cypress/psoc creator/4.2/psoc creator/import/gnu/arm/5.4.1/bin/../lib/gcc/arm-none-eabi/5.4.1/../../../../arm-none-eabi/lib/armv7-m\libg_nano.a(lib_a-init.o)
                0x00000da4                __libc_init_array
 .text.memcpy   0x00000df0       0x16 c:/program files (x86)/cypress/psoc creator/4.2/psoc creator/import/gnu/arm/5.4.1/bin/../lib/gcc/arm-none-eabi/5.4.1/../../../../arm-none-eabi/lib/armv7-m\libg_nano.a(lib_a-memcpy-stub.o)
                0x00000df0                memcpy
 .text.memset   0x00000e06       0x10 c:/program files (x86)/cypress/psoc creator/4.2/psoc creator/import/gnu/arm/5.4.1/bin/../lib/gcc/arm-none-eabi/5.4.1/../../../../arm-none-eabi/lib/armv7-m\libg_nano.a(lib_a-memset.o)
                0x00000e06                memset
 .text          0x00000e16       0x10 c:/program files (x86)/cypress/psoc creator/4.2/psoc creator/import/gnu/arm/5.4.1/bin/../lib/gcc/arm-none-eabi/5.4.1/../../../../arm-none-eabi/lib/armv7-m\libg_nano.a(lib_a-strlen.o)
                0x00000e16                strlen
 *(.plt)
 *(.gnu.warning)
 *(.glue_7t)
 .glue_7t       0x00000e26        0x0 linker stubs
 *(.glue_7)
 .glue_7        0x00000e26        0x0 linker stubs
 *(.vfp11_veneer)
 .vfp11_veneer  0x00000e26        0x0 linker stubs
 *(.bootloader)
 *(.ARM.extab* .gnu.linkonce.armextab.*)
 *(.gcc_except_table)

.v4_bx          0x00000e28        0x0
 .v4_bx         0x00000e28        0x0 linker stubs

.iplt           0x00000e28        0x0
 .iplt          0x00000e28        0x0 c:/program files (x86)/cypress/psoc creator/4.2/psoc creator/import/gnu/arm/5.4.1/bin/../lib/gcc/arm-none-eabi/5.4.1/armv7-m/crtbegin.o

.eh_frame_hdr
 *(.eh_frame_hdr)

.eh_frame       0x00000e28        0x4
 *(.eh_frame)
 .eh_frame      0x00000e28        0x0 c:/program files (x86)/cypress/psoc creator/4.2/psoc creator/import/gnu/arm/5.4.1/bin/../lib/gcc/arm-none-eabi/5.4.1/armv7-m/crtbegin.o
 .eh_frame      0x00000e28        0x4 c:/program files (x86)/cypress/psoc creator/4.2/psoc creator/import/gnu/arm/5.4.1/bin/../lib/gcc/arm-none-eabi/5.4.1/armv7-m/crtend.o
                [!provide]                PROVIDE (__exidx_start, .)

.ARM.exidx
 *(.ARM.exidx* .gnu.linkonce.armexidx.*)
                0x00000e2c                __exidx_end = .

.rodata         0x00000e2c       0xb4
 *(.rodata .rodata.* .gnu.linkonce.r.*)
 .rodata        0x00000e2c       0x3a .\CortexM3\ARM_GCC_541\Debug\cyfitter_cfg.o
 *fill*         0x00000e66        0x2 
 .rodata        0x00000e68       0x40 .\CortexM3\ARM_GCC_541\Debug\Roadster1.0.a(LCD_CustChars.o)
                0x00000e68                LCD_customFonts
 .rodata.str1.1
                0x00000ea8        0x2 c:/program files (x86)/cypress/psoc creator/4.2/psoc creator/import/gnu/arm/5.4.1/bin/../lib/gcc/arm-none-eabi/5.4.1/../../../../arm-none-eabi/lib/armv7-m\libg_nano.a(lib_a-impure.o)
                0x00000eac                . = ALIGN (0x4)
 *fill*         0x00000eaa        0x2 
 *(.init)
 .init          0x00000eac        0x4 c:/program files (x86)/cypress/psoc creator/4.2/psoc creator/import/gnu/arm/5.4.1/bin/../lib/gcc/arm-none-eabi/5.4.1/armv7-m/crti.o
                0x00000eac                _init
 .init          0x00000eb0        0x8 c:/program files (x86)/cypress/psoc creator/4.2/psoc creator/import/gnu/arm/5.4.1/bin/../lib/gcc/arm-none-eabi/5.4.1/armv7-m/crtn.o
                0x00000eb8                . = ALIGN (0x4)
                0x00000eb8                __preinit_array_start = .
 *(.preinit_array)
                0x00000eb8                __preinit_array_end = .
                0x00000eb8                . = ALIGN (0x4)
                0x00000eb8                __init_array_start = .
 *(SORT(.init_array.*))
 *(.init_array)
 .init_array    0x00000eb8        0x4 c:/program files (x86)/cypress/psoc creator/4.2/psoc creator/import/gnu/arm/5.4.1/bin/../lib/gcc/arm-none-eabi/5.4.1/armv7-m/crtbegin.o
 .init_array    0x00000ebc        0x4 .\CortexM3\ARM_GCC_541\Debug\Cm3Start.o
                0x00000ec0                __init_array_end = .
                0x00000ec0                . = ALIGN (0x4)
 *(.fini)
 .fini          0x00000ec0        0x4 c:/program files (x86)/cypress/psoc creator/4.2/psoc creator/import/gnu/arm/5.4.1/bin/../lib/gcc/arm-none-eabi/5.4.1/armv7-m/crti.o
                0x00000ec0                _fini
 .fini          0x00000ec4        0x8 c:/program files (x86)/cypress/psoc creator/4.2/psoc creator/import/gnu/arm/5.4.1/bin/../lib/gcc/arm-none-eabi/5.4.1/armv7-m/crtn.o
                0x00000ecc                . = ALIGN (0x4)
                0x00000ecc                __fini_array_start = .
 *(.fini_array)
 .fini_array    0x00000ecc        0x4 c:/program files (x86)/cypress/psoc creator/4.2/psoc creator/import/gnu/arm/5.4.1/bin/../lib/gcc/arm-none-eabi/5.4.1/armv7-m/crtbegin.o
 *(SORT(.fini_array.*))
                0x00000ed0                __fini_array_end = .
                0x00000ed0                . = ALIGN (0x4)
 *crtbegin.o(.ctors)
 *(EXCLUDE_FILE(*crtend.o) .ctors)
 *(SORT(.ctors.*))
 *crtend.o(.ctors)
                0x00000ed0                . = ALIGN (0x4)
 *crtbegin.o(.dtors)
 *(EXCLUDE_FILE(*crtend.o) .dtors)
 *(SORT(.dtors.*))
 *crtend.o(.dtors)
                0x00000ed0                . = ALIGN (0x4)
                0x00000ed0                __cy_regions = .
                0x00000ed0        0x4 LONG 0xee0 __cy_region_init_ram
                0x00000ed4        0x4 LONG 0x1fff80c8 __cy_region_start_data
                0x00000ed8        0x4 LONG 0x88 __cy_region_init_size_ram
                0x00000edc        0x4 LONG 0x100 __cy_region_zero_size_ram
                0x00000ee0                __cy_regions_end = .
                0x00000ee0                . = ALIGN (0x8)
                0x00000ee0                _etext = .

.cy_checksum_exclude
                0x00000ee0        0x0
 *(.cy_checksum_exclude)

.ramvectors     0x1fff8000       0xc0
                0x1fff8000                __cy_region_start_ram = .
 *(.ramvectors)
 .ramvectors    0x1fff8000       0xc0 .\CortexM3\ARM_GCC_541\Debug\Cm3Start.o
                0x1fff8000                CyRamVectors

.noinit         0x1fff80c0        0x1
 *(.noinit)
 .noinit        0x1fff80c0        0x1 .\CortexM3\ARM_GCC_541\Debug\Roadster1.0.a(CyLib.o)
                0x1fff80c0                CyResetStatus

.data           0x1fff80c8       0x88 load address 0x00000ee0
                0x1fff80c8                __cy_region_start_data = .
 *(.jcr)
 .jcr           0x1fff80c8        0x0 c:/program files (x86)/cypress/psoc creator/4.2/psoc creator/import/gnu/arm/5.4.1/bin/../lib/gcc/arm-none-eabi/5.4.1/armv7-m/crtbegin.o
 .jcr           0x1fff80c8        0x4 c:/program files (x86)/cypress/psoc creator/4.2/psoc creator/import/gnu/arm/5.4.1/bin/../lib/gcc/arm-none-eabi/5.4.1/armv7-m/crtend.o
 *(.got.plt)
 *(.got)
 *(.shdata)
 *(.data .data.* .gnu.linkonce.d.*)
 .data          0x1fff80cc        0xc .\CortexM3\ARM_GCC_541\Debug\myUART.o
                0x1fff80cc                RxWriteIndex
                0x1fff80d0                RxReadIndex
                0x1fff80d4                RxStrIndex
 .data          0x1fff80d8       0x10 .\CortexM3\ARM_GCC_541\Debug\Roadster1.0.a(CyLib.o)
                0x1fff80d8                cydelay_32k_ms
                0x1fff80dc                cydelay_freq_khz
                0x1fff80e0                cydelay_freq_mhz
                0x1fff80e4                cydelay_freq_hz
 .data.impure_data
                0x1fff80e8       0x60 c:/program files (x86)/cypress/psoc creator/4.2/psoc creator/import/gnu/arm/5.4.1/bin/../lib/gcc/arm-none-eabi/5.4.1/../../../../arm-none-eabi/lib/armv7-m\libg_nano.a(lib_a-impure.o)
 .data._impure_ptr
                0x1fff8148        0x4 c:/program files (x86)/cypress/psoc creator/4.2/psoc creator/import/gnu/arm/5.4.1/bin/../lib/gcc/arm-none-eabi/5.4.1/../../../../arm-none-eabi/lib/armv7-m\libg_nano.a(lib_a-impure.o)
                0x1fff8148                _impure_ptr
                0x1fff8150                . = ALIGN (0x8)
 *fill*         0x1fff814c        0x4 
 *(.ram)
                0x1fff8150                _edata = .

.igot.plt       0x1fff8150        0x0 load address 0x00000f68
 .igot.plt      0x1fff8150        0x0 c:/program files (x86)/cypress/psoc creator/4.2/psoc creator/import/gnu/arm/5.4.1/bin/../lib/gcc/arm-none-eabi/5.4.1/armv7-m/crtbegin.o

.bss            0x1fff8150      0x100 load address 0x00000f68
                0x1fff8150                PROVIDE (__bss_start__, .)
 *(.shbss)
 *(.bss .bss.* .gnu.linkonce.b.*)
 .bss           0x1fff8150       0x1c c:/program files (x86)/cypress/psoc creator/4.2/psoc creator/import/gnu/arm/5.4.1/bin/../lib/gcc/arm-none-eabi/5.4.1/armv7-m/crtbegin.o
 .bss           0x1fff816c        0x2 .\CortexM3\ARM_GCC_541\Debug\Roadster1.0.a(LCD.o)
                0x1fff816c                LCD_enableState
                0x1fff816d                LCD_initVar
 .bss           0x1fff816e        0x1 .\CortexM3\ARM_GCC_541\Debug\Roadster1.0.a(MotorControl.o)
                0x1fff816e                MotorControl_initVar
 .bss           0x1fff816f        0x1 .\CortexM3\ARM_GCC_541\Debug\Roadster1.0.a(BleVDAC.o)
                0x1fff816f                BleVDAC_initVar
 .bss           0x1fff8170        0x1 .\CortexM3\ARM_GCC_541\Debug\Roadster1.0.a(BleBuffer.o)
                0x1fff8170                BleBuffer_initVar
 .bss           0x1fff8171        0x2 .\CortexM3\ARM_GCC_541\Debug\Roadster1.0.a(BleUart.o)
                0x1fff8171                BleUart_initVar
 *(COMMON)
 *fill*         0x1fff8173        0x1 
 COMMON         0x1fff8174       0x5a .\CortexM3\ARM_GCC_541\Debug\main.o
                0x1fff8174                RB
                0x1fff8188                ValueX
                0x1fff8189                pwmMotorRechts
                0x1fff818c                strMsg1
                0x1fff81cc                pwmMotorLinks
                0x1fff81cd                ValueY
 *fill*         0x1fff81ce        0x2 
 COMMON         0x1fff81d0       0x80 .\CortexM3\ARM_GCC_541\Debug\myUART.o
                0x1fff81d0                RxBuffer
                0x1fff8250                . = ALIGN (0x8)
 *(.ram.b)
                0x1fff8250                _end = .
                0x1fff8250                __end = .
                0x1fff8250                PROVIDE (end, .)
                0x1fff8250                PROVIDE (__bss_end__, .)
                0x00000ee0                __cy_region_init_ram = LOADADDR (.data)
                0x00000088                __cy_region_init_size_ram = (_edata - ADDR (.data))
                0x00000100                __cy_region_zero_size_ram = (_end - _edata)

.heap           0x1fff8250       0x80 load address 0x00000f68
                0x1fff8250                . = _end
                0x1fff82d0                . = (. + 0x80)
 *fill*         0x1fff8250       0x80 
                0x1fff82d0                __cy_heap_limit = .

.stack          0x20007800      0x800
                0x20007800                __cy_stack_limit = .
                0x20008000                . = (. + 0x800)
 *fill*         0x20007800      0x800 
                0x00000001                ASSERT ((__cy_stack_limit >= __cy_heap_limit), region RAM overflowed with stack)
                0x00000000                cy_checksum_exclude_size = (CY_APPL_LOADABLE == 0x1)?SIZEOF (.cy_checksum_exclude):0x0
                0x00000001                ASSERT ((cy_checksum_exclude_size <= CY_CHECKSUM_EXCLUDE_SIZE), CY_BOOT: Section .cy_checksum_exclude size exceedes specified limit.)

.cyloadermeta
 *(.cyloadermeta)

.cyloadablemeta
 *(.cyloadablemeta)

.cyconfigecc    0x80000000      0x46c
 *(.cyconfigecc)
 .cyconfigecc   0x80000000      0x46c .\CortexM3\ARM_GCC_541\Debug\cymetadata.o
                0x80000000                cy_meta_configecc

.cycustnvl      0x90000000        0x4
 *(.cycustnvl)
 .cycustnvl     0x90000000        0x4 .\CortexM3\ARM_GCC_541\Debug\cymetadata.o
                0x90000000                cy_meta_custnvl

.cywolatch      0x90100000        0x4
 *(.cywolatch)
 .cywolatch     0x90100000        0x4 .\CortexM3\ARM_GCC_541\Debug\cymetadata.o
                0x90100000                cy_meta_wonvl

.cyeeprom       0x90200000        0x0
 *(.cyeeprom)
                0x00000001                ASSERT ((. <= ((0x90200000 + ee_offset) + ee_size)), .cyeeprom data will not fit in EEPROM)

.cyflashprotect
                0x90400000      0x100
 *(.cyflashprotect)
 .cyflashprotect
                0x90400000      0x100 .\CortexM3\ARM_GCC_541\Debug\cymetadata.o
                0x90400000                cy_meta_flashprotect

.cymeta         0x90500000        0xc
 *(.cymeta)
 .cymeta        0x90500000        0xc .\CortexM3\ARM_GCC_541\Debug\cymetadata.o
                0x90500000                cy_metadata

.rel.dyn        0x00000f68        0x0 load address 0x9050000c
 .rel.iplt      0x00000f68        0x0 c:/program files (x86)/cypress/psoc creator/4.2/psoc creator/import/gnu/arm/5.4.1/bin/../lib/gcc/arm-none-eabi/5.4.1/armv7-m/crtbegin.o

.stab
 *(.stab)

.stabstr
 *(.stabstr)

.debug
 *(.debug)

.line
 *(.line)

.debug_srcinfo
 *(.debug_srcinfo)

.debug_sfnames
 *(.debug_sfnames)

.debug_aranges  0x00000000      0xb68
 *(.debug_aranges)
 .debug_aranges
                0x00000000       0x60 .\CortexM3\ARM_GCC_541\Debug\main.o
 .debug_aranges
                0x00000060       0x30 .\CortexM3\ARM_GCC_541\Debug\myUART.o
 .debug_aranges
                0x00000090       0x38 .\CortexM3\ARM_GCC_541\Debug\BleCommunicatie.o
 .debug_aranges
                0x000000c8       0x58 .\CortexM3\ARM_GCC_541\Debug\cyfitter_cfg.o
 .debug_aranges
                0x00000120       0x18 .\CortexM3\ARM_GCC_541\Debug\cymetadata.o
 .debug_aranges
                0x00000138       0x48 .\CortexM3\ARM_GCC_541\Debug\Cm3Start.o
 .debug_aranges
                0x00000180       0x38 .\CortexM3\ARM_GCC_541\Debug\Roadster1.0.a(LED5.o)
 .debug_aranges
                0x000001b8       0x38 .\CortexM3\ARM_GCC_541\Debug\Roadster1.0.a(LED4.o)
 .debug_aranges
                0x000001f0       0x38 .\CortexM3\ARM_GCC_541\Debug\Roadster1.0.a(LED3.o)
 .debug_aranges
                0x00000228       0x38 .\CortexM3\ARM_GCC_541\Debug\Roadster1.0.a(LED2.o)
 .debug_aranges
                0x00000260       0x38 .\CortexM3\ARM_GCC_541\Debug\Roadster1.0.a(LED1.o)
 .debug_aranges
                0x00000298       0x98 .\CortexM3\ARM_GCC_541\Debug\Roadster1.0.a(LCD.o)
 .debug_aranges
                0x00000330       0x20 .\CortexM3\ARM_GCC_541\Debug\Roadster1.0.a(LCD_CustChars.o)
 .debug_aranges
                0x00000350       0x38 .\CortexM3\ARM_GCC_541\Debug\Roadster1.0.a(ENB.o)
 .debug_aranges
                0x00000388       0x38 .\CortexM3\ARM_GCC_541\Debug\Roadster1.0.a(ENA.o)
 .debug_aranges
                0x000003c0       0xa8 .\CortexM3\ARM_GCC_541\Debug\Roadster1.0.a(MotorControl.o)
 .debug_aranges
                0x00000468       0x58 .\CortexM3\ARM_GCC_541\Debug\Roadster1.0.a(BleVDAC.o)
 .debug_aranges
                0x000004c0       0x40 .\CortexM3\ARM_GCC_541\Debug\Roadster1.0.a(BleBuffer.o)
 .debug_aranges
                0x00000500       0xf0 .\CortexM3\ARM_GCC_541\Debug\Roadster1.0.a(BleUart.o)
 .debug_aranges
                0x000005f0       0x80 .\CortexM3\ARM_GCC_541\Debug\Roadster1.0.a(BleRxISR.o)
 .debug_aranges
                0x00000670       0x70 .\CortexM3\ARM_GCC_541\Debug\Roadster1.0.a(BleUart_IntClock.o)
 .debug_aranges
                0x000006e0      0x2a0 .\CortexM3\ARM_GCC_541\Debug\Roadster1.0.a(CyLib.o)
 .debug_aranges
                0x00000980       0x98 .\CortexM3\ARM_GCC_541\Debug\Roadster1.0.a(cyPm.o)
 .debug_aranges
                0x00000a18       0x28 .\CortexM3\ARM_GCC_541\Debug\Roadster1.0.a(RijRichting.o)
 .debug_aranges
                0x00000a40       0x20 .\CortexM3\ARM_GCC_541\Debug\Roadster1.0.a(CyBootAsmGnu.o)
 .debug_aranges
                0x00000a60       0x88 .\CortexM3\ARM_GCC_541\Debug\Roadster1.0.a(CyFlash.o)
 .debug_aranges
                0x00000ae8       0x80 .\CortexM3\ARM_GCC_541\Debug\Roadster1.0.a(CySpc.o)

.debug_pubnames
 *(.debug_pubnames)

.debug_info     0x00000000     0x6672
 *(.debug_info .gnu.linkonce.wi.*)
 .debug_info    0x00000000      0x779 .\CortexM3\ARM_GCC_541\Debug\main.o
 .debug_info    0x00000779      0x233 .\CortexM3\ARM_GCC_541\Debug\myUART.o
 .debug_info    0x000009ac      0x498 .\CortexM3\ARM_GCC_541\Debug\BleCommunicatie.o
 .debug_info    0x00000e44      0x5de .\CortexM3\ARM_GCC_541\Debug\cyfitter_cfg.o
 .debug_info    0x00001422      0x136 .\CortexM3\ARM_GCC_541\Debug\cymetadata.o
 .debug_info    0x00001558      0x3bb .\CortexM3\ARM_GCC_541\Debug\Cm3Start.o
 .debug_info    0x00001913      0x11f .\CortexM3\ARM_GCC_541\Debug\Roadster1.0.a(LED5.o)
 .debug_info    0x00001a32      0x11f .\CortexM3\ARM_GCC_541\Debug\Roadster1.0.a(LED4.o)
 .debug_info    0x00001b51      0x11f .\CortexM3\ARM_GCC_541\Debug\Roadster1.0.a(LED3.o)
 .debug_info    0x00001c70      0x11f .\CortexM3\ARM_GCC_541\Debug\Roadster1.0.a(LED2.o)
 .debug_info    0x00001d8f      0x11f .\CortexM3\ARM_GCC_541\Debug\Roadster1.0.a(LED1.o)
 .debug_info    0x00001eae      0x752 .\CortexM3\ARM_GCC_541\Debug\Roadster1.0.a(LCD.o)
 .debug_info    0x00002600      0x159 .\CortexM3\ARM_GCC_541\Debug\Roadster1.0.a(LCD_CustChars.o)
 .debug_info    0x00002759      0x11f .\CortexM3\ARM_GCC_541\Debug\Roadster1.0.a(ENB.o)
 .debug_info    0x00002878      0x11f .\CortexM3\ARM_GCC_541\Debug\Roadster1.0.a(ENA.o)
 .debug_info    0x00002997      0x381 .\CortexM3\ARM_GCC_541\Debug\Roadster1.0.a(MotorControl.o)
 .debug_info    0x00002d18      0x1de .\CortexM3\ARM_GCC_541\Debug\Roadster1.0.a(BleVDAC.o)
 .debug_info    0x00002ef6      0x151 .\CortexM3\ARM_GCC_541\Debug\Roadster1.0.a(BleBuffer.o)
 .debug_info    0x00003047      0x60c .\CortexM3\ARM_GCC_541\Debug\Roadster1.0.a(BleUart.o)
 .debug_info    0x00003653      0x2d2 .\CortexM3\ARM_GCC_541\Debug\Roadster1.0.a(BleRxISR.o)
 .debug_info    0x00003925      0x283 .\CortexM3\ARM_GCC_541\Debug\Roadster1.0.a(BleUart_IntClock.o)
 .debug_info    0x00003ba8     0x1374 .\CortexM3\ARM_GCC_541\Debug\Roadster1.0.a(CyLib.o)
 .debug_info    0x00004f1c      0xa2a .\CortexM3\ARM_GCC_541\Debug\Roadster1.0.a(cyPm.o)
 .debug_info    0x00005946       0xd6 .\CortexM3\ARM_GCC_541\Debug\Roadster1.0.a(RijRichting.o)
 .debug_info    0x00005a1c       0xb9 .\CortexM3\ARM_GCC_541\Debug\Roadster1.0.a(CyBootAsmGnu.o)
 .debug_info    0x00005ad5      0x64d .\CortexM3\ARM_GCC_541\Debug\Roadster1.0.a(CyFlash.o)
 .debug_info    0x00006122      0x550 .\CortexM3\ARM_GCC_541\Debug\Roadster1.0.a(CySpc.o)

.debug_abbrev   0x00000000     0x1e9d
 *(.debug_abbrev)
 .debug_abbrev  0x00000000      0x1e6 .\CortexM3\ARM_GCC_541\Debug\main.o
 .debug_abbrev  0x000001e6      0x17a .\CortexM3\ARM_GCC_541\Debug\myUART.o
 .debug_abbrev  0x00000360      0x1cb .\CortexM3\ARM_GCC_541\Debug\BleCommunicatie.o
 .debug_abbrev  0x0000052b      0x20d .\CortexM3\ARM_GCC_541\Debug\cyfitter_cfg.o
 .debug_abbrev  0x00000738       0x77 .\CortexM3\ARM_GCC_541\Debug\cymetadata.o
 .debug_abbrev  0x000007af      0x1e8 .\CortexM3\ARM_GCC_541\Debug\Cm3Start.o
 .debug_abbrev  0x00000997       0x90 .\CortexM3\ARM_GCC_541\Debug\Roadster1.0.a(LED5.o)
 .debug_abbrev  0x00000a27       0x90 .\CortexM3\ARM_GCC_541\Debug\Roadster1.0.a(LED4.o)
 .debug_abbrev  0x00000ab7       0x90 .\CortexM3\ARM_GCC_541\Debug\Roadster1.0.a(LED3.o)
 .debug_abbrev  0x00000b47       0x90 .\CortexM3\ARM_GCC_541\Debug\Roadster1.0.a(LED2.o)
 .debug_abbrev  0x00000bd7       0x90 .\CortexM3\ARM_GCC_541\Debug\Roadster1.0.a(LED1.o)
 .debug_abbrev  0x00000c67      0x168 .\CortexM3\ARM_GCC_541\Debug\Roadster1.0.a(LCD.o)
 .debug_abbrev  0x00000dcf       0xe2 .\CortexM3\ARM_GCC_541\Debug\Roadster1.0.a(LCD_CustChars.o)
 .debug_abbrev  0x00000eb1       0x90 .\CortexM3\ARM_GCC_541\Debug\Roadster1.0.a(ENB.o)
 .debug_abbrev  0x00000f41       0x90 .\CortexM3\ARM_GCC_541\Debug\Roadster1.0.a(ENA.o)
 .debug_abbrev  0x00000fd1      0x133 .\CortexM3\ARM_GCC_541\Debug\Roadster1.0.a(MotorControl.o)
 .debug_abbrev  0x00001104       0xf7 .\CortexM3\ARM_GCC_541\Debug\Roadster1.0.a(BleVDAC.o)
 .debug_abbrev  0x000011fb       0xb2 .\CortexM3\ARM_GCC_541\Debug\Roadster1.0.a(BleBuffer.o)
 .debug_abbrev  0x000012ad      0x175 .\CortexM3\ARM_GCC_541\Debug\Roadster1.0.a(BleUart.o)
 .debug_abbrev  0x00001422      0x173 .\CortexM3\ARM_GCC_541\Debug\Roadster1.0.a(BleRxISR.o)
 .debug_abbrev  0x00001595      0x139 .\CortexM3\ARM_GCC_541\Debug\Roadster1.0.a(BleUart_IntClock.o)
 .debug_abbrev  0x000016ce      0x254 .\CortexM3\ARM_GCC_541\Debug\Roadster1.0.a(CyLib.o)
 .debug_abbrev  0x00001922      0x1ab .\CortexM3\ARM_GCC_541\Debug\Roadster1.0.a(cyPm.o)
 .debug_abbrev  0x00001acd       0x81 .\CortexM3\ARM_GCC_541\Debug\Roadster1.0.a(RijRichting.o)
 .debug_abbrev  0x00001b4e       0x14 .\CortexM3\ARM_GCC_541\Debug\Roadster1.0.a(CyBootAsmGnu.o)
 .debug_abbrev  0x00001b62      0x1a7 .\CortexM3\ARM_GCC_541\Debug\Roadster1.0.a(CyFlash.o)
 .debug_abbrev  0x00001d09      0x194 .\CortexM3\ARM_GCC_541\Debug\Roadster1.0.a(CySpc.o)

.debug_line     0x00000000     0x2d28
 *(.debug_line)
 .debug_line    0x00000000      0x32b .\CortexM3\ARM_GCC_541\Debug\main.o
 .debug_line    0x0000032b      0x1d0 .\CortexM3\ARM_GCC_541\Debug\myUART.o
 .debug_line    0x000004fb      0x2d7 .\CortexM3\ARM_GCC_541\Debug\BleCommunicatie.o
 .debug_line    0x000007d2      0x1fd .\CortexM3\ARM_GCC_541\Debug\cyfitter_cfg.o
 .debug_line    0x000009cf      0x141 .\CortexM3\ARM_GCC_541\Debug\cymetadata.o
 .debug_line    0x00000b10      0x234 .\CortexM3\ARM_GCC_541\Debug\Cm3Start.o
 .debug_line    0x00000d44       0x91 .\CortexM3\ARM_GCC_541\Debug\Roadster1.0.a(LED5.o)
 .debug_line    0x00000dd5       0x91 .\CortexM3\ARM_GCC_541\Debug\Roadster1.0.a(LED4.o)
 .debug_line    0x00000e66       0x91 .\CortexM3\ARM_GCC_541\Debug\Roadster1.0.a(LED3.o)
 .debug_line    0x00000ef7       0x91 .\CortexM3\ARM_GCC_541\Debug\Roadster1.0.a(LED2.o)
 .debug_line    0x00000f88       0x91 .\CortexM3\ARM_GCC_541\Debug\Roadster1.0.a(LED1.o)
 .debug_line    0x00001019      0x1e6 .\CortexM3\ARM_GCC_541\Debug\Roadster1.0.a(LCD.o)
 .debug_line    0x000011ff       0x83 .\CortexM3\ARM_GCC_541\Debug\Roadster1.0.a(LCD_CustChars.o)
 .debug_line    0x00001282       0x90 .\CortexM3\ARM_GCC_541\Debug\Roadster1.0.a(ENB.o)
 .debug_line    0x00001312       0x90 .\CortexM3\ARM_GCC_541\Debug\Roadster1.0.a(ENA.o)
 .debug_line    0x000013a2      0x1b0 .\CortexM3\ARM_GCC_541\Debug\Roadster1.0.a(MotorControl.o)
 .debug_line    0x00001552       0xe4 .\CortexM3\ARM_GCC_541\Debug\Roadster1.0.a(BleVDAC.o)
 .debug_line    0x00001636       0xac .\CortexM3\ARM_GCC_541\Debug\Roadster1.0.a(BleBuffer.o)
 .debug_line    0x000016e2      0x2c2 .\CortexM3\ARM_GCC_541\Debug\Roadster1.0.a(BleUart.o)
 .debug_line    0x000019a4      0x135 .\CortexM3\ARM_GCC_541\Debug\Roadster1.0.a(BleRxISR.o)
 .debug_line    0x00001ad9      0x17f .\CortexM3\ARM_GCC_541\Debug\Roadster1.0.a(BleUart_IntClock.o)
 .debug_line    0x00001c58      0x816 .\CortexM3\ARM_GCC_541\Debug\Roadster1.0.a(CyLib.o)
 .debug_line    0x0000246e      0x367 .\CortexM3\ARM_GCC_541\Debug\Roadster1.0.a(cyPm.o)
 .debug_line    0x000027d5       0x73 .\CortexM3\ARM_GCC_541\Debug\Roadster1.0.a(RijRichting.o)
 .debug_line    0x00002848       0x66 .\CortexM3\ARM_GCC_541\Debug\Roadster1.0.a(CyBootAsmGnu.o)
 .debug_line    0x000028ae      0x21a .\CortexM3\ARM_GCC_541\Debug\Roadster1.0.a(CyFlash.o)
 .debug_line    0x00002ac8      0x260 .\CortexM3\ARM_GCC_541\Debug\Roadster1.0.a(CySpc.o)

.debug_frame    0x00000000     0x1ec4
 *(.debug_frame)
 .debug_frame   0x00000000       0xf4 .\CortexM3\ARM_GCC_541\Debug\main.o
 .debug_frame   0x000000f4       0x4c .\CortexM3\ARM_GCC_541\Debug\myUART.o
 .debug_frame   0x00000140       0x94 .\CortexM3\ARM_GCC_541\Debug\BleCommunicatie.o
 .debug_frame   0x000001d4       0xe4 .\CortexM3\ARM_GCC_541\Debug\cyfitter_cfg.o
 .debug_frame   0x000002b8       0xb8 .\CortexM3\ARM_GCC_541\Debug\Cm3Start.o
 .debug_frame   0x00000370       0x50 .\CortexM3\ARM_GCC_541\Debug\Roadster1.0.a(LED5.o)
 .debug_frame   0x000003c0       0x50 .\CortexM3\ARM_GCC_541\Debug\Roadster1.0.a(LED4.o)
 .debug_frame   0x00000410       0x50 .\CortexM3\ARM_GCC_541\Debug\Roadster1.0.a(LED3.o)
 .debug_frame   0x00000460       0x50 .\CortexM3\ARM_GCC_541\Debug\Roadster1.0.a(LED2.o)
 .debug_frame   0x000004b0       0x50 .\CortexM3\ARM_GCC_541\Debug\Roadster1.0.a(LED1.o)
 .debug_frame   0x00000500      0x1e8 .\CortexM3\ARM_GCC_541\Debug\Roadster1.0.a(LCD.o)
 .debug_frame   0x000006e8       0x30 .\CortexM3\ARM_GCC_541\Debug\Roadster1.0.a(LCD_CustChars.o)
 .debug_frame   0x00000718       0x50 .\CortexM3\ARM_GCC_541\Debug\Roadster1.0.a(ENB.o)
 .debug_frame   0x00000768       0x50 .\CortexM3\ARM_GCC_541\Debug\Roadster1.0.a(ENA.o)
 .debug_frame   0x000007b8      0x154 .\CortexM3\ARM_GCC_541\Debug\Roadster1.0.a(MotorControl.o)
 .debug_frame   0x0000090c       0xb4 .\CortexM3\ARM_GCC_541\Debug\Roadster1.0.a(BleVDAC.o)
 .debug_frame   0x000009c0       0x78 .\CortexM3\ARM_GCC_541\Debug\Roadster1.0.a(BleBuffer.o)
 .debug_frame   0x00000a38      0x250 .\CortexM3\ARM_GCC_541\Debug\Roadster1.0.a(BleUart.o)
 .debug_frame   0x00000c88      0x104 .\CortexM3\ARM_GCC_541\Debug\Roadster1.0.a(BleRxISR.o)
 .debug_frame   0x00000d8c       0xe0 .\CortexM3\ARM_GCC_541\Debug\Roadster1.0.a(BleUart_IntClock.o)
 .debug_frame   0x00000e6c      0x738 .\CortexM3\ARM_GCC_541\Debug\Roadster1.0.a(CyLib.o)
 .debug_frame   0x000015a4      0x1f8 .\CortexM3\ARM_GCC_541\Debug\Roadster1.0.a(cyPm.o)
 .debug_frame   0x0000179c       0x30 .\CortexM3\ARM_GCC_541\Debug\Roadster1.0.a(RijRichting.o)
 .debug_frame   0x000017cc      0x194 .\CortexM3\ARM_GCC_541\Debug\Roadster1.0.a(CyFlash.o)
 .debug_frame   0x00001960      0x180 .\CortexM3\ARM_GCC_541\Debug\Roadster1.0.a(CySpc.o)
 .debug_frame   0x00001ae0       0x20 c:/program files (x86)/cypress/psoc creator/4.2/psoc creator/import/gnu/arm/5.4.1/bin/../lib/gcc/arm-none-eabi/5.4.1/../../../../arm-none-eabi/lib/armv7-m\libg_nano.a(lib_a-errno.o)
 .debug_frame   0x00001b00       0x28 c:/program files (x86)/cypress/psoc creator/4.2/psoc creator/import/gnu/arm/5.4.1/bin/../lib/gcc/arm-none-eabi/5.4.1/../../../../arm-none-eabi/lib/armv7-m\libg_nano.a(lib_a-exit.o)
 .debug_frame   0x00001b28       0x2c c:/program files (x86)/cypress/psoc creator/4.2/psoc creator/import/gnu/arm/5.4.1/bin/../lib/gcc/arm-none-eabi/5.4.1/../../../../arm-none-eabi/lib/armv7-m\libg_nano.a(lib_a-init.o)
 .debug_frame   0x00001b54       0x28 c:/program files (x86)/cypress/psoc creator/4.2/psoc creator/import/gnu/arm/5.4.1/bin/../lib/gcc/arm-none-eabi/5.4.1/../../../../arm-none-eabi/lib/armv7-m\libg_nano.a(lib_a-memcpy-stub.o)
 .debug_frame   0x00001b7c       0x20 c:/program files (x86)/cypress/psoc creator/4.2/psoc creator/import/gnu/arm/5.4.1/bin/../lib/gcc/arm-none-eabi/5.4.1/../../../../arm-none-eabi/lib/armv7-m\libg_nano.a(lib_a-memset.o)
 .debug_frame   0x00001b9c       0x70 c:/program files (x86)/cypress/psoc creator/4.2/psoc creator/import/gnu/arm/5.4.1/bin/../lib/gcc/arm-none-eabi/5.4.1/../../../../arm-none-eabi/lib/armv7-m\libg_nano.a(lib_a-sprintf.o)
 .debug_frame   0x00001c0c       0x90 c:/program files (x86)/cypress/psoc creator/4.2/psoc creator/import/gnu/arm/5.4.1/bin/../lib/gcc/arm-none-eabi/5.4.1/../../../../arm-none-eabi/lib/armv7-m\libg_nano.a(lib_a-nano-svfprintf.o)
 .debug_frame   0x00001c9c       0x60 c:/program files (x86)/cypress/psoc creator/4.2/psoc creator/import/gnu/arm/5.4.1/bin/../lib/gcc/arm-none-eabi/5.4.1/../../../../arm-none-eabi/lib/armv7-m\libg_nano.a(lib_a-nano-vfprintf_i.o)
 .debug_frame   0x00001cfc       0x28 c:/program files (x86)/cypress/psoc creator/4.2/psoc creator/import/gnu/arm/5.4.1/bin/../lib/gcc/arm-none-eabi/5.4.1/../../../../arm-none-eabi/lib/armv7-m\libg_nano.a(lib_a-memchr-stub.o)
 .debug_frame   0x00001d24       0x28 c:/program files (x86)/cypress/psoc creator/4.2/psoc creator/import/gnu/arm/5.4.1/bin/../lib/gcc/arm-none-eabi/5.4.1/../../../../arm-none-eabi/lib/armv7-m\libg_nano.a(lib_a-memmove.o)
 .debug_frame   0x00001d4c       0x38 c:/program files (x86)/cypress/psoc creator/4.2/psoc creator/import/gnu/arm/5.4.1/bin/../lib/gcc/arm-none-eabi/5.4.1/../../../../arm-none-eabi/lib/armv7-m\libg_nano.a(lib_a-nano-freer.o)
 .debug_frame   0x00001d84       0x2c c:/program files (x86)/cypress/psoc creator/4.2/psoc creator/import/gnu/arm/5.4.1/bin/../lib/gcc/arm-none-eabi/5.4.1/../../../../arm-none-eabi/lib/armv7-m\libg_nano.a(lib_a-nano-mallocr.o)
 .debug_frame   0x00001db0       0x3c c:/program files (x86)/cypress/psoc creator/4.2/psoc creator/import/gnu/arm/5.4.1/bin/../lib/gcc/arm-none-eabi/5.4.1/../../../../arm-none-eabi/lib/armv7-m\libg_nano.a(lib_a-nano-reallocr.o)
 .debug_frame   0x00001dec       0x2c c:/program files (x86)/cypress/psoc creator/4.2/psoc creator/import/gnu/arm/5.4.1/bin/../lib/gcc/arm-none-eabi/5.4.1/../../../../arm-none-eabi/lib/armv7-m\libg_nano.a(lib_a-sbrkr.o)
 .debug_frame   0x00001e18       0x30 c:/program files (x86)/cypress/psoc creator/4.2/psoc creator/import/gnu/arm/5.4.1/bin/../lib/gcc/arm-none-eabi/5.4.1/../../../../arm-none-eabi/lib/armv7-m\libg_nano.a(lib_a-mlock.o)
 .debug_frame   0x00001e48       0x20 c:/program files (x86)/cypress/psoc creator/4.2/psoc creator/import/gnu/arm/5.4.1/bin/../lib/gcc/arm-none-eabi/5.4.1/../../../../arm-none-eabi/lib/armv7-m\libg_nano.a(lib_a-nano-msizer.o)
 .debug_frame   0x00001e68       0x5c c:/program files (x86)/cypress/psoc creator/4.2/psoc creator/import/gnu/arm/5.4.1/bin/../lib/gcc/arm-none-eabi/5.4.1/../../../../arm-none-eabi/lib/armv7-m\libg_nano.a(lib_a-reent.o)

.debug_str      0x00000000     0x2289
 *(.debug_str)
 .debug_str     0x00000000      0x3da .\CortexM3\ARM_GCC_541\Debug\main.o
                                0x435 (size before relaxing)
 .debug_str     0x000003da       0x71 .\CortexM3\ARM_GCC_541\Debug\myUART.o
                                0x26f (size before relaxing)
 .debug_str     0x0000044b       0x9c .\CortexM3\ARM_GCC_541\Debug\BleCommunicatie.o
                                0x2f1 (size before relaxing)
 .debug_str     0x000004e7      0x1a9 .\CortexM3\ARM_GCC_541\Debug\cyfitter_cfg.o
                                0x36d (size before relaxing)
 .debug_str     0x00000690       0x7f .\CortexM3\ARM_GCC_541\Debug\cymetadata.o
                                0x20d (size before relaxing)
 .debug_str     0x0000070f      0x144 .\CortexM3\ARM_GCC_541\Debug\Cm3Start.o
                                0x333 (size before relaxing)
 .debug_str     0x00000853       0x5b .\CortexM3\ARM_GCC_541\Debug\Roadster1.0.a(LED5.o)
                                0x206 (size before relaxing)
 .debug_str     0x000008ae       0x4b .\CortexM3\ARM_GCC_541\Debug\Roadster1.0.a(LED4.o)
                                0x206 (size before relaxing)
 .debug_str     0x000008f9       0x4b .\CortexM3\ARM_GCC_541\Debug\Roadster1.0.a(LED3.o)
                                0x206 (size before relaxing)
 .debug_str     0x00000944       0x4b .\CortexM3\ARM_GCC_541\Debug\Roadster1.0.a(LED2.o)
                                0x206 (size before relaxing)
 .debug_str     0x0000098f       0x41 .\CortexM3\ARM_GCC_541\Debug\Roadster1.0.a(LED1.o)
                                0x206 (size before relaxing)
 .debug_str     0x000009d0      0x15a .\CortexM3\ARM_GCC_541\Debug\Roadster1.0.a(LCD.o)
                                0x378 (size before relaxing)
 .debug_str     0x00000b2a       0x32 .\CortexM3\ARM_GCC_541\Debug\Roadster1.0.a(LCD_CustChars.o)
                                0x227 (size before relaxing)
 .debug_str     0x00000b5c       0x47 .\CortexM3\ARM_GCC_541\Debug\Roadster1.0.a(ENB.o)
                                0x201 (size before relaxing)
 .debug_str     0x00000ba3       0x47 .\CortexM3\ARM_GCC_541\Debug\Roadster1.0.a(ENA.o)
                                0x201 (size before relaxing)
 .debug_str     0x00000bea      0x23e .\CortexM3\ARM_GCC_541\Debug\Roadster1.0.a(MotorControl.o)
                                0x436 (size before relaxing)
 .debug_str     0x00000e28       0xa9 .\CortexM3\ARM_GCC_541\Debug\Roadster1.0.a(BleVDAC.o)
                                0x25c (size before relaxing)
 .debug_str     0x00000ed1       0x7d .\CortexM3\ARM_GCC_541\Debug\Roadster1.0.a(BleBuffer.o)
                                0x23c (size before relaxing)
 .debug_str     0x00000f4e      0x2a7 .\CortexM3\ARM_GCC_541\Debug\Roadster1.0.a(BleUart.o)
                                0x4fb (size before relaxing)
 .debug_str     0x000011f5      0x117 .\CortexM3\ARM_GCC_541\Debug\Roadster1.0.a(BleRxISR.o)
                                0x2f9 (size before relaxing)
 .debug_str     0x0000130c      0x1a7 .\CortexM3\ARM_GCC_541\Debug\Roadster1.0.a(BleUart_IntClock.o)
                                0x383 (size before relaxing)
 .debug_str     0x000014b3      0x7d4 .\CortexM3\ARM_GCC_541\Debug\Roadster1.0.a(CyLib.o)
                                0xa70 (size before relaxing)
 .debug_str     0x00001c87      0x365 .\CortexM3\ARM_GCC_541\Debug\Roadster1.0.a(cyPm.o)
                                0x75c (size before relaxing)
 .debug_str     0x00001fec       0x36 .\CortexM3\ARM_GCC_541\Debug\Roadster1.0.a(RijRichting.o)
                                0x1ea (size before relaxing)
 .debug_str     0x00002022      0x1bb .\CortexM3\ARM_GCC_541\Debug\Roadster1.0.a(CyFlash.o)
                                0x3e9 (size before relaxing)
 .debug_str     0x000021dd       0xac .\CortexM3\ARM_GCC_541\Debug\Roadster1.0.a(CySpc.o)
                                0x361 (size before relaxing)

.debug_loc      0x00000000     0x281a
 *(.debug_loc)
 .debug_loc     0x00000000      0x201 .\CortexM3\ARM_GCC_541\Debug\main.o
 .debug_loc     0x00000201       0x32 .\CortexM3\ARM_GCC_541\Debug\myUART.o
 .debug_loc     0x00000233      0x128 .\CortexM3\ARM_GCC_541\Debug\BleCommunicatie.o
 .debug_loc     0x0000035b      0x259 .\CortexM3\ARM_GCC_541\Debug\cyfitter_cfg.o
 .debug_loc     0x000005b4      0x144 .\CortexM3\ARM_GCC_541\Debug\Cm3Start.o
 .debug_loc     0x000006f8       0x42 .\CortexM3\ARM_GCC_541\Debug\Roadster1.0.a(LED5.o)
 .debug_loc     0x0000073a       0x42 .\CortexM3\ARM_GCC_541\Debug\Roadster1.0.a(LED4.o)
 .debug_loc     0x0000077c       0x42 .\CortexM3\ARM_GCC_541\Debug\Roadster1.0.a(LED3.o)
 .debug_loc     0x000007be       0x42 .\CortexM3\ARM_GCC_541\Debug\Roadster1.0.a(LED2.o)
 .debug_loc     0x00000800       0x42 .\CortexM3\ARM_GCC_541\Debug\Roadster1.0.a(LED1.o)
 .debug_loc     0x00000842      0x3c6 .\CortexM3\ARM_GCC_541\Debug\Roadster1.0.a(LCD.o)
 .debug_loc     0x00000c08       0x48 .\CortexM3\ARM_GCC_541\Debug\Roadster1.0.a(LCD_CustChars.o)
 .debug_loc     0x00000c50       0x42 .\CortexM3\ARM_GCC_541\Debug\Roadster1.0.a(ENB.o)
 .debug_loc     0x00000c92       0x42 .\CortexM3\ARM_GCC_541\Debug\Roadster1.0.a(ENA.o)
 .debug_loc     0x00000cd4       0x26 .\CortexM3\ARM_GCC_541\Debug\Roadster1.0.a(MotorControl.o)
 .debug_loc     0x00000cfa       0x79 .\CortexM3\ARM_GCC_541\Debug\Roadster1.0.a(BleVDAC.o)
 .debug_loc     0x00000d73       0x21 .\CortexM3\ARM_GCC_541\Debug\Roadster1.0.a(BleBuffer.o)
 .debug_loc     0x00000d94      0x258 .\CortexM3\ARM_GCC_541\Debug\Roadster1.0.a(BleUart.o)
 .debug_loc     0x00000fec       0x56 .\CortexM3\ARM_GCC_541\Debug\Roadster1.0.a(BleRxISR.o)
 .debug_loc     0x00001042      0x12c .\CortexM3\ARM_GCC_541\Debug\Roadster1.0.a(BleUart_IntClock.o)
 .debug_loc     0x0000116e      0xa11 .\CortexM3\ARM_GCC_541\Debug\Roadster1.0.a(CyLib.o)
 .debug_loc     0x00001b7f      0x1e4 .\CortexM3\ARM_GCC_541\Debug\Roadster1.0.a(cyPm.o)
 .debug_loc     0x00001d63      0x3b2 .\CortexM3\ARM_GCC_541\Debug\Roadster1.0.a(CyFlash.o)
 .debug_loc     0x00002115      0x705 .\CortexM3\ARM_GCC_541\Debug\Roadster1.0.a(CySpc.o)

.debug_macinfo
 *(.debug_macinfo)

.debug_ranges   0x00000000      0xa00
 *(.debug_ranges)
 .debug_ranges  0x00000000       0x68 .\CortexM3\ARM_GCC_541\Debug\main.o
 .debug_ranges  0x00000068       0x20 .\CortexM3\ARM_GCC_541\Debug\myUART.o
 .debug_ranges  0x00000088       0x70 .\CortexM3\ARM_GCC_541\Debug\BleCommunicatie.o
 .debug_ranges  0x000000f8       0x48 .\CortexM3\ARM_GCC_541\Debug\cyfitter_cfg.o
 .debug_ranges  0x00000140       0x38 .\CortexM3\ARM_GCC_541\Debug\Cm3Start.o
 .debug_ranges  0x00000178       0x28 .\CortexM3\ARM_GCC_541\Debug\Roadster1.0.a(LED5.o)
 .debug_ranges  0x000001a0       0x28 .\CortexM3\ARM_GCC_541\Debug\Roadster1.0.a(LED4.o)
 .debug_ranges  0x000001c8       0x28 .\CortexM3\ARM_GCC_541\Debug\Roadster1.0.a(LED3.o)
 .debug_ranges  0x000001f0       0x28 .\CortexM3\ARM_GCC_541\Debug\Roadster1.0.a(LED2.o)
 .debug_ranges  0x00000218       0x28 .\CortexM3\ARM_GCC_541\Debug\Roadster1.0.a(LED1.o)
 .debug_ranges  0x00000240       0x88 .\CortexM3\ARM_GCC_541\Debug\Roadster1.0.a(LCD.o)
 .debug_ranges  0x000002c8       0x10 .\CortexM3\ARM_GCC_541\Debug\Roadster1.0.a(LCD_CustChars.o)
 .debug_ranges  0x000002d8       0x28 .\CortexM3\ARM_GCC_541\Debug\Roadster1.0.a(ENB.o)
 .debug_ranges  0x00000300       0x28 .\CortexM3\ARM_GCC_541\Debug\Roadster1.0.a(ENA.o)
 .debug_ranges  0x00000328       0x98 .\CortexM3\ARM_GCC_541\Debug\Roadster1.0.a(MotorControl.o)
 .debug_ranges  0x000003c0       0x48 .\CortexM3\ARM_GCC_541\Debug\Roadster1.0.a(BleVDAC.o)
 .debug_ranges  0x00000408       0x30 .\CortexM3\ARM_GCC_541\Debug\Roadster1.0.a(BleBuffer.o)
 .debug_ranges  0x00000438       0xe0 .\CortexM3\ARM_GCC_541\Debug\Roadster1.0.a(BleUart.o)
 .debug_ranges  0x00000518       0x70 .\CortexM3\ARM_GCC_541\Debug\Roadster1.0.a(BleRxISR.o)
 .debug_ranges  0x00000588       0x60 .\CortexM3\ARM_GCC_541\Debug\Roadster1.0.a(BleUart_IntClock.o)
 .debug_ranges  0x000005e8      0x290 .\CortexM3\ARM_GCC_541\Debug\Roadster1.0.a(CyLib.o)
 .debug_ranges  0x00000878       0x88 .\CortexM3\ARM_GCC_541\Debug\Roadster1.0.a(cyPm.o)
 .debug_ranges  0x00000900       0x18 .\CortexM3\ARM_GCC_541\Debug\Roadster1.0.a(RijRichting.o)
 .debug_ranges  0x00000918       0x78 .\CortexM3\ARM_GCC_541\Debug\Roadster1.0.a(CyFlash.o)
 .debug_ranges  0x00000990       0x70 .\CortexM3\ARM_GCC_541\Debug\Roadster1.0.a(CySpc.o)

.comment        0x00000000       0x6e
 .comment       0x00000000       0x6e .\CortexM3\ARM_GCC_541\Debug\main.o
                                 0x6f (size before relaxing)
 .comment       0x0000006e       0x6f .\CortexM3\ARM_GCC_541\Debug\myUART.o
 .comment       0x0000006e       0x6f .\CortexM3\ARM_GCC_541\Debug\BleCommunicatie.o
 .comment       0x0000006e       0x6f .\CortexM3\ARM_GCC_541\Debug\cyfitter_cfg.o
 .comment       0x0000006e       0x6f .\CortexM3\ARM_GCC_541\Debug\cymetadata.o
 .comment       0x0000006e       0x6f .\CortexM3\ARM_GCC_541\Debug\Cm3Start.o
 .comment       0x0000006e       0x6f .\CortexM3\ARM_GCC_541\Debug\Roadster1.0.a(LED5.o)
 .comment       0x0000006e       0x6f .\CortexM3\ARM_GCC_541\Debug\Roadster1.0.a(LED4.o)
 .comment       0x0000006e       0x6f .\CortexM3\ARM_GCC_541\Debug\Roadster1.0.a(LED3.o)
 .comment       0x0000006e       0x6f .\CortexM3\ARM_GCC_541\Debug\Roadster1.0.a(LED2.o)
 .comment       0x0000006e       0x6f .\CortexM3\ARM_GCC_541\Debug\Roadster1.0.a(LED1.o)
 .comment       0x0000006e       0x6f .\CortexM3\ARM_GCC_541\Debug\Roadster1.0.a(LCD.o)
 .comment       0x0000006e       0x6f .\CortexM3\ARM_GCC_541\Debug\Roadster1.0.a(LCD_CustChars.o)
 .comment       0x0000006e       0x6f .\CortexM3\ARM_GCC_541\Debug\Roadster1.0.a(ENB.o)
 .comment       0x0000006e       0x6f .\CortexM3\ARM_GCC_541\Debug\Roadster1.0.a(ENA.o)
 .comment       0x0000006e       0x6f .\CortexM3\ARM_GCC_541\Debug\Roadster1.0.a(MotorControl.o)
 .comment       0x0000006e       0x6f .\CortexM3\ARM_GCC_541\Debug\Roadster1.0.a(BleVDAC.o)
 .comment       0x0000006e       0x6f .\CortexM3\ARM_GCC_541\Debug\Roadster1.0.a(BleBuffer.o)
 .comment       0x0000006e       0x6f .\CortexM3\ARM_GCC_541\Debug\Roadster1.0.a(BleUart.o)
 .comment       0x0000006e       0x6f .\CortexM3\ARM_GCC_541\Debug\Roadster1.0.a(BleRxISR.o)
 .comment       0x0000006e       0x6f .\CortexM3\ARM_GCC_541\Debug\Roadster1.0.a(BleUart_IntClock.o)
 .comment       0x0000006e       0x6f .\CortexM3\ARM_GCC_541\Debug\Roadster1.0.a(CyLib.o)
 .comment       0x0000006e       0x6f .\CortexM3\ARM_GCC_541\Debug\Roadster1.0.a(cyPm.o)
 .comment       0x0000006e       0x6f .\CortexM3\ARM_GCC_541\Debug\Roadster1.0.a(RijRichting.o)
 .comment       0x0000006e       0x6f .\CortexM3\ARM_GCC_541\Debug\Roadster1.0.a(CyFlash.o)
 .comment       0x0000006e       0x6f .\CortexM3\ARM_GCC_541\Debug\Roadster1.0.a(CySpc.o)

.debug_weaknames
 *(.debug_weaknames)

.debug_funcnames
 *(.debug_funcnames)

.debug_typenames
 *(.debug_typenames)

.debug_varnames
 *(.debug_varnames)

.note.gnu.arm.ident
 *(.note.gnu.arm.ident)

.ARM.attributes
                0x00000000       0x29
 *(.ARM.attributes)
 .ARM.attributes
                0x00000000       0x1d c:/program files (x86)/cypress/psoc creator/4.2/psoc creator/import/gnu/arm/5.4.1/bin/../lib/gcc/arm-none-eabi/5.4.1/armv7-m/crti.o
 .ARM.attributes
                0x0000001d       0x2d c:/program files (x86)/cypress/psoc creator/4.2/psoc creator/import/gnu/arm/5.4.1/bin/../lib/gcc/arm-none-eabi/5.4.1/armv7-m/crtbegin.o
 .ARM.attributes
                0x0000004a       0x1b c:/program files (x86)/cypress/psoc creator/4.2/psoc creator/import/gnu/arm/5.4.1/bin/../lib/gcc/arm-none-eabi/5.4.1/../../../../arm-none-eabi/lib/armv7-m/crt0.o
 .ARM.attributes
                0x00000065       0x33 .\CortexM3\ARM_GCC_541\Debug\main.o
 .ARM.attributes
                0x00000098       0x33 .\CortexM3\ARM_GCC_541\Debug\myUART.o
 .ARM.attributes
                0x000000cb       0x33 .\CortexM3\ARM_GCC_541\Debug\BleCommunicatie.o
 .ARM.attributes
                0x000000fe       0x33 .\CortexM3\ARM_GCC_541\Debug\cyfitter_cfg.o
 .ARM.attributes
                0x00000131       0x33 .\CortexM3\ARM_GCC_541\Debug\cymetadata.o
 .ARM.attributes
                0x00000164       0x33 .\CortexM3\ARM_GCC_541\Debug\Cm3Start.o
 .ARM.attributes
                0x00000197       0x33 .\CortexM3\ARM_GCC_541\Debug\Roadster1.0.a(LED5.o)
 .ARM.attributes
                0x000001ca       0x33 .\CortexM3\ARM_GCC_541\Debug\Roadster1.0.a(LED4.o)
 .ARM.attributes
                0x000001fd       0x33 .\CortexM3\ARM_GCC_541\Debug\Roadster1.0.a(LED3.o)
 .ARM.attributes
                0x00000230       0x33 .\CortexM3\ARM_GCC_541\Debug\Roadster1.0.a(LED2.o)
 .ARM.attributes
                0x00000263       0x33 .\CortexM3\ARM_GCC_541\Debug\Roadster1.0.a(LED1.o)
 .ARM.attributes
                0x00000296       0x33 .\CortexM3\ARM_GCC_541\Debug\Roadster1.0.a(LCD.o)
 .ARM.attributes
                0x000002c9       0x33 .\CortexM3\ARM_GCC_541\Debug\Roadster1.0.a(LCD_CustChars.o)
 .ARM.attributes
                0x000002fc       0x33 .\CortexM3\ARM_GCC_541\Debug\Roadster1.0.a(ENB.o)
 .ARM.attributes
                0x0000032f       0x33 .\CortexM3\ARM_GCC_541\Debug\Roadster1.0.a(ENA.o)
 .ARM.attributes
                0x00000362       0x33 .\CortexM3\ARM_GCC_541\Debug\Roadster1.0.a(MotorControl.o)
 .ARM.attributes
                0x00000395       0x33 .\CortexM3\ARM_GCC_541\Debug\Roadster1.0.a(BleVDAC.o)
 .ARM.attributes
                0x000003c8       0x33 .\CortexM3\ARM_GCC_541\Debug\Roadster1.0.a(BleBuffer.o)
 .ARM.attributes
                0x000003fb       0x33 .\CortexM3\ARM_GCC_541\Debug\Roadster1.0.a(BleUart.o)
 .ARM.attributes
                0x0000042e       0x33 .\CortexM3\ARM_GCC_541\Debug\Roadster1.0.a(BleRxISR.o)
 .ARM.attributes
                0x00000461       0x33 .\CortexM3\ARM_GCC_541\Debug\Roadster1.0.a(BleUart_IntClock.o)
 .ARM.attributes
                0x00000494       0x33 .\CortexM3\ARM_GCC_541\Debug\Roadster1.0.a(CyLib.o)
 .ARM.attributes
                0x000004c7       0x33 .\CortexM3\ARM_GCC_541\Debug\Roadster1.0.a(cyPm.o)
 .ARM.attributes
                0x000004fa       0x33 .\CortexM3\ARM_GCC_541\Debug\Roadster1.0.a(RijRichting.o)
 .ARM.attributes
                0x0000052d       0x21 .\CortexM3\ARM_GCC_541\Debug\Roadster1.0.a(CyBootAsmGnu.o)
 .ARM.attributes
                0x0000054e       0x33 .\CortexM3\ARM_GCC_541\Debug\Roadster1.0.a(CyFlash.o)
 .ARM.attributes
                0x00000581       0x33 .\CortexM3\ARM_GCC_541\Debug\Roadster1.0.a(CySpc.o)
 .ARM.attributes
                0x000005b4       0x2d c:/program files (x86)/cypress/psoc creator/4.2/psoc creator/import/gnu/arm/5.4.1/bin/../lib/gcc/arm-none-eabi/5.4.1/../../../../arm-none-eabi/lib/armv7-m\libg_nano.a(lib_a-errno.o)
 .ARM.attributes
                0x000005e1       0x2d c:/program files (x86)/cypress/psoc creator/4.2/psoc creator/import/gnu/arm/5.4.1/bin/../lib/gcc/arm-none-eabi/5.4.1/../../../../arm-none-eabi/lib/armv7-m\libg_nano.a(lib_a-exit.o)
 .ARM.attributes
                0x0000060e       0x2d c:/program files (x86)/cypress/psoc creator/4.2/psoc creator/import/gnu/arm/5.4.1/bin/../lib/gcc/arm-none-eabi/5.4.1/../../../../arm-none-eabi/lib/armv7-m\libg_nano.a(lib_a-impure.o)
 .ARM.attributes
                0x0000063b       0x2d c:/program files (x86)/cypress/psoc creator/4.2/psoc creator/import/gnu/arm/5.4.1/bin/../lib/gcc/arm-none-eabi/5.4.1/../../../../arm-none-eabi/lib/armv7-m\libg_nano.a(lib_a-init.o)
 .ARM.attributes
                0x00000668       0x2d c:/program files (x86)/cypress/psoc creator/4.2/psoc creator/import/gnu/arm/5.4.1/bin/../lib/gcc/arm-none-eabi/5.4.1/../../../../arm-none-eabi/lib/armv7-m\libg_nano.a(lib_a-memcpy-stub.o)
 .ARM.attributes
                0x00000695       0x2d c:/program files (x86)/cypress/psoc creator/4.2/psoc creator/import/gnu/arm/5.4.1/bin/../lib/gcc/arm-none-eabi/5.4.1/../../../../arm-none-eabi/lib/armv7-m\libg_nano.a(lib_a-memset.o)
 .ARM.attributes
                0x000006c2       0x2d c:/program files (x86)/cypress/psoc creator/4.2/psoc creator/import/gnu/arm/5.4.1/bin/../lib/gcc/arm-none-eabi/5.4.1/../../../../arm-none-eabi/lib/armv7-m\libg_nano.a(lib_a-sprintf.o)
 .ARM.attributes
                0x000006ef       0x17 c:/program files (x86)/cypress/psoc creator/4.2/psoc creator/import/gnu/arm/5.4.1/bin/../lib/gcc/arm-none-eabi/5.4.1/../../../../arm-none-eabi/lib/armv7-m\libg_nano.a(lib_a-strlen.o)
 .ARM.attributes
                0x00000706       0x2d c:/program files (x86)/cypress/psoc creator/4.2/psoc creator/import/gnu/arm/5.4.1/bin/../lib/gcc/arm-none-eabi/5.4.1/../../../../arm-none-eabi/lib/armv7-m\libg_nano.a(lib_a-nano-svfprintf.o)
 .ARM.attributes
                0x00000733       0x2d c:/program files (x86)/cypress/psoc creator/4.2/psoc creator/import/gnu/arm/5.4.1/bin/../lib/gcc/arm-none-eabi/5.4.1/../../../../arm-none-eabi/lib/armv7-m\libg_nano.a(lib_a-nano-vfprintf_i.o)
 .ARM.attributes
                0x00000760       0x2d c:/program files (x86)/cypress/psoc creator/4.2/psoc creator/import/gnu/arm/5.4.1/bin/../lib/gcc/arm-none-eabi/5.4.1/../../../../arm-none-eabi/lib/armv7-m\libg_nano.a(lib_a-memchr-stub.o)
 .ARM.attributes
                0x0000078d       0x2d c:/program files (x86)/cypress/psoc creator/4.2/psoc creator/import/gnu/arm/5.4.1/bin/../lib/gcc/arm-none-eabi/5.4.1/../../../../arm-none-eabi/lib/armv7-m\libg_nano.a(lib_a-memmove.o)
 .ARM.attributes
                0x000007ba       0x2d c:/program files (x86)/cypress/psoc creator/4.2/psoc creator/import/gnu/arm/5.4.1/bin/../lib/gcc/arm-none-eabi/5.4.1/../../../../arm-none-eabi/lib/armv7-m\libg_nano.a(lib_a-nano-freer.o)
 .ARM.attributes
                0x000007e7       0x2d c:/program files (x86)/cypress/psoc creator/4.2/psoc creator/import/gnu/arm/5.4.1/bin/../lib/gcc/arm-none-eabi/5.4.1/../../../../arm-none-eabi/lib/armv7-m\libg_nano.a(lib_a-nano-mallocr.o)
 .ARM.attributes
                0x00000814       0x2d c:/program files (x86)/cypress/psoc creator/4.2/psoc creator/import/gnu/arm/5.4.1/bin/../lib/gcc/arm-none-eabi/5.4.1/../../../../arm-none-eabi/lib/armv7-m\libg_nano.a(lib_a-nano-reallocr.o)
 .ARM.attributes
                0x00000841       0x2d c:/program files (x86)/cypress/psoc creator/4.2/psoc creator/import/gnu/arm/5.4.1/bin/../lib/gcc/arm-none-eabi/5.4.1/../../../../arm-none-eabi/lib/armv7-m\libg_nano.a(lib_a-sbrkr.o)
 .ARM.attributes
                0x0000086e       0x2d c:/program files (x86)/cypress/psoc creator/4.2/psoc creator/import/gnu/arm/5.4.1/bin/../lib/gcc/arm-none-eabi/5.4.1/../../../../arm-none-eabi/lib/armv7-m\libg_nano.a(lib_a-mlock.o)
 .ARM.attributes
                0x0000089b       0x2d c:/program files (x86)/cypress/psoc creator/4.2/psoc creator/import/gnu/arm/5.4.1/bin/../lib/gcc/arm-none-eabi/5.4.1/../../../../arm-none-eabi/lib/armv7-m\libg_nano.a(lib_a-nano-msizer.o)
 .ARM.attributes
                0x000008c8       0x2d c:/program files (x86)/cypress/psoc creator/4.2/psoc creator/import/gnu/arm/5.4.1/bin/../lib/gcc/arm-none-eabi/5.4.1/../../../../arm-none-eabi/lib/armv7-m\libg_nano.a(lib_a-reent.o)
 .ARM.attributes
                0x000008f5       0x2d c:/program files (x86)/cypress/psoc creator/4.2/psoc creator/import/gnu/arm/5.4.1/bin/../lib/gcc/arm-none-eabi/5.4.1/armv7-m/crtend.o
 .ARM.attributes
                0x00000922       0x1d c:/program files (x86)/cypress/psoc creator/4.2/psoc creator/import/gnu/arm/5.4.1/bin/../lib/gcc/arm-none-eabi/5.4.1/armv7-m/crtn.o

/DISCARD/
 *(.note.GNU-stack)
OUTPUT(C:\Users\basile.berckmoes\Documents\GitHub\RobotComp2ELO\Software\PSoc\Roadster\Roadster\Roadster1.0.cydsn\CortexM3\ARM_GCC_541\Debug\Roadster1.0.elf elf32-littlearm)
